Archive member included to satisfy reference by file (symbol)

spm/spm_app/libspm_app.a(main.c.obj)
                              (--whole-archive)
spm/zephyr/libspm_zephyr.a(crc32_sw.c.obj)
                              (--whole-archive)
spm/zephyr/libspm_zephyr.a(crc16_sw.c.obj)
                              (--whole-archive)
spm/zephyr/libspm_zephyr.a(crc8_sw.c.obj)
                              (--whole-archive)
spm/zephyr/libspm_zephyr.a(crc7_sw.c.obj)
                              (--whole-archive)
spm/zephyr/libspm_zephyr.a(dec.c.obj)
                              (--whole-archive)
spm/zephyr/libspm_zephyr.a(fdtable.c.obj)
                              (--whole-archive)
spm/zephyr/libspm_zephyr.a(hex.c.obj)
                              (--whole-archive)
spm/zephyr/libspm_zephyr.a(mempool.c.obj)
                              (--whole-archive)
spm/zephyr/libspm_zephyr.a(rb.c.obj)
                              (--whole-archive)
spm/zephyr/libspm_zephyr.a(sem.c.obj)
                              (--whole-archive)
spm/zephyr/libspm_zephyr.a(thread_entry.c.obj)
                              (--whole-archive)
spm/zephyr/libspm_zephyr.a(timeutil.c.obj)
                              (--whole-archive)
spm/zephyr/libspm_zephyr.a(work_q.c.obj)
                              (--whole-archive)
spm/zephyr/libspm_zephyr.a(printk.c.obj)
                              (--whole-archive)
spm/zephyr/libspm_zephyr.a(configs.c.obj)
                              (--whole-archive)
spm/zephyr/libspm_zephyr.a(soc.c.obj)
                              (--whole-archive)
spm/zephyr/libspm_zephyr.a(mpu_regions.c.obj)
                              (--whole-archive)
spm/zephyr/libspm_zephyr.a(validate_base_addresses.c.obj)
                              (--whole-archive)
spm/zephyr/libspm_zephyr.a(power.c.obj)
                              (--whole-archive)
spm/zephyr/libspm_zephyr.a(policy_residency.c.obj)
                              (--whole-archive)
spm/zephyr/libspm_zephyr.a(uart_console.c.obj)
                              (--whole-archive)
spm/zephyr/libspm_zephyr.a(nrf_power_clock.c.obj)
                              (--whole-archive)
spm/zephyr/libspm_zephyr.a(sys_clock_init.c.obj)
                              (--whole-archive)
spm/zephyr/libspm_zephyr.a(nrf_rtc_timer.c.obj)
                              (--whole-archive)
spm/zephyr/libspm_zephyr.a(spm.c.obj)
                              (--whole-archive)
spm/zephyr/libspm_zephyr.a(secure_services.c.obj)
                              (--whole-archive)
spm/zephyr/libspm_zephyr.a(nrf_cc310_platform_abort_zephyr.c.obj)
                              (--whole-archive)
spm/zephyr/libspm_zephyr.a(nrf_cc310_platform_mutex_zephyr.c.obj)
                              (--whole-archive)
spm/zephyr/arch/common/libspm_arch__common.a(isr_tables.c.obj)
                              (--whole-archive)
spm/zephyr/arch/common/libspm_arch__common.a(sw_isr_common.c.obj)
                              (--whole-archive)
spm/zephyr/arch/arch/arm/core/libspm_arch__arm__core.a(exc_exit.S.obj)
                              (--whole-archive)
spm/zephyr/arch/arch/arm/core/libspm_arch__arm__core.a(swap.c.obj)
                              (--whole-archive)
spm/zephyr/arch/arch/arm/core/libspm_arch__arm__core.a(swap_helper.S.obj)
                              (--whole-archive)
spm/zephyr/arch/arch/arm/core/libspm_arch__arm__core.a(irq_manage.c.obj)
                              (--whole-archive)
spm/zephyr/arch/arch/arm/core/libspm_arch__arm__core.a(thread.c.obj)
                              (--whole-archive)
spm/zephyr/arch/arch/arm/core/libspm_arch__arm__core.a(cpu_idle.S.obj)
                              (--whole-archive)
spm/zephyr/arch/arch/arm/core/libspm_arch__arm__core.a(fault_s.S.obj)
                              (--whole-archive)
spm/zephyr/arch/arch/arm/core/libspm_arch__arm__core.a(fatal.c.obj)
                              (--whole-archive)
spm/zephyr/arch/arch/arm/core/libspm_arch__arm__core.a(nmi.c.obj)
                              (--whole-archive)
spm/zephyr/arch/arch/arm/core/libspm_arch__arm__core.a(nmi_on_reset.S.obj)
                              (--whole-archive)
spm/zephyr/arch/arch/arm/core/libspm_arch__arm__core.a(prep_c.c.obj)
                              (--whole-archive)
spm/zephyr/arch/arch/arm/core/libspm_arch__arm__core.a(isr_wrapper.S.obj)
                              (--whole-archive)
spm/zephyr/arch/arch/arm/core/cortex_m/libspm_arch__arm__core__cortex_m.a(vector_table.S.obj)
                              (--whole-archive)
spm/zephyr/arch/arch/arm/core/cortex_m/libspm_arch__arm__core__cortex_m.a(reset.S.obj)
                              (--whole-archive)
spm/zephyr/arch/arch/arm/core/cortex_m/libspm_arch__arm__core__cortex_m.a(fault.c.obj)
                              (--whole-archive)
spm/zephyr/arch/arch/arm/core/cortex_m/libspm_arch__arm__core__cortex_m.a(scb.c.obj)
                              (--whole-archive)
[...]
Memory Configuration

Name             Origin             Length             Attributes
FLASH            0x0000000000000000 0x000000000000c000 xr
SRAM             0x0000000020000000 0x0000000000010000 xw
IDT_LIST         0x0000000020010000 0x0000000000000800 xw
*default*        0x0000000000000000 0xffffffffffffffff

Linker script and memory map

LOAD spm/zephyr/CMakeFiles/spm_zephyr_prebuilt.dir/misc/empty_file.c.obj
                0x0000000000000020                _region_min_align = 0x20

.rel.plt        0x0000000000000000        0x0
 *(SORT_BY_ALIGNMENT(.rel.plt))
                [!provide]                        PROVIDE (__rel_iplt_start = .)
 *(SORT_BY_ALIGNMENT(.rel.iplt))
 .rel.iplt      0x0000000000000000        0x0 spm/spm_app/libspm_app.a(main.c.obj)
                [!provide]                        PROVIDE (__rel_iplt_end = .)

.rela.plt       0x0000000000000000        0x0
 *(SORT_BY_ALIGNMENT(.rela.plt))
                [!provide]                        PROVIDE (__rela_iplt_start = .)
 *(SORT_BY_ALIGNMENT(.rela.iplt))
                [!provide]                        PROVIDE (__rela_iplt_end = .)

.rel.dyn
 *(SORT_BY_ALIGNMENT(.rel.*))

.rela.dyn
 *(SORT_BY_ALIGNMENT(.rela.*))

/DISCARD/
 *(SORT_BY_ALIGNMENT(.plt))
 *(SORT_BY_ALIGNMENT(.iplt))
 *(SORT_BY_ALIGNMENT(.got.plt))
 *(SORT_BY_ALIGNMENT(.igot.plt))
 *(SORT_BY_ALIGNMENT(.got))
 *(SORT_BY_ALIGNMENT(.igot))
 *(SORT_BY_ALIGNMENT(.note.GNU-stack))
                0x0000000000000000                _image_rom_start = 0x0

text            0x0000000000000000      0x220
                0x0000000000000000                . = 0x0
                0x0000000000000000                _vector_start = .
 *(SORT_BY_ALIGNMENT(.exc_vector_table))
 *(SORT_BY_ALIGNMENT(.exc_vector_table.*))
 .exc_vector_table._vector_table_section
                0x0000000000000000       0x40 spm/zephyr/arch/arch/arm/core/cortex_m/libspm_arch__arm__core__cortex_m.a(vector_table.S.obj)
                0x0000000000000000                _vector_table
 *(SORT_BY_ALIGNMENT(.gnu.linkonce.irq_vector_table))
 .gnu.linkonce.irq_vector_table
                0x0000000000000040      0x104 spm/zephyr/arch/common/libspm_arch__common.a(isr_tables.c.obj)
                0x0000000000000040                _irq_vector_table
 *(SORT_BY_ALIGNMENT(.vectors))
 *(SORT_BY_ALIGNMENT(.openocd_dbg))
 *(SORT_BY_ALIGNMENT(.openocd_dbg.*))
                0x0000000000000144                _vector_end = .
                0x0000000000000200                . = 0x200
 *fill*         0x0000000000000144       0xbc 
 *(SORT_BY_ALIGNMENT(.firmware_info))
 .firmware_info
                0x0000000000000200       0x20 spm/zephyr/modules/nrf/subsys/fw_info/libspm_..__nrf__subsys__fw_info.a(fw_info.c.obj)
                0x0000000000000200                m_firmware_info

_TEXT_SECTION_NAME_2
                0x0000000000000220     0x3df6
                0x0000000000000220                _image_text_start = .
 *(SORT_BY_ALIGNMENT(.text))
 .text          0x0000000000000220       0x30 /opt/gnuarmemb/bin/../lib/gcc/arm-none-eabi/8.3.1/thumb/v8-m.main+fp/hard/libgcc.a(_aeabi_uldivmod.o)
                0x0000000000000220                __aeabi_uldivmod
 .text          0x0000000000000250      0x2c8 /opt/gnuarmemb/bin/../lib/gcc/arm-none-eabi/8.3.1/thumb/v8-m.main+fp/hard/libgcc.a(_udivmoddi4.o)
                0x0000000000000250                __udivmoddi4
 .text          0x0000000000000518        0x4 /opt/gnuarmemb/bin/../lib/gcc/arm-none-eabi/8.3.1/thumb/v8-m.main+fp/hard/libgcc.a(_dvmd_tls.o)
                0x0000000000000518                __aeabi_ldiv0
                0x0000000000000518                __aeabi_idiv0
 .text          0x000000000000051c       0x5c /opt/gnuarmemb/bin/../lib/gcc/arm-none-eabi/8.3.1/thumb/v8-m.main+fp/hard/libgcc.a(cmse_nonsecure_call.o)
                0x000000000000051c                __gnu_cmse_nonsecure_call
 *(SORT_BY_ALIGNMENT(.text.*))
 .text.char_out
                0x0000000000000578       0x10 spm/zephyr/libspm_zephyr.a(printk.c.obj)
 .text._printk_dec_ulong
                0x0000000000000588       0x98 spm/zephyr/libspm_zephyr.a(printk.c.obj)
 .text.__printk_hook_install
                0x0000000000000620        0xc spm/zephyr/libspm_zephyr.a(printk.c.obj)
                0x0000000000000620                __printk_hook_install
 .text.vprintk  0x000000000000062c       0x1c spm/zephyr/libspm_zephyr.a(printk.c.obj)
                0x000000000000062c                vprintk
 .text.nordicsemi_nrf91_init
                0x0000000000000648       0x28 spm/zephyr/libspm_zephyr.a(soc.c.obj)
 .text.console_out
                0x0000000000000670       0x28 spm/zephyr/libspm_zephyr.a(uart_console.c.obj)
 .text.uart_console_hook_install
                0x0000000000000698       0x18 spm/zephyr/libspm_zephyr.a(uart_console.c.obj)
                0x0000000000000698                uart_console_hook_install
 .text.uart_console_init
                0x00000000000006b0       0x1c spm/zephyr/libspm_zephyr.a(uart_console.c.obj)
 .text.nrf_power_clock_isr
                0x00000000000006cc       0x58 spm/zephyr/libspm_zephyr.a(nrf_power_clock.c.obj)
                0x00000000000006cc                nrf_power_clock_isr
 .text.rtc1_nrf_isr
                0x0000000000000724       0x40 spm/zephyr/libspm_zephyr.a(nrf_rtc_timer.c.obj)
                0x0000000000000724                rtc1_nrf_isr
 .text.z_clock_driver_init
                0x0000000000000764       0x78 spm/zephyr/libspm_zephyr.a(nrf_rtc_timer.c.obj)
                0x0000000000000764                z_clock_driver_init
 .text.z_clock_set_timeout
                0x00000000000007dc       0x9c spm/zephyr/libspm_zephyr.a(nrf_rtc_timer.c.obj)
                0x00000000000007dc                z_clock_set_timeout
 .text.z_clock_elapsed
                0x0000000000000878       0x34 spm/zephyr/libspm_zephyr.a(nrf_rtc_timer.c.obj)
                0x0000000000000878                z_clock_elapsed
 .text.spm_config_peripheral.constprop.1
                0x00000000000008ac       0x5c spm/zephyr/libspm_zephyr.a(spm.c.obj)
 .text.spm_jump
                0x0000000000000908       0xd4 spm/zephyr/libspm_zephyr.a(spm.c.obj)
                0x0000000000000908                spm_jump
 .text.spm_config
                0x00000000000009dc      0x228 spm/zephyr/libspm_zephyr.a(spm.c.obj)
                0x00000000000009dc                spm_config
 .text.spm_request_read
                0x0000000000000c04       0xb0 spm/zephyr/libspm_zephyr.a(secure_services.c.obj)
                0x0000000000000c04                __acle_se_spm_request_read
 .text.spm_firmware_info
                0x0000000000000cb4      0x100 spm/zephyr/libspm_zephyr.a(secure_services.c.obj)
                0x0000000000000cb4                __acle_se_spm_firmware_info
 .text.nrf_cc310_platform_abort_init
                0x0000000000000db4        0xc spm/zephyr/libspm_zephyr.a(nrf_cc310_platform_abort_zephyr.c.obj)
                0x0000000000000db4                nrf_cc310_platform_abort_init
 .text.mutex_unlock
                0x0000000000000dc0       0x20 spm/zephyr/libspm_zephyr.a(nrf_cc310_platform_mutex_zephyr.c.obj)
 .text.mutex_free
                0x0000000000000de0       0x40 spm/zephyr/libspm_zephyr.a(nrf_cc310_platform_mutex_zephyr.c.obj)
 .text.mutex_init
                0x0000000000000e20       0x64 spm/zephyr/libspm_zephyr.a(nrf_cc310_platform_mutex_zephyr.c.obj)
 .text.mutex_lock
                0x0000000000000e84       0x30 spm/zephyr/libspm_zephyr.a(nrf_cc310_platform_mutex_zephyr.c.obj)
 .text.nrf_cc310_platform_mutex_init
                0x0000000000000eb4       0x2c spm/zephyr/libspm_zephyr.a(nrf_cc310_platform_mutex_zephyr.c.obj)
                0x0000000000000eb4                nrf_cc310_platform_mutex_init
 .text._HandlerModeExit
                0x0000000000000ee0       0x1c spm/zephyr/arch/arch/arm/core/libspm_arch__arm__core.a(exc_exit.S.obj)
                0x0000000000000ee0                z_arm_exc_exit
                0x0000000000000ee0                z_arm_int_exit
 .text.arch_swap
                0x0000000000000efc       0x34 spm/zephyr/arch/arch/arm/core/libspm_arch__arm__core.a(swap.c.obj)
                0x0000000000000efc                arch_swap
 .text.z_arm_pendsv
                0x0000000000000f30       0x54 spm/zephyr/arch/arch/arm/core/libspm_arch__arm__core.a(swap_helper.S.obj)
                0x0000000000000f30                z_arm_pendsv
 .text.z_arm_svc
                0x0000000000000f84       0x20 spm/zephyr/arch/arch/arm/core/libspm_arch__arm__core.a(swap_helper.S.obj)
                0x0000000000000f84                z_arm_svc
 .text.arch_irq_enable
                0x0000000000000fa4       0x20 spm/zephyr/arch/arch/arm/core/libspm_arch__arm__core.a(irq_manage.c.obj)
                0x0000000000000fa4                arch_irq_enable
 .text.z_arm_irq_priority_set
                0x0000000000000fc4       0x30 spm/zephyr/arch/arch/arm/core/libspm_arch__arm__core.a(irq_manage.c.obj)
                0x0000000000000fc4                z_arm_irq_priority_set
 .text.arch_new_thread
                0x0000000000000ff4       0x44 spm/zephyr/arch/arch/arm/core/libspm_arch__arm__core.a(thread.c.obj)
                0x0000000000000ff4                arch_new_thread
 .text.arch_switch_to_main_thread
                0x0000000000001038       0x44 spm/zephyr/arch/arch/arm/core/libspm_arch__arm__core.a(thread.c.obj)
                0x0000000000001038                arch_switch_to_main_thread
 .text.z_arm_cpu_idle_init
                0x000000000000107c        0xc spm/zephyr/arch/arch/arm/core/libspm_arch__arm__core.a(cpu_idle.S.obj)
                0x000000000000107c                z_arm_cpu_idle_init
 .text.arch_cpu_idle
                0x0000000000001088        0xc spm/zephyr/arch/arch/arm/core/libspm_arch__arm__core.a(cpu_idle.S.obj)
                0x0000000000001088                arch_cpu_idle
 .text.__fault  0x0000000000001094       0x14 spm/zephyr/arch/arch/arm/core/libspm_arch__arm__core.a(fault_s.S.obj)
                0x0000000000001094                z_arm_secure_fault
                0x0000000000001094                z_arm_bus_fault
                0x0000000000001094                z_arm_usage_fault
                0x0000000000001094                z_arm_mpu_fault
                0x0000000000001094                z_arm_reserved
                0x0000000000001094                z_arm_debug_monitor
                0x0000000000001094                z_arm_hard_fault
 .text.z_SysNmiOnReset
                0x00000000000010a8        0x8 spm/zephyr/arch/arch/arm/core/libspm_arch__arm__core.a(nmi_on_reset.S.obj)
                0x00000000000010a8                z_SysNmiOnReset
 .text.z_arm_prep_c
                0x00000000000010b0       0x54 spm/zephyr/arch/arch/arm/core/libspm_arch__arm__core.a(prep_c.c.obj)
                0x00000000000010b0                z_arm_prep_c
 .text._isr_wrapper
                0x0000000000001104       0x40 spm/zephyr/arch/arch/arm/core/libspm_arch__arm__core.a(isr_wrapper.S.obj)
                0x0000000000001104                _isr_wrapper
 .text._reset_section
                0x0000000000001144       0x30 spm/zephyr/arch/arch/arm/core/cortex_m/libspm_arch__arm__core__cortex_m.a(reset.S.obj)
                0x0000000000001144                z_arm_reset
                0x0000000000001144                __start
 .text.mem_manage_fault.isra.2
                0x0000000000001174       0x38 spm/zephyr/arch/arch/arm/core/cortex_m/libspm_arch__arm__core__cortex_m.a(fault.c.obj)
 .text.bus_fault.isra.3
                0x00000000000011ac       0x3c spm/zephyr/arch/arch/arm/core/cortex_m/libspm_arch__arm__core__cortex_m.a(fault.c.obj)
 .text.usage_fault.isra.4
                0x00000000000011e8       0x24 spm/zephyr/arch/arch/arm/core/cortex_m/libspm_arch__arm__core__cortex_m.a(fault.c.obj)
 .text.secure_fault.isra.5
                0x000000000000120c       0x3c spm/zephyr/arch/arch/arm/core/cortex_m/libspm_arch__arm__core__cortex_m.a(fault.c.obj)
 .text.z_arm_fault
                0x0000000000001248      0x118 spm/zephyr/arch/arch/arm/core/cortex_m/libspm_arch__arm__core__cortex_m.a(fault.c.obj)
                0x0000000000001248                z_arm_fault
 .text.z_arm_fault_init
                0x0000000000001360       0x10 spm/zephyr/arch/arch/arm/core/cortex_m/libspm_arch__arm__core__cortex_m.a(fault.c.obj)
                0x0000000000001360                z_arm_fault_init
 .text.z_arm_int_lib_init
                0x0000000000001370       0x18 spm/zephyr/arch/arch/arm/core/cortex_m/libspm_arch__arm__core__cortex_m.a(irq_init.c.obj)
                0x0000000000001370                z_arm_int_lib_init
 .text.z_impl_k_thread_abort
                0x0000000000001388       0x4c spm/zephyr/arch/arch/arm/core/cortex_m/libspm_arch__arm__core__cortex_m.a(thread_abort.c.obj)
                0x0000000000001388                z_impl_k_thread_abort
 .text.z_arm_configure_static_mpu_regions
                0x00000000000013d4       0x54 spm/zephyr/arch/arch/arm/core/cortex_m/mpu/libspm_arch__arm__core__cortex_m__mpu.a(arm_core_mpu.c.obj)
                0x00000000000013d4                z_arm_configure_static_mpu_regions
 .text.region_init
                0x0000000000001428       0x30 spm/zephyr/arch/arch/arm/core/cortex_m/mpu/libspm_arch__arm__core__cortex_m__mpu.a(arm_mpu.c.obj)
 .text.arm_core_mpu_enable
                0x0000000000001458       0x14 spm/zephyr/arch/arch/arm/core/cortex_m/mpu/libspm_arch__arm__core__cortex_m__mpu.a(arm_mpu.c.obj)
                0x0000000000001458                arm_core_mpu_enable
 .text.arm_core_mpu_disable
                0x000000000000146c       0x10 spm/zephyr/arch/arch/arm/core/cortex_m/mpu/libspm_arch__arm__core__cortex_m__mpu.a(arm_mpu.c.obj)
                0x000000000000146c                arm_core_mpu_disable
 .text.arm_mpu_init
                0x000000000000147c       0x4c spm/zephyr/arch/arch/arm/core/cortex_m/mpu/libspm_arch__arm__core__cortex_m__mpu.a(arm_mpu.c.obj)
 .text.arm_core_mpu_configure_static_mpu_regions
                0x00000000000014c8      0x144 spm/zephyr/arch/arch/arm/core/cortex_m/mpu/libspm_arch__arm__core__cortex_m__mpu.a(arm_mpu.c.obj)
                0x00000000000014c8                arm_core_mpu_configure_static_mpu_regions
 .text.arm_core_mpu_mark_areas_for_dynamic_regions
                0x000000000000160c       0xa8 spm/zephyr/arch/arch/arm/core/cortex_m/mpu/libspm_arch__arm__core__cortex_m__mpu.a(arm_mpu.c.obj)
                0x000000000000160c                arm_core_mpu_mark_areas_for_dynamic_regions
 .text.arm_core_mpu_configure_dynamic_mpu_regions
                0x00000000000016b4       0x60 spm/zephyr/arch/arch/arm/core/cortex_m/mpu/libspm_arch__arm__core__cortex_m__mpu.a(arm_mpu.c.obj)
                0x00000000000016b4                arm_core_mpu_configure_dynamic_mpu_regions
 .text.tz_nonsecure_state_setup
                0x0000000000001714       0x38 spm/zephyr/arch/arch/arm/core/cortex_m/tz/libspm_arch__arm__core__cortex_m__tz.a(arm_core_tz.c.obj)
                0x0000000000001714                tz_nonsecure_state_setup
 .text.tz_nbanked_exception_target_state_set
                0x000000000000174c       0x28 spm/zephyr/arch/arch/arm/core/cortex_m/tz/libspm_arch__arm__core__cortex_m__tz.a(arm_core_tz.c.obj)
                0x000000000000174c                tz_nbanked_exception_target_state_set
 .text.tz_nonsecure_exception_prio_config
                0x0000000000001774       0x28 spm/zephyr/arch/arch/arm/core/cortex_m/tz/libspm_arch__arm__core__cortex_m__tz.a(arm_core_tz.c.obj)
                0x0000000000001774                tz_nonsecure_exception_prio_config
 .text.tz_nonsecure_system_reset_req_block
                0x000000000000179c       0x28 spm/zephyr/arch/arch/arm/core/cortex_m/tz/libspm_arch__arm__core__cortex_m__tz.a(arm_core_tz.c.obj)
                0x000000000000179c                tz_nonsecure_system_reset_req_block
 .text.tz_nonsecure_fpu_access_enable
                0x00000000000017c4       0x14 spm/zephyr/arch/arch/arm/core/cortex_m/tz/libspm_arch__arm__core__cortex_m__tz.a(arm_core_tz.c.obj)
                0x00000000000017c4                tz_nonsecure_fpu_access_enable
 .text.tz_sau_configure
                0x00000000000017d8       0x28 spm/zephyr/arch/arch/arm/core/cortex_m/tz/libspm_arch__arm__core__cortex_m__tz.a(arm_core_tz.c.obj)
                0x00000000000017d8                tz_sau_configure
 .text.__stdout_hook_install
                0x0000000000001800        0xc spm/zephyr/lib/libc/minimal/libspm_lib__libc__minimal.a(stdout_console.c.obj)
                0x0000000000001800                __stdout_hook_install
 .text.uarte_nrfx_configure
                0x000000000000180c      0x16c spm/zephyr/drivers/serial/libspm_drivers__serial.a(uart_nrfx_uarte.c.obj)
 .text.uarte_0_init
                0x0000000000001978       0x6c spm/zephyr/drivers/serial/libspm_drivers__serial.a(uart_nrfx_uarte.c.obj)
 .text.abi_getter
                0x00000000000019e4       0x4c spm/zephyr/modules/nrf/subsys/fw_info/libspm_..__nrf__subsys__fw_info.a(fw_info.c.obj)
                0x00000000000019e4                abi_getter
 .text.errata_14
                0x0000000000001a30       0x1c spm/zephyr/modules/nordic/libspm_..__modules__hal__nordic.a(system_nrf9160.c.obj)
 .text.SystemInit
                0x0000000000001a4c      0x174 spm/zephyr/modules/nordic/libspm_..__modules__hal__nordic.a(system_nrf9160.c.obj)
                0x0000000000001a4c                SystemInit
 .text.z_sys_device_do_config_level
                0x0000000000001bc0       0x2c spm/zephyr/kernel/libspm_kernel.a(device.c.obj)
                0x0000000000001bc0                z_sys_device_do_config_level
 .text.z_impl_device_get_binding
                0x0000000000001bec       0x4c spm/zephyr/kernel/libspm_kernel.a(device.c.obj)
                0x0000000000001bec                z_impl_device_get_binding
 .text.idle     0x0000000000001c38       0x34 spm/zephyr/kernel/libspm_kernel.a(idle.c.obj)
                0x0000000000001c38                idle
 .text.z_bss_zero
                0x0000000000001c6c       0x14 spm/zephyr/kernel/libspm_kernel.a(init.c.obj)
                0x0000000000001c6c                z_bss_zero
 .text.z_data_copy
                0x0000000000001c80       0x34 spm/zephyr/kernel/libspm_kernel.a(init.c.obj)
                0x0000000000001c80                z_data_copy
 .text.bg_thread_main
                0x0000000000001cb4       0x30 spm/zephyr/kernel/libspm_kernel.a(init.c.obj)
 .text.z_cstart
                0x0000000000001ce4      0x110 spm/zephyr/kernel/libspm_kernel.a(init.c.obj)
                0x0000000000001ce4                z_cstart
 .text.init_mem_slab_module
                0x0000000000001df4       0x38 spm/zephyr/kernel/libspm_kernel.a(mem_slab.c.obj)
 .text.k_mem_slab_alloc
                0x0000000000001e2c       0x58 spm/zephyr/kernel/libspm_kernel.a(mem_slab.c.obj)
                0x0000000000001e2c                k_mem_slab_alloc
 .text.k_mem_slab_free
                0x0000000000001e84       0x5c spm/zephyr/kernel/libspm_kernel.a(mem_slab.c.obj)
                0x0000000000001e84                k_mem_slab_free
 .text.z_impl_k_mutex_lock
                0x0000000000001ee0       0xe4 spm/zephyr/kernel/libspm_kernel.a(mutex.c.obj)
                0x0000000000001ee0                z_impl_k_mutex_lock
 .text.z_impl_k_mutex_unlock
                0x0000000000001fc4       0x80 spm/zephyr/kernel/libspm_kernel.a(mutex.c.obj)
                0x0000000000001fc4                z_impl_k_mutex_unlock
 .text.z_reset_time_slice
                0x0000000000002044       0x2c spm/zephyr/kernel/libspm_kernel.a(sched.c.obj)
                0x0000000000002044                z_reset_time_slice
 .text.k_sched_time_slice_set
                0x0000000000002070       0x58 spm/zephyr/kernel/libspm_kernel.a(sched.c.obj)
                0x0000000000002070                k_sched_time_slice_set
 .text.k_sched_lock
                0x00000000000020c8       0x28 spm/zephyr/kernel/libspm_kernel.a(sched.c.obj)
                0x00000000000020c8                k_sched_lock
 .text.z_priq_dumb_remove
                0x00000000000020f0       0x2c spm/zephyr/kernel/libspm_kernel.a(sched.c.obj)
                0x00000000000020f0                z_priq_dumb_remove
 .text.update_cache
                0x000000000000211c       0x3c spm/zephyr/kernel/libspm_kernel.a(sched.c.obj)
 .text.k_sched_unlock
                0x0000000000002158       0x38 spm/zephyr/kernel/libspm_kernel.a(sched.c.obj)
                0x0000000000002158                k_sched_unlock
 .text.z_add_thread_to_ready_q
                0x0000000000002190       0x6c spm/zephyr/kernel/libspm_kernel.a(sched.c.obj)
                0x0000000000002190                z_add_thread_to_ready_q
 .text.z_move_thread_to_end_of_prio_q
                0x00000000000021fc       0x84 spm/zephyr/kernel/libspm_kernel.a(sched.c.obj)
                0x00000000000021fc                z_move_thread_to_end_of_prio_q
 .text.z_time_slice
                0x0000000000002280       0x6c spm/zephyr/kernel/libspm_kernel.a(sched.c.obj)
                0x0000000000002280                z_time_slice
 .text.z_remove_thread_from_ready_q
                0x00000000000022ec       0x4c spm/zephyr/kernel/libspm_kernel.a(sched.c.obj)
                0x00000000000022ec                z_remove_thread_from_ready_q
 .text.pend     0x0000000000002338       0x88 spm/zephyr/kernel/libspm_kernel.a(sched.c.obj)
 .text.z_pend_curr
                0x00000000000023c0       0x28 spm/zephyr/kernel/libspm_kernel.a(sched.c.obj)
                0x00000000000023c0                z_pend_curr
 .text.z_set_prio
                0x00000000000023e8       0x84 spm/zephyr/kernel/libspm_kernel.a(sched.c.obj)
                0x00000000000023e8                z_set_prio
 .text.z_sched_init
                0x000000000000246c       0x18 spm/zephyr/kernel/libspm_kernel.a(sched.c.obj)
                0x000000000000246c                z_sched_init
 .text.z_impl_k_current_get
                0x0000000000002484        0xc spm/zephyr/kernel/libspm_kernel.a(sched.c.obj)
                0x0000000000002484                z_impl_k_current_get
 .text.z_impl_k_thread_start
                0x0000000000002490       0x48 spm/zephyr/kernel/libspm_kernel.a(thread.c.obj)
                0x0000000000002490                z_impl_k_thread_start
 .text.z_setup_new_thread
                0x00000000000024d8       0x30 spm/zephyr/kernel/libspm_kernel.a(thread.c.obj)
                0x00000000000024d8                z_setup_new_thread
 .text.z_init_static_threads
                0x0000000000002508       0xb4 spm/zephyr/kernel/libspm_kernel.a(thread.c.obj)
                0x0000000000002508                z_init_static_threads
 .text.elapsed  0x00000000000025bc       0x14 spm/zephyr/kernel/libspm_kernel.a(timeout.c.obj)
 .text.remove_timeout
                0x00000000000025d0       0x28 spm/zephyr/kernel/libspm_kernel.a(timeout.c.obj)
 .text.next_timeout
                0x00000000000025f8       0x38 spm/zephyr/kernel/libspm_kernel.a(timeout.c.obj)
 .text.z_add_timeout
                0x0000000000002630       0x84 spm/zephyr/kernel/libspm_kernel.a(timeout.c.obj)
                0x0000000000002630                z_add_timeout
 .text.z_clock_announce
                0x00000000000026b4       0xac spm/zephyr/kernel/libspm_kernel.a(timeout.c.obj)
                0x00000000000026b4                z_clock_announce
 .text.init_static_pools
                0x0000000000002760       0x28 spm/zephyr/kernel/libspm_kernel.a(mempool.c.obj)
                0x0000000000002760                init_static_pools
 .text.CC_PalMemCopyPlat
                0x0000000000002788        0x4 /home/thomas/Documents/UA/Doctoraat/projects/nb-iot-multiple-bs/ncs/nrfxlib/crypto/nrf_cc310_mbedcrypto/lib/cortex-m33/hard-float/no-interrupts/libnrf_cc310_mbedcrypto_0.9.1.a(cc_pal_mem.c.obj)
                0x0000000000002788                CC_PalMemCopyPlat
 .text.CC_PalMemSetZeroPlat
                0x000000000000278c        0x8 /home/thomas/Documents/UA/Doctoraat/projects/nb-iot-multiple-bs/ncs/nrfxlib/crypto/nrf_cc310_mbedcrypto/lib/cortex-m33/hard-float/no-interrupts/libnrf_cc310_mbedcrypto_0.9.1.a(cc_pal_mem.c.obj)
                0x000000000000278c                CC_PalMemSetZeroPlat
 .text.CC_PalInit
                0x0000000000002794       0x5c /home/thomas/Documents/UA/Doctoraat/projects/nb-iot-multiple-bs/ncs/nrfxlib/crypto/nrf_cc310_mbedcrypto/lib/cortex-m33/hard-float/no-interrupts/libnrf_cc310_mbedcrypto_0.9.1.a(cc_pal.c.obj)
                0x0000000000002794                CC_PalInit
 .text.CC_PalTerminate
                0x00000000000027f0       0x34 /home/thomas/Documents/UA/Doctoraat/projects/nb-iot-multiple-bs/ncs/nrfxlib/crypto/nrf_cc310_mbedcrypto/lib/cortex-m33/hard-float/no-interrupts/libnrf_cc310_mbedcrypto_0.9.1.a(cc_pal.c.obj)
                0x00000000000027f0                CC_PalTerminate
 .text.CC_PalDmaInit
                0x0000000000002824        0x4 /home/thomas/Documents/UA/Doctoraat/projects/nb-iot-multiple-bs/ncs/nrfxlib/crypto/nrf_cc310_mbedcrypto/lib/cortex-m33/hard-float/no-interrupts/libnrf_cc310_mbedcrypto_0.9.1.a(cc_pal_dma.c.obj)
                0x0000000000002824                CC_PalDmaInit
 .text.CC_PalDmaTerminate
                0x0000000000002828        0x4 /home/thomas/Documents/UA/Doctoraat/projects/nb-iot-multiple-bs/ncs/nrfxlib/crypto/nrf_cc310_mbedcrypto/lib/cortex-m33/hard-float/no-interrupts/libnrf_cc310_mbedcrypto_0.9.1.a(cc_pal_dma.c.obj)
                0x0000000000002828                CC_PalDmaTerminate
 .text.CC_PalMutexCreate
                0x000000000000282c       0x14 /home/thomas/Documents/UA/Doctoraat/projects/nb-iot-multiple-bs/ncs/nrfxlib/crypto/nrf_cc310_mbedcrypto/lib/cortex-m33/hard-float/no-interrupts/libnrf_cc310_mbedcrypto_0.9.1.a(cc_pal_mutex.c.obj)
                0x000000000000282c                CC_PalMutexCreate
 .text.CC_PalMutexDestroy
                0x0000000000002840       0x14 /home/thomas/Documents/UA/Doctoraat/projects/nb-iot-multiple-bs/ncs/nrfxlib/crypto/nrf_cc310_mbedcrypto/lib/cortex-m33/hard-float/no-interrupts/libnrf_cc310_mbedcrypto_0.9.1.a(cc_pal_mutex.c.obj)
                0x0000000000002840                CC_PalMutexDestroy
 .text.CC_PalMutexLock
                0x0000000000002854       0x10 /home/thomas/Documents/UA/Doctoraat/projects/nb-iot-multiple-bs/ncs/nrfxlib/crypto/nrf_cc310_mbedcrypto/lib/cortex-m33/hard-float/no-interrupts/libnrf_cc310_mbedcrypto_0.9.1.a(cc_pal_mutex.c.obj)
                0x0000000000002854                CC_PalMutexLock
 .text.CC_PalMutexUnlock
                0x0000000000002864       0x14 /home/thomas/Documents/UA/Doctoraat/projects/nb-iot-multiple-bs/ncs/nrfxlib/crypto/nrf_cc310_mbedcrypto/lib/cortex-m33/hard-float/no-interrupts/libnrf_cc310_mbedcrypto_0.9.1.a(cc_pal_mutex.c.obj)
                0x0000000000002864                CC_PalMutexUnlock
 .text.CC_PalPowerSaveModeInit
                0x0000000000002878       0x3c /home/thomas/Documents/UA/Doctoraat/projects/nb-iot-multiple-bs/ncs/nrfxlib/crypto/nrf_cc310_mbedcrypto/lib/cortex-m33/hard-float/no-interrupts/libnrf_cc310_mbedcrypto_0.9.1.a(cc_pal_pm.c.obj)
                0x0000000000002878                CC_PalPowerSaveModeInit
 .text.CC_PalPowerSaveModeSelect
                0x00000000000028b4       0x68 /home/thomas/Documents/UA/Doctoraat/projects/nb-iot-multiple-bs/ncs/nrfxlib/crypto/nrf_cc310_mbedcrypto/lib/cortex-m33/hard-float/no-interrupts/libnrf_cc310_mbedcrypto_0.9.1.a(cc_pal_pm.c.obj)
                0x00000000000028b4                CC_PalPowerSaveModeSelect
 .text.CC_HalInit
                0x000000000000291c        0x4 /home/thomas/Documents/UA/Doctoraat/projects/nb-iot-multiple-bs/ncs/nrfxlib/crypto/nrf_cc310_mbedcrypto/lib/cortex-m33/hard-float/no-interrupts/libnrf_cc310_mbedcrypto_0.9.1.a(cc_hal.c.obj)
                0x000000000000291c                CC_HalInit
 .text.CC_HalTerminate
                0x0000000000002920        0x4 /home/thomas/Documents/UA/Doctoraat/projects/nb-iot-multiple-bs/ncs/nrfxlib/crypto/nrf_cc310_mbedcrypto/lib/cortex-m33/hard-float/no-interrupts/libnrf_cc310_mbedcrypto_0.9.1.a(cc_hal.c.obj)
                0x0000000000002920                CC_HalTerminate
 .text.CC_HalClearInterruptBit
                0x0000000000002924       0x1c /home/thomas/Documents/UA/Doctoraat/projects/nb-iot-multiple-bs/ncs/nrfxlib/crypto/nrf_cc310_mbedcrypto/lib/cortex-m33/hard-float/no-interrupts/libnrf_cc310_mbedcrypto_0.9.1.a(cc_hal.c.obj)
                0x0000000000002924                CC_HalClearInterruptBit
 .text.CC_HalMaskInterrupt
                0x0000000000002940        0xc /home/thomas/Documents/UA/Doctoraat/projects/nb-iot-multiple-bs/ncs/nrfxlib/crypto/nrf_cc310_mbedcrypto/lib/cortex-m33/hard-float/no-interrupts/libnrf_cc310_mbedcrypto_0.9.1.a(cc_hal.c.obj)
                0x0000000000002940                CC_HalMaskInterrupt
 .text.CC_HalWaitInterruptRND
                0x000000000000294c        0xc /home/thomas/Documents/UA/Doctoraat/projects/nb-iot-multiple-bs/ncs/nrfxlib/crypto/nrf_cc310_mbedcrypto/lib/cortex-m33/hard-float/no-interrupts/libnrf_cc310_mbedcrypto_0.9.1.a(cc_hal.c.obj)
                0x000000000000294c                CC_HalWaitInterruptRND
 .text.CC_PalWaitInterruptRND
                0x0000000000002958       0x30 /home/thomas/Documents/UA/Doctoraat/projects/nb-iot-multiple-bs/ncs/nrfxlib/crypto/nrf_cc310_mbedcrypto/lib/cortex-m33/hard-float/no-interrupts/libnrf_cc310_mbedcrypto_0.9.1.a(cc_pal_interrupt_ctrl.c.obj)
                0x0000000000002958                CC_PalWaitInterruptRND
 .text.mbedtls_platform_setup
                0x0000000000002988        0x4 /home/thomas/Documents/UA/Doctoraat/projects/nb-iot-multiple-bs/ncs/nrfxlib/crypto/nrf_cc310_platform/lib/cortex-m33/hard-float/no-interrupts/libnrf_cc310_platform_0.9.1.a(platform_alt.c.obj)
                0x0000000000002988                mbedtls_platform_setup
 .text.mbedtls_platform_zeroize
                0x000000000000298c       0x14 /home/thomas/Documents/UA/Doctoraat/projects/nb-iot-multiple-bs/ncs/nrfxlib/crypto/nrf_cc310_platform/lib/cortex-m33/hard-float/no-interrupts/libnrf_cc310_platform_0.9.1.a(mbedtls_common.c.obj)
                0x000000000000298c                mbedtls_platform_zeroize
 .text.mbedtls_hardware_poll
                0x00000000000029a0       0xb0 /home/thomas/Documents/UA/Doctoraat/projects/nb-iot-multiple-bs/ncs/nrfxlib/crypto/nrf_cc310_platform/lib/cortex-m33/hard-float/no-interrupts/libnrf_cc310_platform_0.9.1.a(trng_api.c.obj)
                0x00000000000029a0                mbedtls_hardware_poll
 .text.RNG_PLAT_SetUserRngParameters
                0x0000000000002a50       0x7c /home/thomas/Documents/UA/Doctoraat/projects/nb-iot-multiple-bs/ncs/nrfxlib/crypto/nrf_cc310_platform/lib/cortex-m33/hard-float/no-interrupts/libnrf_cc310_platform_0.9.1.a(cc_rng_plat.c.obj)
                0x0000000000002a50                RNG_PLAT_SetUserRngParameters
 .text.nrf_cc310_platform_init
                0x0000000000002acc       0x44 /home/thomas/Documents/UA/Doctoraat/projects/nb-iot-multiple-bs/ncs/nrfxlib/crypto/nrf_cc310_platform/lib/cortex-m33/hard-float/no-interrupts/libnrf_cc310_platform_0.9.1.a(nrf_cc310_platform.c.obj)
                0x0000000000002acc                nrf_cc310_platform_init
 .text.nrf_cc310_platform_init_no_rng
                0x0000000000002b10       0x34 /home/thomas/Documents/UA/Doctoraat/projects/nb-iot-multiple-bs/ncs/nrfxlib/crypto/nrf_cc310_platform/lib/cortex-m33/hard-float/no-interrupts/libnrf_cc310_platform_0.9.1.a(nrf_cc310_platform.c.obj)
                0x0000000000002b10                nrf_cc310_platform_init_no_rng
 .text.nrf_cc310_platform_abort
                0x0000000000002b44       0x24 /home/thomas/Documents/UA/Doctoraat/projects/nb-iot-multiple-bs/ncs/nrfxlib/crypto/nrf_cc310_platform/lib/cortex-m33/hard-float/no-interrupts/libnrf_cc310_platform_0.9.1.a(nrf_cc310_platform_abort.c.obj)
 .text.CC_PalAbort
                0x0000000000002b68        0xc /home/thomas/Documents/UA/Doctoraat/projects/nb-iot-multiple-bs/ncs/nrfxlib/crypto/nrf_cc310_platform/lib/cortex-m33/hard-float/no-interrupts/libnrf_cc310_platform_0.9.1.a(nrf_cc310_platform_abort.c.obj)
                0x0000000000002b68                CC_PalAbort
 .text.nrf_cc310_platform_set_abort
                0x0000000000002b74       0x10 /home/thomas/Documents/UA/Doctoraat/projects/nb-iot-multiple-bs/ncs/nrfxlib/crypto/nrf_cc310_platform/lib/cortex-m33/hard-float/no-interrupts/libnrf_cc310_platform_0.9.1.a(nrf_cc310_platform_abort.c.obj)
                0x0000000000002b74                nrf_cc310_platform_set_abort
 .text.mutex_free
                0x0000000000002b84        0x4 /home/thomas/Documents/UA/Doctoraat/projects/nb-iot-multiple-bs/ncs/nrfxlib/crypto/nrf_cc310_platform/lib/cortex-m33/hard-float/no-interrupts/libnrf_cc310_platform_0.9.1.a(nrf_cc310_platform_mutex.c.obj)
 .text.mutex_unlock
                0x0000000000002b88       0x24 /home/thomas/Documents/UA/Doctoraat/projects/nb-iot-multiple-bs/ncs/nrfxlib/crypto/nrf_cc310_platform/lib/cortex-m33/hard-float/no-interrupts/libnrf_cc310_platform_0.9.1.a(nrf_cc310_platform_mutex.c.obj)
 .text.mutex_init
                0x0000000000002bac       0x1c /home/thomas/Documents/UA/Doctoraat/projects/nb-iot-multiple-bs/ncs/nrfxlib/crypto/nrf_cc310_platform/lib/cortex-m33/hard-float/no-interrupts/libnrf_cc310_platform_0.9.1.a(nrf_cc310_platform_mutex.c.obj)
 .text.mutex_lock
                0x0000000000002bc8       0x1c /home/thomas/Documents/UA/Doctoraat/projects/nb-iot-multiple-bs/ncs/nrfxlib/crypto/nrf_cc310_platform/lib/cortex-m33/hard-float/no-interrupts/libnrf_cc310_platform_0.9.1.a(nrf_cc310_platform_mutex.c.obj)
 .text.nrf_cc310_platform_set_mutexes
                0x0000000000002be4       0x38 /home/thomas/Documents/UA/Doctoraat/projects/nb-iot-multiple-bs/ncs/nrfxlib/crypto/nrf_cc310_platform/lib/cortex-m33/hard-float/no-interrupts/libnrf_cc310_platform_0.9.1.a(nrf_cc310_platform_mutex.c.obj)
                0x0000000000002be4                nrf_cc310_platform_set_mutexes
 .text.CC_LibInitNoRng
                0x0000000000002c1c       0x6c /home/thomas/Documents/UA/Doctoraat/projects/nb-iot-multiple-bs/ncs/nrfxlib/crypto/nrf_cc310_platform/lib/cortex-m33/hard-float/no-interrupts/libnrf_cc310_platform_0.9.1.a(cc_lib.c.obj)
                0x0000000000002c1c                CC_LibInitNoRng
 .text.CC_LibInitRngModule
                0x0000000000002c88       0xb8 /home/thomas/Documents/UA/Doctoraat/projects/nb-iot-multiple-bs/ncs/nrfxlib/crypto/nrf_cc310_platform/lib/cortex-m33/hard-float/no-interrupts/libnrf_cc310_platform_0.9.1.a(cc_lib.c.obj)
                0x0000000000002c88                CC_LibInitRngModule
 .text.CC_LibInit
                0x0000000000002d40       0x84 /home/thomas/Documents/UA/Doctoraat/projects/nb-iot-multiple-bs/ncs/nrfxlib/crypto/nrf_cc310_platform/lib/cortex-m33/hard-float/no-interrupts/libnrf_cc310_platform_0.9.1.a(cc_lib.c.obj)
                0x0000000000002d40                CC_LibInit
 .text.CC_PalTrngParamGet
                0x0000000000002dc4      0x10c /home/thomas/Documents/UA/Doctoraat/projects/nb-iot-multiple-bs/ncs/nrfxlib/crypto/nrf_cc310_platform/lib/cortex-m33/hard-float/no-interrupts/libnrf_cc310_platform_0.9.1.a(cc_pal_trng.c.obj)
                0x0000000000002dc4                CC_PalTrngParamGet
 .text.LLF_RND_AdaptiveProportionTest
                0x0000000000002ed0       0x7c /home/thomas/Documents/UA/Doctoraat/projects/nb-iot-multiple-bs/ncs/nrfxlib/crypto/nrf_cc310_platform/lib/cortex-m33/hard-float/no-interrupts/libnrf_cc310_platform_0.9.1.a(llf_rnd_trng90b.c.obj)
                0x0000000000002ed0                LLF_RND_AdaptiveProportionTest
 .text.getTrngSource
                0x0000000000002f4c      0x4b0 /home/thomas/Documents/UA/Doctoraat/projects/nb-iot-multiple-bs/ncs/nrfxlib/crypto/nrf_cc310_platform/lib/cortex-m33/hard-float/no-interrupts/libnrf_cc310_platform_0.9.1.a(llf_rnd_trng90b.c.obj)
 .text.LLF_RND_GetTrngSource
                0x00000000000033fc       0x88 /home/thomas/Documents/UA/Doctoraat/projects/nb-iot-multiple-bs/ncs/nrfxlib/crypto/nrf_cc310_platform/lib/cortex-m33/hard-float/no-interrupts/libnrf_cc310_platform_0.9.1.a(llf_rnd_trng90b.c.obj)
                0x00000000000033fc                LLF_RND_GetTrngSource
 .text.LLF_RND_RunTrngStartupTest
                0x0000000000003484       0x1c /home/thomas/Documents/UA/Doctoraat/projects/nb-iot-multiple-bs/ncs/nrfxlib/crypto/nrf_cc310_platform/lib/cortex-m33/hard-float/no-interrupts/libnrf_cc310_platform_0.9.1.a(llf_rnd_trng90b.c.obj)
                0x0000000000003484                LLF_RND_RunTrngStartupTest
 .text.LLF_RND_WaitRngInterrupt
                0x00000000000034a0       0x20 /home/thomas/Documents/UA/Doctoraat/projects/nb-iot-multiple-bs/ncs/nrfxlib/crypto/nrf_cc310_platform/lib/cortex-m33/hard-float/no-interrupts/libnrf_cc310_platform_0.9.1.a(llf_rnd.c.obj)
                0x00000000000034a0                LLF_RND_WaitRngInterrupt
 .text.LLF_RND_GetRoscSampleCnt
                0x00000000000034c0       0x3c /home/thomas/Documents/UA/Doctoraat/projects/nb-iot-multiple-bs/ncs/nrfxlib/crypto/nrf_cc310_platform/lib/cortex-m33/hard-float/no-interrupts/libnrf_cc310_platform_0.9.1.a(llf_rnd.c.obj)
                0x00000000000034c0                LLF_RND_GetRoscSampleCnt
 .text.LLF_RND_GetFastestRosc
                0x00000000000034fc       0x20 /home/thomas/Documents/UA/Doctoraat/projects/nb-iot-multiple-bs/ncs/nrfxlib/crypto/nrf_cc310_platform/lib/cortex-m33/hard-float/no-interrupts/libnrf_cc310_platform_0.9.1.a(llf_rnd.c.obj)
                0x00000000000034fc                LLF_RND_GetFastestRosc
 .text.LLF_RND_TurnOffTrng
                0x000000000000351c       0x1c /home/thomas/Documents/UA/Doctoraat/projects/nb-iot-multiple-bs/ncs/nrfxlib/crypto/nrf_cc310_platform/lib/cortex-m33/hard-float/no-interrupts/libnrf_cc310_platform_0.9.1.a(llf_rnd.c.obj)
                0x000000000000351c                LLF_RND_TurnOffTrng
 .text.main     0x0000000000003538        0xe spm/spm_app/libspm_app.a(main.c.obj)
                0x0000000000003538                main
 .text.z_sys_mem_pool_base_init
                0x0000000000003546       0x8c spm/zephyr/libspm_zephyr.a(mempool.c.obj)
                0x0000000000003546                z_sys_mem_pool_base_init
 .text.z_thread_entry
                0x00000000000035d2       0x14 spm/zephyr/libspm_zephyr.a(thread_entry.c.obj)
                0x00000000000035d2                z_thread_entry
 .text.arch_printk_char_out
                0x00000000000035e6        0x4 spm/zephyr/libspm_zephyr.a(printk.c.obj)
                0x00000000000035e6                arch_printk_char_out
 .text.print_err
                0x00000000000035ea       0x1c spm/zephyr/libspm_zephyr.a(printk.c.obj)
 .text.z_vprintk
                0x0000000000003606      0x2e0 spm/zephyr/libspm_zephyr.a(printk.c.obj)
                0x0000000000003606                z_vprintk
 .text.printk   0x00000000000038e6       0x1a spm/zephyr/libspm_zephyr.a(printk.c.obj)
                0x00000000000038e6                printk
 .text._ConfigAbsSyms
                0x0000000000003900        0x2 spm/zephyr/libspm_zephyr.a(configs.c.obj)
                0x0000000000003900                _ConfigAbsSyms
 .text.z_platform_init
                0x0000000000003902        0x4 spm/zephyr/libspm_zephyr.a(soc.c.obj)
                0x0000000000003902                z_platform_init
 .text.get_status
                0x0000000000003906       0x18 spm/zephyr/libspm_zephyr.a(nrf_power_clock.c.obj)
 .text.clock_stop
                0x000000000000391e       0x64 spm/zephyr/libspm_zephyr.a(nrf_power_clock.c.obj)
 .text.clock_async_start
                0x0000000000003982       0x8e spm/zephyr/libspm_zephyr.a(nrf_power_clock.c.obj)
 .text.clock_start
                0x0000000000003a10        0x6 spm/zephyr/libspm_zephyr.a(nrf_power_clock.c.obj)
 .text.lfclk_init
                0x0000000000003a16        0xa spm/zephyr/libspm_zephyr.a(nrf_power_clock.c.obj)
 .text.hfclk_init
                0x0000000000003a20       0x2e spm/zephyr/libspm_zephyr.a(nrf_power_clock.c.obj)
 .text.clkstarted_handle
                0x0000000000003a4e       0x3a spm/zephyr/libspm_zephyr.a(nrf_power_clock.c.obj)
 .text.z_clock_isr
                0x0000000000003a88        0x2 spm/zephyr/libspm_zephyr.a(sys_clock_init.c.obj)
                0x0000000000003a88                z_clock_isr
 .text.z_clock_idle_exit
                0x0000000000003a8a        0x2 spm/zephyr/libspm_zephyr.a(sys_clock_init.c.obj)
                0x0000000000003a8a                z_clock_idle_exit
 .text.spm_secure_services_init
                0x0000000000003a8c       0x14 spm/zephyr/libspm_zephyr.a(secure_services.c.obj)
                0x0000000000003a8c                spm_secure_services_init
 .text.spm_request_random_number
                0x0000000000003aa0       0x82 spm/zephyr/libspm_zephyr.a(secure_services.c.obj)
                0x0000000000003aa0                __acle_se_spm_request_random_number
 .text.abort_function
                0x0000000000003b22        0x2 spm/zephyr/libspm_zephyr.a(nrf_cc310_platform_abort_zephyr.c.obj)
 .text.z_irq_spurious
                0x0000000000003b24        0x4 spm/zephyr/arch/arch/arm/core/libspm_arch__arm__core.a(irq_manage.c.obj)
                0x0000000000003b24                z_irq_spurious
 .text.irq_target_state_set
                0x0000000000003b28       0x56 spm/zephyr/arch/arch/arm/core/libspm_arch__arm__core.a(irq_manage.c.obj)
                0x0000000000003b28                irq_target_state_set
 .text.z_arm_fatal_error
                0x0000000000003b7e        0x4 spm/zephyr/arch/arch/arm/core/libspm_arch__arm__core.a(fatal.c.obj)
                0x0000000000003b7e                z_arm_fatal_error
 .text.z_do_kernel_oops
                0x0000000000003b82        0x8 spm/zephyr/arch/arch/arm/core/libspm_arch__arm__core.a(fatal.c.obj)
                0x0000000000003b82                z_do_kernel_oops
 .text.z_arm_nmi
                0x0000000000003b8a        0xe spm/zephyr/arch/arch/arm/core/libspm_arch__arm__core.a(nmi.c.obj)
                0x0000000000003b8a                z_arm_nmi
 .text.z_arm_configure_dynamic_mpu_regions
                0x0000000000003b98       0x10 spm/zephyr/arch/arch/arm/core/cortex_m/mpu/libspm_arch__arm__core__cortex_m__mpu.a(arm_core_mpu.c.obj)
                0x0000000000003b98                z_arm_configure_dynamic_mpu_regions
 .text.mpu_configure_region
                0x0000000000003ba8       0x44 spm/zephyr/arch/arch/arm/core/cortex_m/mpu/libspm_arch__arm__core__cortex_m__mpu.a(arm_mpu.c.obj)
 .text.arm_cmse_mpu_region_get
                0x0000000000003bec       0x12 spm/zephyr/arch/arch/arm/core/cortex_m/cmse/libspm_arch__arm__core__cortex_m__cmse.a(arm_core_cmse.c.obj)
                0x0000000000003bec                arm_cmse_mpu_region_get
 .text.strcmp   0x0000000000003bfe       0x18 spm/zephyr/lib/libc/minimal/libspm_lib__libc__minimal.a(string.c.obj)
                0x0000000000003bfe                strcmp
 .text.memmove  0x0000000000003c16       0x2e spm/zephyr/lib/libc/minimal/libspm_lib__libc__minimal.a(string.c.obj)
                0x0000000000003c16                memmove
 .text.memcpy   0x0000000000003c44       0x54 spm/zephyr/lib/libc/minimal/libspm_lib__libc__minimal.a(string.c.obj)
                0x0000000000003c44                memcpy
 .text.memset   0x0000000000003c98       0x44 spm/zephyr/lib/libc/minimal/libspm_lib__libc__minimal.a(string.c.obj)
                0x0000000000003c98                memset
 .text._stdout_hook_default
                0x0000000000003cdc        0x6 spm/zephyr/lib/libc/minimal/libspm_lib__libc__minimal.a(stdout_console.c.obj)
 .text.uarte_nrfx_config_get
                0x0000000000003ce2       0x10 spm/zephyr/drivers/serial/libspm_drivers__serial.a(uart_nrfx_uarte.c.obj)
 .text.uarte_nrfx_err_check
                0x0000000000003cf2       0x16 spm/zephyr/drivers/serial/libspm_drivers__serial.a(uart_nrfx_uarte.c.obj)
 .text.uarte_nrfx_poll_in
                0x0000000000003d08       0x24 spm/zephyr/drivers/serial/libspm_drivers__serial.a(uart_nrfx_uarte.c.obj)
 .text.uarte_nrfx_poll_out
                0x0000000000003d2c       0x30 spm/zephyr/drivers/serial/libspm_drivers__serial.a(uart_nrfx_uarte.c.obj)
 .text.hw_cc310_init
                0x0000000000003d5c       0x12 spm/zephyr/modules/nrf/drivers/hw_cc310/libspm_..__nrf__drivers__hw_cc310.a(hw_cc310.c.obj)
 .text.arch_system_halt
                0x0000000000003d6e       0x12 spm/zephyr/kernel/libspm_kernel.a(fatal.c.obj)
                0x0000000000003d6e                arch_system_halt
 .text.k_sys_fatal_error_handler
                0x0000000000003d80        0x6 spm/zephyr/kernel/libspm_kernel.a(fatal.c.obj)
                0x0000000000003d80                k_sys_fatal_error_handler
 .text.z_fatal_error
                0x0000000000003d86       0x1e spm/zephyr/kernel/libspm_kernel.a(fatal.c.obj)
                0x0000000000003d86                z_fatal_error
 .text.z_sys_power_save_idle_exit
                0x0000000000003da4        0x4 spm/zephyr/kernel/libspm_kernel.a(idle.c.obj)
                0x0000000000003da4                z_sys_power_save_idle_exit
 .text.k_mem_slab_init
                0x0000000000003da8       0x24 spm/zephyr/kernel/libspm_kernel.a(mem_slab.c.obj)
                0x0000000000003da8                k_mem_slab_init
 .text.z_impl_k_mutex_init
                0x0000000000003dcc        0xc spm/zephyr/kernel/libspm_kernel.a(mutex.c.obj)
                0x0000000000003dcc                z_impl_k_mutex_init
 .text.z_is_thread_ready
                0x0000000000003dd8       0x12 spm/zephyr/kernel/libspm_kernel.a(sched.c.obj)
 .text.z_unpend_thread_no_timeout
                0x0000000000003dea       0x32 spm/zephyr/kernel/libspm_kernel.a(sched.c.obj)
                0x0000000000003dea                z_unpend_thread_no_timeout
 .text.z_reschedule
                0x0000000000003e1c       0x16 spm/zephyr/kernel/libspm_kernel.a(sched.c.obj)
                0x0000000000003e1c                z_reschedule
 .text.z_reschedule_irqlock
                0x0000000000003e32       0x18 spm/zephyr/kernel/libspm_kernel.a(sched.c.obj)
                0x0000000000003e32                z_reschedule_irqlock
 .text.z_reschedule_unlocked
                0x0000000000003e4a       0x14 spm/zephyr/kernel/libspm_kernel.a(sched.c.obj)
 .text.z_priq_dumb_best
                0x0000000000003e5e        0xc spm/zephyr/kernel/libspm_kernel.a(sched.c.obj)
                0x0000000000003e5e                z_priq_dumb_best
 .text.z_thread_timeout
                0x0000000000003e6a       0x62 spm/zephyr/kernel/libspm_kernel.a(sched.c.obj)
                0x0000000000003e6a                z_thread_timeout
 .text.z_unpend_first_thread
                0x0000000000003ecc       0x5a spm/zephyr/kernel/libspm_kernel.a(sched.c.obj)
                0x0000000000003ecc                z_unpend_first_thread
 .text.z_is_thread_ready
                0x0000000000003f26       0x12 spm/zephyr/kernel/libspm_kernel.a(thread.c.obj)
 .text.z_new_thread_init
                0x0000000000003f38       0x1e spm/zephyr/kernel/libspm_kernel.a(thread.c.obj)
                0x0000000000003f38                z_new_thread_init
 .text.z_thread_single_abort
                0x0000000000003f56       0x3e spm/zephyr/kernel/libspm_kernel.a(thread.c.obj)
                0x0000000000003f56                z_thread_single_abort
 .text.z_abort_timeout
                0x0000000000003f94       0x2c spm/zephyr/kernel/libspm_kernel.a(timeout.c.obj)
                0x0000000000003f94                z_abort_timeout
 .text.z_get_next_timeout_expiry
                0x0000000000003fc0       0x20 spm/zephyr/kernel/libspm_kernel.a(timeout.c.obj)
                0x0000000000003fc0                z_get_next_timeout_expiry
 .text.z_set_timeout_expiry
                0x0000000000003fe0       0x34 spm/zephyr/kernel/libspm_kernel.a(timeout.c.obj)
                0x0000000000003fe0                z_set_timeout_expiry
 .text._OffsetAbsSyms
                0x0000000000004014        0x2 spm/zephyr/CMakeFiles/spm_offsets.dir/arch/arm/core/offsets/offsets.c.obj
                0x0000000000004014                _OffsetAbsSyms
 *(SORT_BY_ALIGNMENT(.gnu.linkonce.t.*))
 *(SORT_BY_ALIGNMENT(.glue_7t))
 .glue_7t       0x0000000000004016        0x0 linker stubs
 *(SORT_BY_ALIGNMENT(.glue_7))
 .glue_7        0x0000000000004016        0x0 linker stubs
 *(SORT_BY_ALIGNMENT(.vfp11_veneer))
 .vfp11_veneer  0x0000000000004016        0x0 linker stubs
 *(SORT_BY_ALIGNMENT(.v4_bx))
 .v4_bx         0x0000000000004016        0x0 linker stubs
                0x0000000000004016                _image_text_end = .

.ARM.exidx      0x0000000000004018        0x8
                0x0000000000004018                __exidx_start = .
 *(SORT_BY_ALIGNMENT(.ARM.exidx*) SORT_BY_ALIGNMENT(gnu.linkonce.armexidx.*))
 .ARM.exidx     0x0000000000004018        0x8 /opt/gnuarmemb/bin/../lib/gcc/arm-none-eabi/8.3.1/thumb/v8-m.main+fp/hard/libgcc.a(_udivmoddi4.o)
                0x0000000000004020                __exidx_end = .
                0x0000000000004020                _image_rodata_start = .

sw_isr_table    0x0000000000004020      0x208
                0x0000000000004020                . = ALIGN (0x0)
 *(SORT_BY_ALIGNMENT(.gnu.linkonce.sw_isr_table))
 .gnu.linkonce.sw_isr_table
                0x0000000000004020      0x208 spm/zephyr/arch/common/libspm_arch__common.a(isr_tables.c.obj)
                0x0000000000004020                _sw_isr_table

app_shmem_regions
                0x0000000000004228        0x0
                0x0000000000004228                __app_shmem_regions_start = .
 *(SORT_BY_NAME(SORT_BY_ALIGNMENT(.app_regions.*)))
                0x0000000000004228                __app_shmem_regions_end = .

devconfig       0x0000000000004228       0x78
                0x0000000000004228                __devconfig_start = .
 *(SORT_BY_ALIGNMENT(.devconfig.*))
 .devconfig.init
                0x0000000000004228        0xc spm/zephyr/libspm_zephyr.a(soc.c.obj)
 .devconfig.init
                0x0000000000004234        0xc spm/zephyr/libspm_zephyr.a(uart_console.c.obj)
 .devconfig.init
                0x0000000000004240       0x18 spm/zephyr/libspm_zephyr.a(nrf_power_clock.c.obj)
 .devconfig.init
                0x0000000000004258        0xc spm/zephyr/libspm_zephyr.a(sys_clock_init.c.obj)
 .devconfig.init
                0x0000000000004264        0xc spm/zephyr/arch/arch/arm/core/cortex_m/mpu/libspm_arch__arm__core__cortex_m__mpu.a(arm_mpu.c.obj)
 .devconfig.init
                0x0000000000004270        0xc spm/zephyr/drivers/serial/libspm_drivers__serial.a(uart_nrfx_uarte.c.obj)
 .devconfig.init
                0x000000000000427c        0xc spm/zephyr/modules/nrf/drivers/hw_cc310/libspm_..__nrf__drivers__hw_cc310.a(hw_cc310.c.obj)
 .devconfig.init
                0x0000000000004288        0xc spm/zephyr/kernel/libspm_kernel.a(mem_slab.c.obj)
 .devconfig.init
                0x0000000000004294        0xc spm/zephyr/kernel/libspm_kernel.a(mempool.c.obj)
 *(SORT_BY_NAME(SORT_BY_ALIGNMENT(.devconfig*)))
                0x00000000000042a0                __devconfig_end = .

net_l2          0x00000000000042a0        0x0
                0x00000000000042a0                __net_l2_start = .
 *(SORT_BY_ALIGNMENT(.net_l2.init))
 *(SORT_BY_NAME(SORT_BY_ALIGNMENT(.net_l2.init*)))
                0x00000000000042a0                __net_l2_end = .

_bt_channels_area
                0x00000000000042a0        0x0
                0x00000000000042a0                _bt_l2cap_fixed_chan_list_start = .
 *(SORT_BY_NAME(SORT_BY_ALIGNMENT(._bt_l2cap_fixed_chan.static.*)))
                0x00000000000042a0                _bt_l2cap_fixed_chan_list_end = .

_bt_services_area
                0x00000000000042a0        0x0
                0x00000000000042a0                _bt_gatt_service_static_list_start = .
 *(SORT_BY_NAME(SORT_BY_ALIGNMENT(._bt_gatt_service_static.static.*)))
                0x00000000000042a0                _bt_gatt_service_static_list_end = .

log_const_sections
                0x00000000000042a0        0x0
                0x00000000000042a0                __log_const_start = .
 *(SORT_BY_NAME(SORT_BY_ALIGNMENT(.log_const_*)))
                0x00000000000042a0                __log_const_end = .

log_backends_sections
                0x00000000000042a0        0x0
                0x00000000000042a0                __log_backends_start = .
 *(SORT_BY_ALIGNMENT(._log_backend.*))
                0x00000000000042a0                __log_backends_end = .

shell_root_cmds_sections
                0x00000000000042a0        0x0
                0x00000000000042a0                __shell_root_cmds_start = .
 *(SORT_BY_NAME(SORT_BY_ALIGNMENT(.shell_root_cmd_*)))
                0x00000000000042a0                __shell_root_cmds_end = .

font_entry_sections
                0x00000000000042a0        0x0
                0x00000000000042a0                __font_entry_start = .
 *(SORT_BY_NAME(SORT_BY_ALIGNMENT(._cfb_font.*)))
                0x00000000000042a0                __font_entry_end = .

rodata          0x00000000000042a0      0x714
 *(SORT_BY_ALIGNMENT(.rodata))
 .rodata        0x00000000000042a0        0xc spm/zephyr/libspm_zephyr.a(secure_services.c.obj)
 *(SORT_BY_ALIGNMENT(.rodata.*))
 .rodata.mpu_config
                0x00000000000042ac        0x8 spm/zephyr/libspm_zephyr.a(mpu_regions.c.obj)
                0x00000000000042ac                mpu_config
 .rodata.mpu_regions
                0x00000000000042b4       0x20 spm/zephyr/libspm_zephyr.a(mpu_regions.c.obj)
 .rodata.clock_control_api
                0x00000000000042d4       0x14 spm/zephyr/libspm_zephyr.a(nrf_power_clock.c.obj)
 .rodata.hfclk_config
                0x00000000000042e8        0xc spm/zephyr/libspm_zephyr.a(nrf_power_clock.c.obj)
 .rodata.lfclk_config
                0x00000000000042f4        0xc spm/zephyr/libspm_zephyr.a(nrf_power_clock.c.obj)
 .rodata.flash_perm.10158
                0x0000000000004300       0x80 spm/zephyr/libspm_zephyr.a(spm.c.obj)
 .rodata.periph.10193
                0x0000000000004380       0xc8 spm/zephyr/libspm_zephyr.a(spm.c.obj)
 .rodata.sram_perm.10167
                0x0000000000004448       0x80 spm/zephyr/libspm_zephyr.a(spm.c.obj)
 .rodata.allowed_offsets
                0x00000000000044c8        0xc spm/zephyr/libspm_zephyr.a(secure_services.c.obj)
 .rodata.apis   0x00000000000044d4        0x8 spm/zephyr/libspm_zephyr.a(nrf_cc310_platform_abort_zephyr.c.obj)
 .rodata.mutex_apis
                0x00000000000044dc       0x10 spm/zephyr/libspm_zephyr.a(nrf_cc310_platform_mutex_zephyr.c.obj)
 .rodata.mutexes
                0x00000000000044ec       0x14 spm/zephyr/libspm_zephyr.a(nrf_cc310_platform_mutex_zephyr.c.obj)
 .rodata.uart_nrfx_uarte_driver_api
                0x0000000000004500       0x14 spm/zephyr/drivers/serial/libspm_drivers__serial.a(uart_nrfx_uarte.c.obj)
 .rodata.uarte_0z_config
                0x0000000000004514        0x8 spm/zephyr/drivers/serial/libspm_drivers__serial.a(uart_nrfx_uarte.c.obj)
 .rodata.config_levels.9871
                0x000000000000451c       0x14 spm/zephyr/kernel/libspm_kernel.a(device.c.obj)
 .rodata._k_neg_eagain
                0x0000000000004530        0x4 spm/zephyr/kernel/libspm_kernel.a(errno.c.obj)
                0x0000000000004530                _k_neg_eagain
 .rodata.CC_PalPowerSaveModeInit.str1.4
                0x0000000000004534       0x20 /home/thomas/Documents/UA/Doctoraat/projects/nb-iot-multiple-bs/ncs/nrfxlib/crypto/nrf_cc310_mbedcrypto/lib/cortex-m33/hard-float/no-interrupts/libnrf_cc310_mbedcrypto_0.9.1.a(cc_pal_pm.c.obj)
 .rodata.CSWTCH.6
                0x0000000000004554       0x1c /home/thomas/Documents/UA/Doctoraat/projects/nb-iot-multiple-bs/ncs/nrfxlib/crypto/nrf_cc310_platform/lib/cortex-m33/hard-float/no-interrupts/libnrf_cc310_platform_0.9.1.a(nrf_cc310_platform.c.obj)
 .rodata.mutex_init.str1.4
                0x0000000000004570       0x23 /home/thomas/Documents/UA/Doctoraat/projects/nb-iot-multiple-bs/ncs/nrfxlib/crypto/nrf_cc310_platform/lib/cortex-m33/hard-float/no-interrupts/libnrf_cc310_platform_0.9.1.a(nrf_cc310_platform_mutex.c.obj)
 *fill*         0x0000000000004593        0x1 
 .rodata.mutex_unlock.str1.4
                0x0000000000004594       0x1f /home/thomas/Documents/UA/Doctoraat/projects/nb-iot-multiple-bs/ncs/nrfxlib/crypto/nrf_cc310_platform/lib/cortex-m33/hard-float/no-interrupts/libnrf_cc310_platform_0.9.1.a(nrf_cc310_platform_mutex.c.obj)
 *fill*         0x00000000000045b3        0x1 
 .rodata.CC_LibInitRngModule.str1.4
                0x00000000000045b4       0x70 /home/thomas/Documents/UA/Doctoraat/projects/nb-iot-multiple-bs/ncs/nrfxlib/crypto/nrf_cc310_platform/lib/cortex-m33/hard-float/no-interrupts/libnrf_cc310_platform_0.9.1.a(cc_lib.c.obj)
                                         0x6d (size before relaxing)
 .rodata.LLF_RND_GetTrngSource.str1.4
                0x0000000000004624       0x6f /home/thomas/Documents/UA/Doctoraat/projects/nb-iot-multiple-bs/ncs/nrfxlib/crypto/nrf_cc310_platform/lib/cortex-m33/hard-float/no-interrupts/libnrf_cc310_platform_0.9.1.a(llf_rnd_trng90b.c.obj)
 .rodata.str1.1
                0x0000000000004624        0x0 spm/zephyr/libspm_zephyr.a(soc.c.obj)
                                          0x1 (size before relaxing)
 .rodata.str1.1
                0x0000000000004624        0xf spm/zephyr/libspm_zephyr.a(mpu_regions.c.obj)
 .rodata.str1.1
                0x0000000000004633        0x1 spm/zephyr/libspm_zephyr.a(uart_console.c.obj)
 .rodata.uart_console_init.str1.1
                0x0000000000004633        0x7 spm/zephyr/libspm_zephyr.a(uart_console.c.obj)
 .rodata.str1.1
                0x000000000000463a       0x14 spm/zephyr/libspm_zephyr.a(nrf_power_clock.c.obj)
 .rodata.str1.1
                0x000000000000464e        0xa spm/zephyr/libspm_zephyr.a(sys_clock_init.c.obj)
 .rodata.z_clock_driver_init.str1.1
                0x0000000000004658        0xa spm/zephyr/libspm_zephyr.a(nrf_rtc_timer.c.obj)
 .rodata.spm_config.str1.1
                0x0000000000004658      0x144 spm/zephyr/libspm_zephyr.a(spm.c.obj)
                                        0x151 (size before relaxing)
 .rodata.spm_jump.str1.1
                0x000000000000479c       0x75 spm/zephyr/libspm_zephyr.a(spm.c.obj)
 .rodata.str1.1
                0x0000000000004811       0xf3 spm/zephyr/libspm_zephyr.a(spm.c.obj)
 .rodata.mutex_free.str1.1
                0x0000000000004904       0x26 spm/zephyr/libspm_zephyr.a(nrf_cc310_platform_mutex_zephyr.c.obj)
 .rodata.mutex_init.str1.1
                0x000000000000492a       0x2d spm/zephyr/libspm_zephyr.a(nrf_cc310_platform_mutex_zephyr.c.obj)
 .rodata.str1.1
                0x0000000000004957        0x1 spm/zephyr/arch/arch/arm/core/cortex_m/mpu/libspm_arch__arm__core__cortex_m__mpu.a(arm_mpu.c.obj)
 .rodata.str1.1
                0x0000000000004957        0x7 spm/zephyr/drivers/serial/libspm_drivers__serial.a(uart_nrfx_uarte.c.obj)
 .rodata.str1.1
                0x0000000000004957        0xb spm/zephyr/modules/nrf/drivers/hw_cc310/libspm_..__nrf__drivers__hw_cc310.a(hw_cc310.c.obj)
 .rodata.bg_thread_main.str1.1
                0x0000000000004962       0x48 spm/zephyr/kernel/libspm_kernel.a(init.c.obj)
 .rodata.z_cstart.str1.1
                0x00000000000049aa        0xa spm/zephyr/kernel/libspm_kernel.a(init.c.obj)
 .rodata.str1.1
                0x00000000000049b4        0x1 spm/zephyr/kernel/libspm_kernel.a(mem_slab.c.obj)
 .rodata.str1.1
                0x00000000000049b4        0x1 spm/zephyr/kernel/libspm_kernel.a(mempool.c.obj)
 *(SORT_BY_ALIGNMENT(.gnu.linkonce.r.*))
                0x00000000000049b8                . = ALIGN (0x4)
                0x00000000000049b4                _ext_abis_start = .
 *(SORT_BY_ALIGNMENT(.ext_abis))
                0x0000000000000000                _ext_abis_size = ABSOLUTE (((. - _ext_abis_start) / 0x4))
                0x00000000000049b8                . = ALIGN (0x4)
                0x00000000000049b4                _image_rodata_end = .
                0x00000000000049c0                . = ALIGN (_region_min_align)
                0x00000000000049c0                _image_rom_end = .
                0x0000000020000000                . = 0x20000000
                0x0000000020000000                . = ALIGN (_region_min_align)
                0x0000000020000000                _image_ram_start = .

.ramfunc        0x0000000020000000        0x0 load address 0x00000000000049b4
                0x0000000020000000                . = ALIGN (_region_min_align)
                0x0000000020000000                _ramfunc_ram_start = .
 *(SORT_BY_ALIGNMENT(.ramfunc))
 *(SORT_BY_ALIGNMENT(.ramfunc.*))
                0x0000000020000000                . = ALIGN (_region_min_align)
                0x0000000020000000                _ramfunc_ram_end = .
                0x0000000000000000                _ramfunc_ram_size = (_ramfunc_ram_end - _ramfunc_ram_start)
                0x00000000000049b4                _ramfunc_rom_start = LOADADDR (.ramfunc)

bss             0x0000000020000000      0x68d
                0x0000000020000000                . = ALIGN (0x4)
                0x0000000020000000                __bss_start = .
                0x0000000020000000                __kernel_ram_start = .
 *(SORT_BY_ALIGNMENT(.bss))
 *(SORT_BY_ALIGNMENT(.bss.*))
 .bss.curr_tick
                0x0000000020000000        0x8 spm/zephyr/kernel/libspm_kernel.a(timeout.c.obj)
 .bss.uart_console_dev
                0x0000000020000008        0x4 spm/zephyr/libspm_zephyr.a(uart_console.c.obj)
 .bss.hfclk     0x000000002000000c        0xc spm/zephyr/libspm_zephyr.a(nrf_power_clock.c.obj)
 .bss.lfclk     0x0000000020000018        0xc spm/zephyr/libspm_zephyr.a(nrf_power_clock.c.obj)
 .bss.last_count
                0x0000000020000024        0x4 spm/zephyr/libspm_zephyr.a(nrf_rtc_timer.c.obj)
 .bss.mutex_slab
                0x0000000020000028       0x1c spm/zephyr/libspm_zephyr.a(nrf_cc310_platform_mutex_zephyr.c.obj)
                0x0000000020000028                mutex_slab
 .bss.mutex_slab_buffer
                0x0000000020000044      0x500 spm/zephyr/libspm_zephyr.a(nrf_cc310_platform_mutex_zephyr.c.obj)
                0x0000000020000044                mutex_slab_buffer
 .bss.dyn_reg_info
                0x0000000020000544       0x14 spm/zephyr/arch/arch/arm/core/cortex_m/mpu/libspm_arch__arm__core__cortex_m__mpu.a(arm_mpu.c.obj)
 .bss.z_idle_thread
                0x0000000020000558       0x6c spm/zephyr/kernel/libspm_kernel.a(init.c.obj)
                0x0000000020000558                z_idle_thread
 .bss.z_main_thread
                0x00000000200005c4       0x6c spm/zephyr/kernel/libspm_kernel.a(init.c.obj)
                0x00000000200005c4                z_main_thread
 .bss._kernel   0x0000000020000630       0x30 spm/zephyr/kernel/libspm_kernel.a(sched.c.obj)
                0x0000000020000630                _kernel
 .bss.pending_current
                0x0000000020000660        0x4 spm/zephyr/kernel/libspm_kernel.a(sched.c.obj)
 .bss.slice_max_prio
                0x0000000020000664        0x4 spm/zephyr/kernel/libspm_kernel.a(sched.c.obj)
 .bss.slice_time
                0x0000000020000668        0x4 spm/zephyr/kernel/libspm_kernel.a(sched.c.obj)
 .bss.announce_remaining
                0x000000002000066c        0x4 spm/zephyr/kernel/libspm_kernel.a(timeout.c.obj)
 .bss.use_count
                0x0000000020000670        0x4 /home/thomas/Documents/UA/Doctoraat/projects/nb-iot-multiple-bs/ncs/nrfxlib/crypto/nrf_cc310_mbedcrypto/lib/cortex-m33/hard-float/no-interrupts/libnrf_cc310_mbedcrypto_0.9.1.a(cc_pal_pm.c.obj)
 .bss.nrf_cc310_platform_initialized
                0x0000000020000674        0x4 /home/thomas/Documents/UA/Doctoraat/projects/nb-iot-multiple-bs/ncs/nrfxlib/crypto/nrf_cc310_platform/lib/cortex-m33/hard-float/no-interrupts/libnrf_cc310_platform_0.9.1.a(nrf_cc310_platform.c.obj)
 .bss.nrf_cc310_platform_rng_initialized
                0x0000000020000678        0x4 /home/thomas/Documents/UA/Doctoraat/projects/nb-iot-multiple-bs/ncs/nrfxlib/crypto/nrf_cc310_platform/lib/cortex-m33/hard-float/no-interrupts/libnrf_cc310_platform_0.9.1.a(nrf_cc310_platform.c.obj)
 .bss.asym_mutex
                0x000000002000067c        0x4 /home/thomas/Documents/UA/Doctoraat/projects/nb-iot-multiple-bs/ncs/nrfxlib/crypto/nrf_cc310_platform/lib/cortex-m33/hard-float/no-interrupts/libnrf_cc310_platform_0.9.1.a(nrf_cc310_platform_mutex.c.obj)
 .bss.power_mutex
                0x0000000020000680        0x4 /home/thomas/Documents/UA/Doctoraat/projects/nb-iot-multiple-bs/ncs/nrfxlib/crypto/nrf_cc310_platform/lib/cortex-m33/hard-float/no-interrupts/libnrf_cc310_platform_0.9.1.a(nrf_cc310_platform_mutex.c.obj)
 .bss.rng_mutex
                0x0000000020000684        0x4 /home/thomas/Documents/UA/Doctoraat/projects/nb-iot-multiple-bs/ncs/nrfxlib/crypto/nrf_cc310_platform/lib/cortex-m33/hard-float/no-interrupts/libnrf_cc310_platform_0.9.1.a(nrf_cc310_platform_mutex.c.obj)
 .bss.sym_mutex
                0x0000000020000688        0x4 /home/thomas/Documents/UA/Doctoraat/projects/nb-iot-multiple-bs/ncs/nrfxlib/crypto/nrf_cc310_platform/lib/cortex-m33/hard-float/no-interrupts/libnrf_cc310_platform_0.9.1.a(nrf_cc310_platform_mutex.c.obj)
 .bss.static_regions_num
                0x000000002000068c        0x1 spm/zephyr/arch/arch/arm/core/cortex_m/mpu/libspm_arch__arm__core__cortex_m__mpu.a(arm_mpu.c.obj)
 .bss.lock      0x000000002000068d        0x0 spm/zephyr/kernel/libspm_kernel.a(mem_slab.c.obj)
 .bss.lock      0x000000002000068d        0x0 spm/zephyr/kernel/libspm_kernel.a(mutex.c.obj)
 .bss.lock      0x000000002000068d        0x0 spm/zephyr/kernel/libspm_kernel.a(thread.c.obj)
 *(SORT_BY_ALIGNMENT(COMMON))
 *(SORT_BY_ALIGNMENT(.kernel_bss.*))
                0x0000000020000690                __bss_end = ALIGN (0x4)

noinit          0x0000000020000690      0xd44
 *(SORT_BY_ALIGNMENT(.noinit))
 *(SORT_BY_ALIGNMENT(.noinit.*))
 .noinit."ZEPHYR_BASE/kernel/init.c".3
                0x0000000020000690      0x400 spm/zephyr/kernel/libspm_kernel.a(init.c.obj)
                0x0000000020000690                z_main_stack
 .noinit."ZEPHYR_BASE/kernel/init.c".4
                0x0000000020000a90      0x140 spm/zephyr/kernel/libspm_kernel.a(init.c.obj)
                0x0000000020000a90                z_idle_stack
 .noinit."ZEPHYR_BASE/kernel/init.c".5
                0x0000000020000bd0      0x800 spm/zephyr/kernel/libspm_kernel.a(init.c.obj)
                0x0000000020000bd0                _interrupt_stack
 .noinit."/home/thomas/Documents/UA/Doctoraat/projects/nb-iot-multiple-bs/ncs/nrf/subsys/fw_info/fw_info.c".0
                0x00000000200013d0        0x4 spm/zephyr/modules/nrf/subsys/fw_info/libspm_..__nrf__subsys__fw_info.a(fw_info.c.obj)
                0x00000000200013d0                abi_getter_in
 *(SORT_BY_ALIGNMENT(.kernel_noinit.*))

datas           0x00000000200013d4       0x80 load address 0x00000000000049b4
                0x00000000200013d4                __data_ram_start = .
 *(SORT_BY_ALIGNMENT(.data))
 *(SORT_BY_ALIGNMENT(.data.*))
 .data._char_out
                0x00000000200013d4        0x4 spm/zephyr/libspm_zephyr.a(printk.c.obj)
                0x00000000200013d4                _char_out
 .data.asym_mutex
                0x00000000200013d8        0x8 spm/zephyr/libspm_zephyr.a(nrf_cc310_platform_mutex_zephyr.c.obj)
                0x00000000200013d8                asym_mutex
 .data.power_mutex
                0x00000000200013e0        0x8 spm/zephyr/libspm_zephyr.a(nrf_cc310_platform_mutex_zephyr.c.obj)
                0x00000000200013e0                power_mutex
 .data.rng_mutex
                0x00000000200013e8        0x8 spm/zephyr/libspm_zephyr.a(nrf_cc310_platform_mutex_zephyr.c.obj)
                0x00000000200013e8                rng_mutex
 .data.sym_mutex
                0x00000000200013f0        0x8 spm/zephyr/libspm_zephyr.a(nrf_cc310_platform_mutex_zephyr.c.obj)
                0x00000000200013f0                sym_mutex
 .data._stdout_hook
                0x00000000200013f8        0x4 spm/zephyr/lib/libc/minimal/libspm_lib__libc__minimal.a(stdout_console.c.obj)
 .data.uarte_0_data
                0x00000000200013fc        0xc spm/zephyr/drivers/serial/libspm_drivers__serial.a(uart_nrfx_uarte.c.obj)
 .data.SystemCoreClock
                0x0000000020001408        0x4 spm/zephyr/modules/nordic/libspm_..__modules__hal__nordic.a(system_nrf9160.c.obj)
                0x0000000020001408                SystemCoreClock
 .data.timeout_list
                0x000000002000140c        0x8 spm/zephyr/kernel/libspm_kernel.a(timeout.c.obj)
 .data.CCAsymCryptoMutex
                0x0000000020001414        0x4 /home/thomas/Documents/UA/Doctoraat/projects/nb-iot-multiple-bs/ncs/nrfxlib/crypto/nrf_cc310_mbedcrypto/lib/cortex-m33/hard-float/no-interrupts/libnrf_cc310_mbedcrypto_0.9.1.a(cc_pal.c.obj)
                0x0000000020001414                CCAsymCryptoMutex
 .data.CCPowerMutex
                0x0000000020001418        0x4 /home/thomas/Documents/UA/Doctoraat/projects/nb-iot-multiple-bs/ncs/nrfxlib/crypto/nrf_cc310_mbedcrypto/lib/cortex-m33/hard-float/no-interrupts/libnrf_cc310_mbedcrypto_0.9.1.a(cc_pal.c.obj)
                0x0000000020001418                CCPowerMutex
 .data.CCRndCryptoMutex
                0x000000002000141c        0x4 /home/thomas/Documents/UA/Doctoraat/projects/nb-iot-multiple-bs/ncs/nrfxlib/crypto/nrf_cc310_mbedcrypto/lib/cortex-m33/hard-float/no-interrupts/libnrf_cc310_mbedcrypto_0.9.1.a(cc_pal.c.obj)
                0x000000002000141c                CCRndCryptoMutex
 .data.CCSymCryptoMutex
                0x0000000020001420        0x4 /home/thomas/Documents/UA/Doctoraat/projects/nb-iot-multiple-bs/ncs/nrfxlib/crypto/nrf_cc310_mbedcrypto/lib/cortex-m33/hard-float/no-interrupts/libnrf_cc310_mbedcrypto_0.9.1.a(cc_pal.c.obj)
                0x0000000020001420                CCSymCryptoMutex
 .data.pCCRndCryptoMutex
                0x0000000020001424        0x4 /home/thomas/Documents/UA/Doctoraat/projects/nb-iot-multiple-bs/ncs/nrfxlib/crypto/nrf_cc310_mbedcrypto/lib/cortex-m33/hard-float/no-interrupts/libnrf_cc310_mbedcrypto_0.9.1.a(cc_pal.c.obj)
                0x0000000020001424                pCCRndCryptoMutex
 .data.platform_abort_apis
                0x0000000020001428        0x8 /home/thomas/Documents/UA/Doctoraat/projects/nb-iot-multiple-bs/ncs/nrfxlib/crypto/nrf_cc310_platform/lib/cortex-m33/hard-float/no-interrupts/libnrf_cc310_platform_0.9.1.a(nrf_cc310_platform_abort.c.obj)
                0x0000000020001428                platform_abort_apis
 .data.platform_mutex_apis
                0x0000000020001430       0x10 /home/thomas/Documents/UA/Doctoraat/projects/nb-iot-multiple-bs/ncs/nrfxlib/crypto/nrf_cc310_platform/lib/cortex-m33/hard-float/no-interrupts/libnrf_cc310_platform_0.9.1.a(nrf_cc310_platform_mutex.c.obj)
                0x0000000020001430                platform_mutex_apis
 .data.platform_mutexes
                0x0000000020001440       0x14 /home/thomas/Documents/UA/Doctoraat/projects/nb-iot-multiple-bs/ncs/nrfxlib/crypto/nrf_cc310_platform/lib/cortex-m33/hard-float/no-interrupts/libnrf_cc310_platform_0.9.1.a(nrf_cc310_platform_mutex.c.obj)
                0x0000000020001440                platform_mutexes
 *(SORT_BY_ALIGNMENT(.kernel.*))
                0x00000000000049b4                __data_rom_start = LOADADDR (datas)

initlevel       0x0000000020001454       0x78 load address 0x0000000000004a34
                0x0000000020001454                __device_init_start = .
                0x0000000020001454                __device_PRE_KERNEL_1_start = .
 *(SORT_BY_NAME(SORT_BY_ALIGNMENT(.init_PRE_KERNEL_1[0-9])))
 .init_PRE_KERNEL_10
                0x0000000020001454        0xc spm/zephyr/libspm_zephyr.a(soc.c.obj)
 *(SORT_BY_NAME(SORT_BY_ALIGNMENT(.init_PRE_KERNEL_1[1-9][0-9])))
 .init_PRE_KERNEL_130
                0x0000000020001460        0xc spm/zephyr/kernel/libspm_kernel.a(mem_slab.c.obj)
 .init_PRE_KERNEL_130
                0x000000002000146c        0xc spm/zephyr/kernel/libspm_kernel.a(mempool.c.obj)
 .init_PRE_KERNEL_140
                0x0000000020001478        0xc spm/zephyr/arch/arch/arm/core/cortex_m/mpu/libspm_arch__arm__core__cortex_m__mpu.a(arm_mpu.c.obj)
 .init_PRE_KERNEL_150
                0x0000000020001484       0x18 spm/zephyr/libspm_zephyr.a(nrf_power_clock.c.obj)
 .init_PRE_KERNEL_150
                0x000000002000149c        0xc spm/zephyr/drivers/serial/libspm_drivers__serial.a(uart_nrfx_uarte.c.obj)
 .init_PRE_KERNEL_160
                0x00000000200014a8        0xc spm/zephyr/libspm_zephyr.a(uart_console.c.obj)
                0x00000000200014b4                __device_PRE_KERNEL_2_start = .
 *(SORT_BY_NAME(SORT_BY_ALIGNMENT(.init_PRE_KERNEL_2[0-9])))
 .init_PRE_KERNEL_20
                0x00000000200014b4        0xc spm/zephyr/libspm_zephyr.a(sys_clock_init.c.obj)
 *(SORT_BY_NAME(SORT_BY_ALIGNMENT(.init_PRE_KERNEL_2[1-9][0-9])))
                0x00000000200014c0                __device_POST_KERNEL_start = .
 *(SORT_BY_NAME(SORT_BY_ALIGNMENT(.init_POST_KERNEL[0-9])))
 *(SORT_BY_NAME(SORT_BY_ALIGNMENT(.init_POST_KERNEL[1-9][0-9])))
 .init_POST_KERNEL40
                0x00000000200014c0        0xc spm/zephyr/modules/nrf/drivers/hw_cc310/libspm_..__nrf__drivers__hw_cc310.a(hw_cc310.c.obj)
                0x00000000200014cc                __device_APPLICATION_start = .
 *(SORT_BY_NAME(SORT_BY_ALIGNMENT(.init_APPLICATION[0-9])))
 *(SORT_BY_NAME(SORT_BY_ALIGNMENT(.init_APPLICATION[1-9][0-9])))
                0x00000000200014cc                __device_init_end = .

initlevel_error
                0x0000000020001454        0x0
 *(SORT_BY_NAME(SORT_BY_ALIGNMENT(.init_[_A-Z0-9]*)))
                0x0000000000000001                ASSERT ((SIZEOF (initlevel_error) == 0x0), Undefined initialization levels used.)

initshell       0x00000000200014cc        0x0 load address 0x0000000000004aac
                0x00000000200014cc                __shell_module_start = .
 *(SORT_BY_ALIGNMENT(.shell_module_*))
                0x00000000200014cc                __shell_module_end = .
                0x00000000200014cc                __shell_cmd_start = .
 *(SORT_BY_ALIGNMENT(.shell_cmd_*))
                0x00000000200014cc                __shell_cmd_end = .

log_dynamic_sections
                0x00000000200014cc        0x0 load address 0x0000000000004aac
                0x00000000200014cc                __log_dynamic_start = .
 *(SORT_BY_NAME(SORT_BY_ALIGNMENT(.log_dynamic_*)))
                0x00000000200014cc                __log_dynamic_end = .

_static_thread_area
                0x00000000200014cc        0x0 load address 0x0000000000004aac
                0x00000000200014cc                __static_thread_data_list_start = .
 *(SORT_BY_NAME(SORT_BY_ALIGNMENT(.__static_thread_data.static.*)))
                0x00000000200014cc                __static_thread_data_list_end = .

_k_timer_area   0x00000000200014cc        0x0 load address 0x0000000000004aac
                0x00000000200014cc                _k_timer_list_start = .
 *(SORT_BY_ALIGNMENT(._k_timer.static.*))
                0x00000000200014cc                _k_timer_list_end = .

_k_mem_slab_area
                0x00000000200014cc        0x0 load address 0x0000000000004aac
                0x00000000200014cc                _k_mem_slab_list_start = .
 *(SORT_BY_ALIGNMENT(._k_mem_slab.static.*))
                0x00000000200014cc                _k_mem_slab_list_end = .

_k_mem_pool_area
                0x00000000200014cc        0x0 load address 0x0000000000004aac
                0x00000000200014cc                _k_mem_pool_list_start = .
 *(SORT_BY_ALIGNMENT(._k_mem_pool.static.*))
                0x00000000200014cc                _k_mem_pool_list_end = .

_k_sem_area     0x00000000200014cc        0x0 load address 0x0000000000004aac
                0x00000000200014cc                _k_sem_list_start = .
 *(SORT_BY_ALIGNMENT(._k_sem.static.*))
 *(SORT_BY_ALIGNMENT(._sys_sem.static.*))
                0x00000000200014cc                _k_sem_list_end = .

_k_mutex_area   0x00000000200014cc       0x64 load address 0x0000000000004aac
                0x00000000200014cc                _k_mutex_list_start = .
 *(SORT_BY_ALIGNMENT(._k_mutex.static.*))
 ._k_mutex.static.fdtable_lock
                0x00000000200014cc       0x14 spm/zephyr/libspm_zephyr.a(fdtable.c.obj)
 ._k_mutex.static.asym_mutex_int
                0x00000000200014e0       0x14 spm/zephyr/libspm_zephyr.a(nrf_cc310_platform_mutex_zephyr.c.obj)
                0x00000000200014e0                asym_mutex_int
 ._k_mutex.static.power_mutex_int
                0x00000000200014f4       0x14 spm/zephyr/libspm_zephyr.a(nrf_cc310_platform_mutex_zephyr.c.obj)
                0x00000000200014f4                power_mutex_int
 ._k_mutex.static.rng_mutex_int
                0x0000000020001508       0x14 spm/zephyr/libspm_zephyr.a(nrf_cc310_platform_mutex_zephyr.c.obj)
                0x0000000020001508                rng_mutex_int
 ._k_mutex.static.sym_mutex_int
                0x000000002000151c       0x14 spm/zephyr/libspm_zephyr.a(nrf_cc310_platform_mutex_zephyr.c.obj)
                0x000000002000151c                sym_mutex_int
                0x0000000020001530                _k_mutex_list_end = .

_k_queue_area   0x0000000020001530        0x0 load address 0x0000000000004b10
                0x0000000020001530                _k_queue_list_start = .
 *(SORT_BY_ALIGNMENT(._k_queue.static.*))
 *(SORT_BY_ALIGNMENT(._k_fifo.static.*))
 *(SORT_BY_ALIGNMENT(._k_lifo.static.*))
                0x0000000020001530                _k_queue_list_end = .

_k_stack_area   0x0000000020001530        0x0 load address 0x0000000000004b10
                0x0000000020001530                _k_stack_list_start = .
 *(SORT_BY_ALIGNMENT(._k_stack.static.*))
                0x0000000020001530                _k_stack_list_end = .

_k_msgq_area    0x0000000020001530        0x0 load address 0x0000000000004b10
                0x0000000020001530                _k_msgq_list_start = .
 *(SORT_BY_ALIGNMENT(._k_msgq.static.*))
                0x0000000020001530                _k_msgq_list_end = .

_k_mbox_area    0x0000000020001530        0x0 load address 0x0000000000004b10
                0x0000000020001530                _k_mbox_list_start = .
 *(SORT_BY_ALIGNMENT(._k_mbox.static.*))
                0x0000000020001530                _k_mbox_list_end = .

_k_pipe_area    0x0000000020001530        0x0 load address 0x0000000000004b10
                0x0000000020001530                _k_pipe_list_start = .
 *(SORT_BY_ALIGNMENT(._k_pipe.static.*))
                0x0000000020001530                _k_pipe_list_end = .

_net_buf_pool_area
                0x0000000020001530        0x0 load address 0x0000000000004b10
                0x0000000020001530                _net_buf_pool_list = .
 *(SORT_BY_NAME(SORT_BY_ALIGNMENT(._net_buf_pool.static.*)))

net_if          0x0000000020001530        0x0 load address 0x0000000000004b10
                0x0000000020001530                __net_if_start = .
 *(SORT_BY_ALIGNMENT(.net_if.*))
 *(SORT_BY_NAME(SORT_BY_ALIGNMENT(.net_if.*)))
                0x0000000020001530                __net_if_end = .

net_if_dev      0x0000000020001530        0x0 load address 0x0000000000004b10
                0x0000000020001530                __net_if_dev_start = .
 *(SORT_BY_ALIGNMENT(.net_if_dev.*))
 *(SORT_BY_NAME(SORT_BY_ALIGNMENT(.net_if_dev.*)))
                0x0000000020001530                __net_if_dev_end = .

net_l2_data     0x0000000020001530        0x0 load address 0x0000000000004b10
                0x0000000020001530                __net_l2_data_start = .
 *(SORT_BY_ALIGNMENT(.net_l2.data))
 *(SORT_BY_NAME(SORT_BY_ALIGNMENT(.net_l2.data*)))
                0x0000000020001530                __net_l2_data_end = .

priv_stacks_noinit
                0x0000000020001530        0x0 load address 0x0000000000004b10
                0x0000000020001530                z_priv_stacks_ram_start = .
 *(SORT_BY_ALIGNMENT(.priv_stacks.noinit))
                0x0000000020001530                z_priv_stacks_ram_end = .
                0x0000000020001530                __data_ram_end = .
                0x0000000020001530                _image_ram_end = .
                0x0000000020001530                _end = .
                0x0000000020010000                __kernel_ram_end = 0x20010000
                0x0000000000010000                __kernel_ram_size = (__kernel_ram_end - __kernel_ram_start)

.intList        0x0000000020010000       0x28
 *(SORT_BY_ALIGNMENT(.irq_info))
 .irq_info      0x0000000020010000        0x8 spm/zephyr/arch/common/libspm_arch__common.a(isr_tables.c.obj)
                0x0000000020010000                _iheader
 *(SORT_BY_ALIGNMENT(.intList))
 .intList       0x0000000020010008       0x10 spm/zephyr/libspm_zephyr.a(nrf_power_clock.c.obj)
 .intList       0x0000000020010018       0x10 spm/zephyr/libspm_zephyr.a(nrf_rtc_timer.c.obj)
                0x0000000000000001                ASSERT (((((_image_rom_start + _flash_used) - 0x1) / 0x8000) < 0x1), SPM and app are sharing an SPU region. Cannot partition flash correctly into secure and non-secure. Adjust partitions sizes so they are placed in separate regions.)

.stab
 *(SORT_BY_ALIGNMENT(.stab))

.stabstr
 *(SORT_BY_ALIGNMENT(.stabstr))

.stab.excl
 *(SORT_BY_ALIGNMENT(.stab.excl))

.stab.exclstr
 *(SORT_BY_ALIGNMENT(.stab.exclstr))

.stab.index
 *(SORT_BY_ALIGNMENT(.stab.index))

.stab.indexstr
 *(SORT_BY_ALIGNMENT(.stab.indexstr))

.gnu.build.attributes
 *(SORT_BY_ALIGNMENT(.gnu.build.attributes) SORT_BY_ALIGNMENT(.gnu.build.attributes.*))

.comment        0x0000000000000000       0xf5
 *(SORT_BY_ALIGNMENT(.comment))
 .comment       0x0000000000000000       0x76 spm/spm_app/libspm_app.a(main.c.obj)
                                         0x77 (size before relaxing)
 .comment       0x0000000000000076       0x77 spm/zephyr/libspm_zephyr.a(fdtable.c.obj)
 .comment       0x0000000000000076       0x77 spm/zephyr/libspm_zephyr.a(mempool.c.obj)
 .comment       0x0000000000000076       0x77 spm/zephyr/libspm_zephyr.a(thread_entry.c.obj)
 .comment       0x0000000000000076       0x77 spm/zephyr/libspm_zephyr.a(printk.c.obj)
 .comment       0x0000000000000076       0x77 spm/zephyr/libspm_zephyr.a(configs.c.obj)
 .comment       0x0000000000000076       0x77 spm/zephyr/libspm_zephyr.a(soc.c.obj)
 .comment       0x0000000000000076       0x77 spm/zephyr/libspm_zephyr.a(mpu_regions.c.obj)
 .comment       0x0000000000000076       0x77 spm/zephyr/libspm_zephyr.a(uart_console.c.obj)
 .comment       0x0000000000000076       0x77 spm/zephyr/libspm_zephyr.a(nrf_power_clock.c.obj)
 .comment       0x0000000000000076       0x77 spm/zephyr/libspm_zephyr.a(sys_clock_init.c.obj)
 .comment       0x0000000000000076       0x77 spm/zephyr/libspm_zephyr.a(nrf_rtc_timer.c.obj)
 .comment       0x0000000000000076       0x77 spm/zephyr/libspm_zephyr.a(spm.c.obj)
 .comment       0x0000000000000076       0x77 spm/zephyr/libspm_zephyr.a(secure_services.c.obj)
 .comment       0x0000000000000076       0x77 spm/zephyr/libspm_zephyr.a(nrf_cc310_platform_abort_zephyr.c.obj)
 .comment       0x0000000000000076       0x77 spm/zephyr/libspm_zephyr.a(nrf_cc310_platform_mutex_zephyr.c.obj)
 .comment       0x0000000000000076       0x77 spm/zephyr/arch/common/libspm_arch__common.a(isr_tables.c.obj)
 .comment       0x0000000000000076       0x77 spm/zephyr/arch/arch/arm/core/libspm_arch__arm__core.a(swap.c.obj)
 .comment       0x0000000000000076       0x77 spm/zephyr/arch/arch/arm/core/libspm_arch__arm__core.a(irq_manage.c.obj)
 .comment       0x0000000000000076       0x77 spm/zephyr/arch/arch/arm/core/libspm_arch__arm__core.a(thread.c.obj)
 .comment       0x0000000000000076       0x77 spm/zephyr/arch/arch/arm/core/libspm_arch__arm__core.a(fatal.c.obj)
 .comment       0x0000000000000076       0x77 spm/zephyr/arch/arch/arm/core/libspm_arch__arm__core.a(nmi.c.obj)
 .comment       0x0000000000000076       0x77 spm/zephyr/arch/arch/arm/core/libspm_arch__arm__core.a(prep_c.c.obj)
 .comment       0x0000000000000076       0x77 spm/zephyr/arch/arch/arm/core/cortex_m/libspm_arch__arm__core__cortex_m.a(fault.c.obj)
 .comment       0x0000000000000076       0x77 spm/zephyr/arch/arch/arm/core/cortex_m/libspm_arch__arm__core__cortex_m.a(irq_init.c.obj)
 .comment       0x0000000000000076       0x77 spm/zephyr/arch/arch/arm/core/cortex_m/libspm_arch__arm__core__cortex_m.a(thread_abort.c.obj)
 .comment       0x0000000000000076       0x77 spm/zephyr/arch/arch/arm/core/cortex_m/mpu/libspm_arch__arm__core__cortex_m__mpu.a(arm_core_mpu.c.obj)
 .comment       0x0000000000000076       0x77 spm/zephyr/arch/arch/arm/core/cortex_m/mpu/libspm_arch__arm__core__cortex_m__mpu.a(arm_mpu.c.obj)
 .comment       0x0000000000000076       0x77 spm/zephyr/arch/arch/arm/core/cortex_m/cmse/libspm_arch__arm__core__cortex_m__cmse.a(arm_core_cmse.c.obj)
 .comment       0x0000000000000076       0x77 spm/zephyr/arch/arch/arm/core/cortex_m/tz/libspm_arch__arm__core__cortex_m__tz.a(arm_core_tz.c.obj)
 .comment       0x0000000000000076       0x77 spm/zephyr/lib/libc/minimal/libspm_lib__libc__minimal.a(string.c.obj)
 .comment       0x0000000000000076       0x77 spm/zephyr/lib/libc/minimal/libspm_lib__libc__minimal.a(stdout_console.c.obj)
 .comment       0x0000000000000076       0x77 spm/zephyr/drivers/serial/libspm_drivers__serial.a(uart_nrfx_uarte.c.obj)
 .comment       0x0000000000000076       0x77 spm/zephyr/modules/nrf/subsys/fw_info/libspm_..__nrf__subsys__fw_info.a(fw_info.c.obj)
 .comment       0x0000000000000076       0x77 spm/zephyr/modules/nrf/drivers/hw_cc310/libspm_..__nrf__drivers__hw_cc310.a(hw_cc310.c.obj)
 .comment       0x0000000000000076       0x77 spm/zephyr/modules/nordic/libspm_..__modules__hal__nordic.a(system_nrf9160.c.obj)
 .comment       0x0000000000000076       0x77 spm/zephyr/kernel/libspm_kernel.a(device.c.obj)
 .comment       0x0000000000000076       0x77 spm/zephyr/kernel/libspm_kernel.a(errno.c.obj)
 .comment       0x0000000000000076       0x77 spm/zephyr/kernel/libspm_kernel.a(fatal.c.obj)
 .comment       0x0000000000000076       0x77 spm/zephyr/kernel/libspm_kernel.a(idle.c.obj)
 .comment       0x0000000000000076       0x77 spm/zephyr/kernel/libspm_kernel.a(init.c.obj)
 .comment       0x0000000000000076       0x77 spm/zephyr/kernel/libspm_kernel.a(mem_slab.c.obj)
 .comment       0x0000000000000076       0x77 spm/zephyr/kernel/libspm_kernel.a(mutex.c.obj)
 .comment       0x0000000000000076       0x77 spm/zephyr/kernel/libspm_kernel.a(sched.c.obj)
 .comment       0x0000000000000076       0x77 spm/zephyr/kernel/libspm_kernel.a(thread.c.obj)
 .comment       0x0000000000000076       0x77 spm/zephyr/kernel/libspm_kernel.a(timeout.c.obj)
 .comment       0x0000000000000076       0x77 spm/zephyr/kernel/libspm_kernel.a(mempool.c.obj)
 .comment       0x0000000000000076       0x77 spm/zephyr/CMakeFiles/spm_offsets.dir/arch/arm/core/offsets/offsets.c.obj
 .comment       0x0000000000000076       0x7f /home/thomas/Documents/UA/Doctoraat/projects/nb-iot-multiple-bs/ncs/nrfxlib/crypto/nrf_cc310_mbedcrypto/lib/cortex-m33/hard-float/no-interrupts/libnrf_cc310_mbedcrypto_0.9.1.a(cc_pal_mem.c.obj)
                                         0x80 (size before relaxing)
 .comment       0x00000000000000f5       0x80 /home/thomas/Documents/UA/Doctoraat/projects/nb-iot-multiple-bs/ncs/nrfxlib/crypto/nrf_cc310_mbedcrypto/lib/cortex-m33/hard-float/no-interrupts/libnrf_cc310_mbedcrypto_0.9.1.a(cc_pal.c.obj)
 .comment       0x00000000000000f5       0x80 /home/thomas/Documents/UA/Doctoraat/projects/nb-iot-multiple-bs/ncs/nrfxlib/crypto/nrf_cc310_mbedcrypto/lib/cortex-m33/hard-float/no-interrupts/libnrf_cc310_mbedcrypto_0.9.1.a(cc_pal_dma.c.obj)
 .comment       0x00000000000000f5       0x80 /home/thomas/Documents/UA/Doctoraat/projects/nb-iot-multiple-bs/ncs/nrfxlib/crypto/nrf_cc310_mbedcrypto/lib/cortex-m33/hard-float/no-interrupts/libnrf_cc310_mbedcrypto_0.9.1.a(cc_pal_mutex.c.obj)
 .comment       0x00000000000000f5       0x80 /home/thomas/Documents/UA/Doctoraat/projects/nb-iot-multiple-bs/ncs/nrfxlib/crypto/nrf_cc310_mbedcrypto/lib/cortex-m33/hard-float/no-interrupts/libnrf_cc310_mbedcrypto_0.9.1.a(cc_pal_pm.c.obj)
 .comment       0x00000000000000f5       0x80 /home/thomas/Documents/UA/Doctoraat/projects/nb-iot-multiple-bs/ncs/nrfxlib/crypto/nrf_cc310_mbedcrypto/lib/cortex-m33/hard-float/no-interrupts/libnrf_cc310_mbedcrypto_0.9.1.a(cc_hal.c.obj)
 .comment       0x00000000000000f5       0x80 /home/thomas/Documents/UA/Doctoraat/projects/nb-iot-multiple-bs/ncs/nrfxlib/crypto/nrf_cc310_mbedcrypto/lib/cortex-m33/hard-float/no-interrupts/libnrf_cc310_mbedcrypto_0.9.1.a(cc_pal_interrupt_ctrl.c.obj)
 .comment       0x00000000000000f5       0x80 /home/thomas/Documents/UA/Doctoraat/projects/nb-iot-multiple-bs/ncs/nrfxlib/crypto/nrf_cc310_platform/lib/cortex-m33/hard-float/no-interrupts/libnrf_cc310_platform_0.9.1.a(platform_alt.c.obj)
 .comment       0x00000000000000f5       0x80 /home/thomas/Documents/UA/Doctoraat/projects/nb-iot-multiple-bs/ncs/nrfxlib/crypto/nrf_cc310_platform/lib/cortex-m33/hard-float/no-interrupts/libnrf_cc310_platform_0.9.1.a(cc_rng_plat.c.obj)
 .comment       0x00000000000000f5       0x80 /home/thomas/Documents/UA/Doctoraat/projects/nb-iot-multiple-bs/ncs/nrfxlib/crypto/nrf_cc310_platform/lib/cortex-m33/hard-float/no-interrupts/libnrf_cc310_platform_0.9.1.a(nrf_cc310_platform.c.obj)
 .comment       0x00000000000000f5       0x80 /home/thomas/Documents/UA/Doctoraat/projects/nb-iot-multiple-bs/ncs/nrfxlib/crypto/nrf_cc310_platform/lib/cortex-m33/hard-float/no-interrupts/libnrf_cc310_platform_0.9.1.a(nrf_cc310_platform_abort.c.obj)
 .comment       0x00000000000000f5       0x80 /home/thomas/Documents/UA/Doctoraat/projects/nb-iot-multiple-bs/ncs/nrfxlib/crypto/nrf_cc310_platform/lib/cortex-m33/hard-float/no-interrupts/libnrf_cc310_platform_0.9.1.a(nrf_cc310_platform_mutex.c.obj)
 .comment       0x00000000000000f5       0x80 /home/thomas/Documents/UA/Doctoraat/projects/nb-iot-multiple-bs/ncs/nrfxlib/crypto/nrf_cc310_platform/lib/cortex-m33/hard-float/no-interrupts/libnrf_cc310_platform_0.9.1.a(cc_lib.c.obj)
 .comment       0x00000000000000f5       0x80 /home/thomas/Documents/UA/Doctoraat/projects/nb-iot-multiple-bs/ncs/nrfxlib/crypto/nrf_cc310_platform/lib/cortex-m33/hard-float/no-interrupts/libnrf_cc310_platform_0.9.1.a(cc_pal_trng.c.obj)
 .comment       0x00000000000000f5       0x80 /home/thomas/Documents/UA/Doctoraat/projects/nb-iot-multiple-bs/ncs/nrfxlib/crypto/nrf_cc310_platform/lib/cortex-m33/hard-float/no-interrupts/libnrf_cc310_platform_0.9.1.a(llf_rnd_trng90b.c.obj)
 .comment       0x00000000000000f5       0x80 /home/thomas/Documents/UA/Doctoraat/projects/nb-iot-multiple-bs/ncs/nrfxlib/crypto/nrf_cc310_platform/lib/cortex-m33/hard-float/no-interrupts/libnrf_cc310_platform_0.9.1.a(llf_rnd.c.obj)

.debug
 *(SORT_BY_ALIGNMENT(.debug))

.line
 *(SORT_BY_ALIGNMENT(.line))

.debug_srcinfo
 *(SORT_BY_ALIGNMENT(.debug_srcinfo))

.debug_sfnames
 *(SORT_BY_ALIGNMENT(.debug_sfnames))

.debug_aranges  0x0000000000000000      0xe20
 *(SORT_BY_ALIGNMENT(.debug_aranges))
 .debug_aranges
                0x0000000000000000       0x20 spm/zephyr/arch/arch/arm/core/libspm_arch__arm__core.a(exc_exit.S.obj)
 .debug_aranges
                0x0000000000000020       0x28 spm/zephyr/arch/arch/arm/core/libspm_arch__arm__core.a(swap_helper.S.obj)
 .debug_aranges
                0x0000000000000048       0x30 spm/zephyr/arch/arch/arm/core/libspm_arch__arm__core.a(cpu_idle.S.obj)
 .debug_aranges
                0x0000000000000078       0x20 spm/zephyr/arch/arch/arm/core/libspm_arch__arm__core.a(fault_s.S.obj)
 .debug_aranges
                0x0000000000000098       0x20 spm/zephyr/arch/arch/arm/core/libspm_arch__arm__core.a(nmi_on_reset.S.obj)
 .debug_aranges
                0x00000000000000b8       0x20 spm/zephyr/arch/arch/arm/core/libspm_arch__arm__core.a(isr_wrapper.S.obj)
 .debug_aranges
                0x00000000000000d8       0x20 spm/zephyr/arch/arch/arm/core/cortex_m/libspm_arch__arm__core__cortex_m.a(reset.S.obj)
 .debug_aranges
                0x00000000000000f8       0x20 spm/spm_app/libspm_app.a(main.c.obj)
 .debug_aranges
                0x0000000000000118       0x50 spm/zephyr/libspm_zephyr.a(fdtable.c.obj)
 .debug_aranges
                0x0000000000000168       0x68 spm/zephyr/libspm_zephyr.a(mempool.c.obj)
 .debug_aranges
                0x00000000000001d0       0x20 spm/zephyr/libspm_zephyr.a(thread_entry.c.obj)
 .debug_aranges
                0x00000000000001f0       0x80 spm/zephyr/libspm_zephyr.a(printk.c.obj)
 .debug_aranges
                0x0000000000000270       0x20 spm/zephyr/libspm_zephyr.a(configs.c.obj)
 .debug_aranges
                0x0000000000000290       0x30 spm/zephyr/libspm_zephyr.a(soc.c.obj)
 .debug_aranges
                0x00000000000002c0       0x18 spm/zephyr/libspm_zephyr.a(mpu_regions.c.obj)
 .debug_aranges
                0x00000000000002d8       0x30 spm/zephyr/libspm_zephyr.a(uart_console.c.obj)
 .debug_aranges
                0x0000000000000308       0x60 spm/zephyr/libspm_zephyr.a(nrf_power_clock.c.obj)
 .debug_aranges
                0x0000000000000368       0x40 spm/zephyr/libspm_zephyr.a(sys_clock_init.c.obj)
 .debug_aranges
                0x00000000000003a8       0x40 spm/zephyr/libspm_zephyr.a(nrf_rtc_timer.c.obj)
 .debug_aranges
                0x00000000000003e8       0x30 spm/zephyr/libspm_zephyr.a(spm.c.obj)
 .debug_aranges
                0x0000000000000418       0x38 spm/zephyr/libspm_zephyr.a(secure_services.c.obj)
 .debug_aranges
                0x0000000000000450       0x28 spm/zephyr/libspm_zephyr.a(nrf_cc310_platform_abort_zephyr.c.obj)
 .debug_aranges
                0x0000000000000478       0x40 spm/zephyr/libspm_zephyr.a(nrf_cc310_platform_mutex_zephyr.c.obj)
 .debug_aranges
                0x00000000000004b8       0x18 spm/zephyr/arch/common/libspm_arch__common.a(isr_tables.c.obj)
 .debug_aranges
                0x00000000000004d0       0x20 spm/zephyr/arch/arch/arm/core/libspm_arch__arm__core.a(swap.c.obj)
 .debug_aranges
                0x00000000000004f0       0x58 spm/zephyr/arch/arch/arm/core/libspm_arch__arm__core.a(irq_manage.c.obj)
 .debug_aranges
                0x0000000000000548       0x28 spm/zephyr/arch/arch/arm/core/libspm_arch__arm__core.a(thread.c.obj)
 .debug_aranges