Archive member included to satisfy reference by file (symbol)

app/libapp.a(main.c.obj)      (--whole-archive)
app/libapp.a(slm_at_host.c.obj)
                              (--whole-archive)
app/libapp.a(slm_at_tcpip.c.obj)
                              (--whole-archive)
app/libapp.a(slm_at_gps.c.obj)
                              (--whole-archive)
zephyr/libzephyr.a(crc32_sw.c.obj)
                              (--whole-archive)
zephyr/libzephyr.a(crc16_sw.c.obj)
                              (--whole-archive)
zephyr/libzephyr.a(crc8_sw.c.obj)
                              (--whole-archive)
zephyr/libzephyr.a(crc7_sw.c.obj)
                              (--whole-archive)
zephyr/libzephyr.a(dec.c.obj)
                              (--whole-archive)
zephyr/libzephyr.a(fdtable.c.obj)
                              (--whole-archive)
zephyr/libzephyr.a(hex.c.obj)
                              (--whole-archive)
zephyr/libzephyr.a(mempool.c.obj)
                              (--whole-archive)
zephyr/libzephyr.a(rb.c.obj)  (--whole-archive)
zephyr/libzephyr.a(sem.c.obj)
                              (--whole-archive)
zephyr/libzephyr.a(thread_entry.c.obj)
                              (--whole-archive)
zephyr/libzephyr.a(timeutil.c.obj)
                              (--whole-archive)
zephyr/libzephyr.a(work_q.c.obj)
                              (--whole-archive)
zephyr/libzephyr.a(printk.c.obj)
                              (--whole-archive)
zephyr/libzephyr.a(configs.c.obj)
                              (--whole-archive)
zephyr/libzephyr.a(soc.c.obj)
                              (--whole-archive)
zephyr/libzephyr.a(mpu_regions.c.obj)
                              (--whole-archive)
zephyr/libzephyr.a(validate_base_addresses.c.obj)
                              (--whole-archive)
zephyr/libzephyr.a(log_list.c.obj)
                              (--whole-archive)
zephyr/libzephyr.a(log_core.c.obj)
                              (--whole-archive)
zephyr/libzephyr.a(log_msg.c.obj)
                              (--whole-archive)
zephyr/libzephyr.a(log_output.c.obj)
                              (--whole-archive)
zephyr/libzephyr.a(log_backend_uart.c.obj)
                              (--whole-archive)
zephyr/libzephyr.a(addr_utils.c.obj)
                              (--whole-archive)
zephyr/libzephyr.a(socket_offload.c.obj)
                              (--whole-archive)
zephyr/libzephyr.a(power.c.obj)
                              (--whole-archive)
zephyr/libzephyr.a(policy_residency.c.obj)
                              (--whole-archive)
zephyr/libzephyr.a(uart_console.c.obj)
                              (--whole-archive)
zephyr/libzephyr.a(nrf_power_clock.c.obj)
                              (--whole-archive)
zephyr/libzephyr.a(sys_clock_init.c.obj)
                              (--whole-archive)
zephyr/libzephyr.a(nrf_rtc_timer.c.obj)
                              (--whole-archive)
zephyr/libzephyr.a(secure_services_ns.c.obj)
                              (--whole-archive)
zephyr/arch/common/libarch__common.a(isr_tables.c.obj)
                              (--whole-archive)
zephyr/arch/common/libarch__common.a(sw_isr_common.c.obj)
                              (--whole-archive)
zephyr/arch/arch/arm/core/libarch__arm__core.a(exc_exit.S.obj)
                              (--whole-archive)
zephyr/arch/arch/arm/core/libarch__arm__core.a(swap.c.obj)
                              (--whole-archive)
zephyr/arch/arch/arm/core/libarch__arm__core.a(swap_helper.S.obj)
                              (--whole-archive)
zephyr/arch/arch/arm/core/libarch__arm__core.a(irq_manage.c.obj)
                              (--whole-archive)
zephyr/arch/arch/arm/core/libarch__arm__core.a(thread.c.obj)
                              (--whole-archive)
zephyr/arch/arch/arm/core/libarch__arm__core.a(cpu_idle.S.obj)
                              (--whole-archive)
zephyr/arch/arch/arm/core/libarch__arm__core.a(fault_s.S.obj)
                              (--whole-archive)
zephyr/arch/arch/arm/core/libarch__arm__core.a(fatal.c.obj)
                              (--whole-archive)
zephyr/arch/arch/arm/core/libarch__arm__core.a(nmi.c.obj)
                              (--whole-archive)
zephyr/arch/arch/arm/core/libarch__arm__core.a(nmi_on_reset.S.obj)
                              (--whole-archive)
zephyr/arch/arch/arm/core/libarch__arm__core.a(prep_c.c.obj)
                              (--whole-archive)
zephyr/arch/arch/arm/core/libarch__arm__core.a(isr_wrapper.S.obj)
                              (--whole-archive)
zephyr/arch/arch/arm/core/cortex_m/libarch__arm__core__cortex_m.a(vector_table.S.obj)
                              (--whole-archive)
zephyr/arch/arch/arm/core/cortex_m/libarch__arm__core__cortex_m.a(reset.S.obj)
                              (--whole-archive)
zephyr/arch/arch/arm/core/cortex_m/libarch__arm__core__cortex_m.a(fault.c.obj)
                              (--whole-archive)
[...]
Memory Configuration

Name             Origin             Length             Attributes
FLASH            0x000000000000c000 0x00000000000f4000 xr
SRAM             0x0000000020020000 0x0000000000020000 xw
IDT_LIST         0x0000000020040000 0x0000000000000800 xw
*default*        0x0000000000000000 0xffffffffffffffff

Linker script and memory map

LOAD zephyr/CMakeFiles/zephyr_prebuilt.dir/misc/empty_file.c.obj
                0x0000000000000020                _region_min_align = 0x20

.rel.plt        0x000000000000c000        0x0
 *(SORT_BY_ALIGNMENT(.rel.plt))
                [!provide]                        PROVIDE (__rel_iplt_start = .)
 *(SORT_BY_ALIGNMENT(.rel.iplt))
 .rel.iplt      0x000000000000c000        0x0 app/libapp.a(main.c.obj)
                [!provide]                        PROVIDE (__rel_iplt_end = .)

.rela.plt       0x0000000000000000        0x0
 *(SORT_BY_ALIGNMENT(.rela.plt))
                [!provide]                        PROVIDE (__rela_iplt_start = .)
 *(SORT_BY_ALIGNMENT(.rela.iplt))
                [!provide]                        PROVIDE (__rela_iplt_end = .)

.rel.dyn
 *(SORT_BY_ALIGNMENT(.rel.*))

.rela.dyn
 *(SORT_BY_ALIGNMENT(.rela.*))

/DISCARD/
 *(SORT_BY_ALIGNMENT(.plt))
 *(SORT_BY_ALIGNMENT(.iplt))
 *(SORT_BY_ALIGNMENT(.got.plt))
 *(SORT_BY_ALIGNMENT(.igot.plt))
 *(SORT_BY_ALIGNMENT(.got))
 *(SORT_BY_ALIGNMENT(.igot))
 *(SORT_BY_ALIGNMENT(.note.GNU-stack))
                0x000000000000c000                _image_rom_start = 0xc000

text            0x000000000000c000      0x220
                0x0000000000000000                . = 0x0
                0x000000000000c000                _vector_start = .
 *(SORT_BY_ALIGNMENT(.exc_vector_table))
 *(SORT_BY_ALIGNMENT(.exc_vector_table.*))
 .exc_vector_table._vector_table_section
                0x000000000000c000       0x40 zephyr/arch/arch/arm/core/cortex_m/libarch__arm__core__cortex_m.a(vector_table.S.obj)
                0x000000000000c000                _vector_table
 *(SORT_BY_ALIGNMENT(.gnu.linkonce.irq_vector_table))
 .gnu.linkonce.irq_vector_table
                0x000000000000c040      0x104 zephyr/arch/common/libarch__common.a(isr_tables.c.obj)
                0x000000000000c040                _irq_vector_table
 *(SORT_BY_ALIGNMENT(.vectors))
 *(SORT_BY_ALIGNMENT(.openocd_dbg))
 *(SORT_BY_ALIGNMENT(.openocd_dbg.*))
                0x000000000000c144                _vector_end = .
                0x0000000000000200                . = 0x200
 *fill*         0x000000000000c144       0xbc 
 *(SORT_BY_ALIGNMENT(.firmware_info))
 .firmware_info
                0x000000000000c200       0x20 modules/nrf/subsys/fw_info/lib..__nrf__subsys__fw_info.a(fw_info.c.obj)
                0x000000000000c200                m_firmware_info

_TEXT_SECTION_NAME_2
                0x000000000000c220    0x12a2a
                0x000000000000c220                _image_text_start = .
 *(SORT_BY_ALIGNMENT(.text))
 .text          0x000000000000c220       0x30 /opt/gnuarmemb/bin/../lib/gcc/arm-none-eabi/8.3.1/thumb/v8-m.main+fp/hard/libgcc.a(_aeabi_uldivmod.o)
                0x000000000000c220                __aeabi_uldivmod
 .text          0x000000000000c250      0x2c8 /opt/gnuarmemb/bin/../lib/gcc/arm-none-eabi/8.3.1/thumb/v8-m.main+fp/hard/libgcc.a(_udivmoddi4.o)
                0x000000000000c250                __udivmoddi4
 .text          0x000000000000c518        0x4 /opt/gnuarmemb/bin/../lib/gcc/arm-none-eabi/8.3.1/thumb/v8-m.main+fp/hard/libgcc.a(_dvmd_tls.o)
                0x000000000000c518                __aeabi_ldiv0
                0x000000000000c518                __aeabi_idiv0
 *(SORT_BY_ALIGNMENT(.text.*))
 .text.bsd_recoverable_error_handler
                0x000000000000c51c       0x2c app/libapp.a(main.c.obj)
                0x000000000000c51c                bsd_recoverable_error_handler
 .text.start_execute
                0x000000000000c548       0x78 app/libapp.a(main.c.obj)
                0x000000000000c548                start_execute
 .text.write_uart_string
                0x000000000000c5c0       0x20 app/libapp.a(slm_at_host.c.obj)
 .text.isr      0x000000000000c5e0      0x190 app/libapp.a(slm_at_host.c.obj)
 .text.slm_at_host_init
                0x000000000000c770      0x170 app/libapp.a(slm_at_host.c.obj)
                0x000000000000c770                slm_at_host_init
 .text.slm_at_host_uninit
                0x000000000000c8e0       0x90 app/libapp.a(slm_at_host.c.obj)
                0x000000000000c8e0                slm_at_host_uninit
 .text.cmd_send
                0x000000000000c970      0x1e8 app/libapp.a(slm_at_host.c.obj)
 .text.socket   0x000000000000cb58        0xc app/libapp.a(slm_at_tcpip.c.obj)
 .text.close    0x000000000000cb64        0xc app/libapp.a(slm_at_tcpip.c.obj)
 .text.do_socket_close
                0x000000000000cb70       0x7c app/libapp.a(slm_at_tcpip.c.obj)
 .text.do_socket_open
                0x000000000000cbec       0xa8 app/libapp.a(slm_at_tcpip.c.obj)
 .text.handle_at_socket
                0x000000000000cc94       0xf8 app/libapp.a(slm_at_tcpip.c.obj)
 .text.send.constprop.11
                0x000000000000cd8c       0x18 app/libapp.a(slm_at_tcpip.c.obj)
 .text.handle_at_tcp_send
                0x000000000000cda4       0xe4 app/libapp.a(slm_at_tcpip.c.obj)
 .text.recv.constprop.13
                0x000000000000ce88       0x18 app/libapp.a(slm_at_tcpip.c.obj)
 .text.handle_at_bind
                0x000000000000cea0       0xd4 app/libapp.a(slm_at_tcpip.c.obj)
 .text.parse_host_by_name
                0x000000000000cf74       0xb8 app/libapp.a(slm_at_tcpip.c.obj)
 .text.parse_host_by_ipv4
                0x000000000000d02c       0x24 app/libapp.a(slm_at_tcpip.c.obj)
 .text.handle_at_tcp_conn
                0x000000000000d050      0x178 app/libapp.a(slm_at_tcpip.c.obj)
 .text.do_tcp_receive
                0x000000000000d1c8      0x138 app/libapp.a(slm_at_tcpip.c.obj)
 .text.handle_at_tcp_recv
                0x000000000000d300       0x7c app/libapp.a(slm_at_tcpip.c.obj)
 .text.do_udp_init
                0x000000000000d37c       0x68 app/libapp.a(slm_at_tcpip.c.obj)
 .text.handle_at_udp_recvfrom
                0x000000000000d3e4      0x1ec app/libapp.a(slm_at_tcpip.c.obj)
 .text.do_udp_sendto
                0x000000000000d5d0       0xc4 app/libapp.a(slm_at_tcpip.c.obj)
 .text.handle_at_udp_sendto
                0x000000000000d694       0xd4 app/libapp.a(slm_at_tcpip.c.obj)
 .text.slm_at_tcpip_parse
                0x000000000000d768       0x9c app/libapp.a(slm_at_tcpip.c.obj)
                0x000000000000d768                slm_at_tcpip_parse
 .text.enable_PSM
                0x000000000000d804       0xc8 app/libapp.a(slm_at_tcpip.c.obj)
                0x000000000000d804                enable_PSM
 .text.disable_PSM
                0x000000000000d8cc       0xc8 app/libapp.a(slm_at_tcpip.c.obj)
                0x000000000000d8cc                disable_PSM
 .text.request_nb_iot_network_stats
                0x000000000000d994      0x304 app/libapp.a(slm_at_tcpip.c.obj)
                0x000000000000d994                request_nb_iot_network_stats
 .text.slm_at_tcpip_init
                0x000000000000dc98      0x15c app/libapp.a(slm_at_tcpip.c.obj)
                0x000000000000dc98                slm_at_tcpip_init
 .text.send_message
                0x000000000000ddf4      0x1a0 app/libapp.a(slm_at_tcpip.c.obj)
                0x000000000000ddf4                send_message
 .text.close    0x000000000000df94        0xc app/libapp.a(slm_at_gps.c.obj)
 .text.do_gps_stop
                0x000000000000dfa0       0x88 app/libapp.a(slm_at_gps.c.obj)
 .text.do_gps_start
                0x000000000000e028      0x20c app/libapp.a(slm_at_gps.c.obj)
 .text.handle_at_gpsrun
                0x000000000000e234       0xf4 app/libapp.a(slm_at_gps.c.obj)
 .text.gps_thread_fn
                0x000000000000e328      0x1a4 app/libapp.a(slm_at_gps.c.obj)
 .text.slm_at_gps_parse
                0x000000000000e4cc       0x84 app/libapp.a(slm_at_gps.c.obj)
                0x000000000000e4cc                slm_at_gps_parse
 .text.slm_at_gps_init
                0x000000000000e550      0x134 app/libapp.a(slm_at_gps.c.obj)
                0x000000000000e550                slm_at_gps_init
 .text.slm_at_gps_uninit
                0x000000000000e684       0x20 app/libapp.a(slm_at_gps.c.obj)
                0x000000000000e684                slm_at_gps_uninit
 .text.char_out
                0x000000000000e6a4       0x10 zephyr/libzephyr.a(printk.c.obj)
 .text._printk_dec_ulong
                0x000000000000e6b4       0x98 zephyr/libzephyr.a(printk.c.obj)
 .text.__printk_hook_install
                0x000000000000e74c        0xc zephyr/libzephyr.a(printk.c.obj)
                0x000000000000e74c                __printk_hook_install
 .text.vprintk  0x000000000000e758       0x1c zephyr/libzephyr.a(printk.c.obj)
                0x000000000000e758                vprintk
 .text.nordicsemi_nrf91_init
                0x000000000000e774       0x28 zephyr/libzephyr.a(soc.c.obj)
 .text.enable_logger
                0x000000000000e79c       0x54 zephyr/libzephyr.a(log_core.c.obj)
 .text.log_process_thread_timer_expiry_fn
                0x000000000000e7f0        0xc zephyr/libzephyr.a(log_core.c.obj)
 .text.log_core_init
                0x000000000000e7fc       0x40 zephyr/libzephyr.a(log_core.c.obj)
                0x000000000000e7fc                log_core_init
 .text.dropped_notify
                0x000000000000e83c       0x44 zephyr/libzephyr.a(log_core.c.obj)
                0x000000000000e83c                dropped_notify
 .text.z_impl_log_process
                0x000000000000e880       0xa4 zephyr/libzephyr.a(log_core.c.obj)
                0x000000000000e880                z_impl_log_process
 .text.msg_finalize
                0x000000000000e924       0xb0 zephyr/libzephyr.a(log_core.c.obj)
 .text.log_dropped
                0x000000000000e9d4       0x18 zephyr/libzephyr.a(log_core.c.obj)
                0x000000000000e9d4                log_dropped
 .text.log_source_name_get
                0x000000000000e9ec       0x1c zephyr/libzephyr.a(log_core.c.obj)
                0x000000000000e9ec                log_source_name_get
 .text.log_backend_enable
                0x000000000000ea08       0x34 zephyr/libzephyr.a(log_core.c.obj)
                0x000000000000ea08                log_backend_enable
 .text.log_init
                0x000000000000ea3c       0x4c zephyr/libzephyr.a(log_core.c.obj)
                0x000000000000ea3c                log_init
 .text.z_impl_log_panic
                0x000000000000ea88       0x48 zephyr/libzephyr.a(log_core.c.obj)
                0x000000000000ea88                z_impl_log_panic
 .text.log_process_thread_func
                0x000000000000ead0       0x44 zephyr/libzephyr.a(log_core.c.obj)
 .text.log_strdup
                0x000000000000eb14       0x64 zephyr/libzephyr.a(log_core.c.obj)
                0x000000000000eb14                log_strdup
 .text.log_is_strdup
                0x000000000000eb78       0x1c zephyr/libzephyr.a(log_core.c.obj)
                0x000000000000eb78                log_is_strdup
 .text.log_free
                0x000000000000eb94       0x2c zephyr/libzephyr.a(log_core.c.obj)
                0x000000000000eb94                log_free
 .text.log_msg_pool_init
                0x000000000000ebc0       0x14 zephyr/libzephyr.a(log_msg.c.obj)
                0x000000000000ebc0                log_msg_pool_init
 .text.log_msg_no_space_handle
                0x000000000000ebd4       0x30 zephyr/libzephyr.a(log_msg.c.obj)
                0x000000000000ebd4                log_msg_no_space_handle
 .text.log_msg_chunk_alloc
                0x000000000000ec04       0x24 zephyr/libzephyr.a(log_msg.c.obj)
                0x000000000000ec04                log_msg_chunk_alloc
 .text.msg_free
                0x000000000000ec28       0x64 zephyr/libzephyr.a(log_msg.c.obj)
 .text.print_formatted
                0x000000000000ec8c       0x24 zephyr/libzephyr.a(log_output.c.obj)
 .text.prefix_print
                0x000000000000ecb0      0x11c zephyr/libzephyr.a(log_output.c.obj)
 .text.postfix_print
                0x000000000000edcc       0x3c zephyr/libzephyr.a(log_output.c.obj)
 .text.hexdump_line_print
                0x000000000000ee08       0xd8 zephyr/libzephyr.a(log_output.c.obj)
 .text.log_output_msg_process
                0x000000000000eee0       0xec zephyr/libzephyr.a(log_output.c.obj)
                0x000000000000eee0                log_output_msg_process
 .text.log_output_dropped_process
                0x000000000000efcc       0x54 zephyr/libzephyr.a(log_output.c.obj)
                0x000000000000efcc                log_output_dropped_process
 .text.log_output_timestamp_freq_set
                0x000000000000f020       0x30 zephyr/libzephyr.a(log_output.c.obj)
                0x000000000000f020                log_output_timestamp_freq_set
 .text.panic    0x000000000000f050        0xc zephyr/libzephyr.a(log_backend_uart.c.obj)
 .text.dropped  0x000000000000f05c        0xc zephyr/libzephyr.a(log_backend_uart.c.obj)
 .text.log_backend_uart_init
                0x000000000000f068       0x18 zephyr/libzephyr.a(log_backend_uart.c.obj)
 .text.put      0x000000000000f080       0x24 zephyr/libzephyr.a(log_backend_uart.c.obj)
 .text.socket_offload_register
                0x000000000000f0a4        0xc zephyr/libzephyr.a(socket_offload.c.obj)
                0x000000000000f0a4                socket_offload_register
 .text.console_out
                0x000000000000f0b0       0x28 zephyr/libzephyr.a(uart_console.c.obj)
 .text.uart_console_hook_install
                0x000000000000f0d8       0x18 zephyr/libzephyr.a(uart_console.c.obj)
                0x000000000000f0d8                uart_console_hook_install
 .text.uart_console_init
                0x000000000000f0f0       0x1c zephyr/libzephyr.a(uart_console.c.obj)
 .text.hfclk_init
                0x000000000000f10c       0x30 zephyr/libzephyr.a(nrf_power_clock.c.obj)
 .text.nrf_power_clock_isr
                0x000000000000f13c       0x58 zephyr/libzephyr.a(nrf_power_clock.c.obj)
                0x000000000000f13c                nrf_power_clock_isr
 .text.rtc1_nrf_isr
                0x000000000000f194       0x40 zephyr/libzephyr.a(nrf_rtc_timer.c.obj)
                0x000000000000f194                rtc1_nrf_isr
 .text.z_clock_driver_init
                0x000000000000f1d4       0x78 zephyr/libzephyr.a(nrf_rtc_timer.c.obj)
                0x000000000000f1d4                z_clock_driver_init
 .text.z_clock_set_timeout
                0x000000000000f24c       0xac zephyr/libzephyr.a(nrf_rtc_timer.c.obj)
                0x000000000000f24c                z_clock_set_timeout
 .text.z_clock_elapsed
                0x000000000000f2f8       0x34 zephyr/libzephyr.a(nrf_rtc_timer.c.obj)
                0x000000000000f2f8                z_clock_elapsed
 .text.z_timer_cycle_get_32
                0x000000000000f32c       0x34 zephyr/libzephyr.a(nrf_rtc_timer.c.obj)
                0x000000000000f32c                z_timer_cycle_get_32
 .text._HandlerModeExit
                0x000000000000f360       0x28 zephyr/arch/arch/arm/core/libarch__arm__core.a(exc_exit.S.obj)
                0x000000000000f360                z_arm_exc_exit
                0x000000000000f360                z_arm_int_exit
 .text.arch_swap
                0x000000000000f388       0x34 zephyr/arch/arch/arm/core/libarch__arm__core.a(swap.c.obj)
                0x000000000000f388                arch_swap
 .text.z_arm_pendsv
                0x000000000000f3bc       0xb0 zephyr/arch/arch/arm/core/libarch__arm__core.a(swap_helper.S.obj)
                0x000000000000f3bc                z_arm_pendsv
 .text.z_arm_svc
                0x000000000000f46c       0x20 zephyr/arch/arch/arm/core/libarch__arm__core.a(swap_helper.S.obj)
                0x000000000000f46c                z_arm_svc
 .text.arch_irq_enable
                0x000000000000f48c       0x20 zephyr/arch/arch/arm/core/libarch__arm__core.a(irq_manage.c.obj)
                0x000000000000f48c                arch_irq_enable
 .text.z_arm_irq_priority_set
                0x000000000000f4ac       0x30 zephyr/arch/arch/arm/core/libarch__arm__core.a(irq_manage.c.obj)
                0x000000000000f4ac                z_arm_irq_priority_set
 .text._arch_isr_direct_pm
                0x000000000000f4dc       0x1c zephyr/arch/arch/arm/core/libarch__arm__core.a(irq_manage.c.obj)
                0x000000000000f4dc                _arch_isr_direct_pm
 .text.arch_new_thread
                0x000000000000f4f8       0x48 zephyr/arch/arch/arm/core/libarch__arm__core.a(thread.c.obj)
                0x000000000000f4f8                arch_new_thread
 .text.arch_switch_to_main_thread
                0x000000000000f540       0x54 zephyr/arch/arch/arm/core/libarch__arm__core.a(thread.c.obj)
                0x000000000000f540                arch_switch_to_main_thread
 .text.z_arm_cpu_idle_init
                0x000000000000f594        0xc zephyr/arch/arch/arm/core/libarch__arm__core.a(cpu_idle.S.obj)
                0x000000000000f594                z_arm_cpu_idle_init
 .text.arch_cpu_idle
                0x000000000000f5a0        0xc zephyr/arch/arch/arm/core/libarch__arm__core.a(cpu_idle.S.obj)
                0x000000000000f5a0                arch_cpu_idle
 .text.__fault  0x000000000000f5ac       0x14 zephyr/arch/arch/arm/core/libarch__arm__core.a(fault_s.S.obj)
                0x000000000000f5ac                z_arm_bus_fault
                0x000000000000f5ac                z_arm_usage_fault
                0x000000000000f5ac                z_arm_mpu_fault
                0x000000000000f5ac                z_arm_reserved
                0x000000000000f5ac                z_arm_debug_monitor
                0x000000000000f5ac                z_arm_hard_fault
 .text.z_arm_fatal_error
                0x000000000000f5c0      0x134 zephyr/arch/arch/arm/core/libarch__arm__core.a(fatal.c.obj)
                0x000000000000f5c0                z_arm_fatal_error
 .text.z_SysNmiOnReset
                0x000000000000f6f4        0x8 zephyr/arch/arch/arm/core/libarch__arm__core.a(nmi_on_reset.S.obj)
                0x000000000000f6f4                z_SysNmiOnReset
 .text.z_arm_prep_c
                0x000000000000f6fc       0x50 zephyr/arch/arch/arm/core/libarch__arm__core.a(prep_c.c.obj)
                0x000000000000f6fc                z_arm_prep_c
 .text._isr_wrapper
                0x000000000000f74c       0x40 zephyr/arch/arch/arm/core/libarch__arm__core.a(isr_wrapper.S.obj)
                0x000000000000f74c                _isr_wrapper
 .text._reset_section
                0x000000000000f78c       0x30 zephyr/arch/arch/arm/core/cortex_m/libarch__arm__core__cortex_m.a(reset.S.obj)
                0x000000000000f78c                z_arm_reset
                0x000000000000f78c                __start
 .text.usage_fault.isra.2
                0x000000000000f7bc      0x124 zephyr/arch/arch/arm/core/cortex_m/libarch__arm__core__cortex_m.a(fault.c.obj)
 .text.mem_manage_fault.isra.4
                0x000000000000f8e0      0x110 zephyr/arch/arch/arm/core/cortex_m/libarch__arm__core__cortex_m.a(fault.c.obj)
 .text.bus_fault.isra.5
                0x000000000000f9f0      0x12c zephyr/arch/arch/arm/core/cortex_m/libarch__arm__core__cortex_m.a(fault.c.obj)
 .text.z_arm_fault
                0x000000000000fb1c      0x1e4 zephyr/arch/arch/arm/core/cortex_m/libarch__arm__core__cortex_m.a(fault.c.obj)
                0x000000000000fb1c                z_arm_fault
 .text.z_arm_fault_init
                0x000000000000fd00       0x10 zephyr/arch/arch/arm/core/cortex_m/libarch__arm__core__cortex_m.a(fault.c.obj)
                0x000000000000fd00                z_arm_fault_init
 .text.sys_arch_reboot
                0x000000000000fd10       0x24 zephyr/arch/arch/arm/core/cortex_m/libarch__arm__core__cortex_m.a(scb.c.obj)
                0x000000000000fd10                sys_arch_reboot
 .text.z_arm_int_lib_init
                0x000000000000fd34       0x18 zephyr/arch/arch/arm/core/cortex_m/libarch__arm__core__cortex_m.a(irq_init.c.obj)
                0x000000000000fd34                z_arm_int_lib_init
 .text.z_impl_k_thread_abort
                0x000000000000fd4c       0x50 zephyr/arch/arch/arm/core/cortex_m/libarch__arm__core__cortex_m.a(thread_abort.c.obj)
                0x000000000000fd4c                z_impl_k_thread_abort
 .text.z_arm_configure_static_mpu_regions
                0x000000000000fd9c       0x54 zephyr/arch/arch/arm/core/cortex_m/mpu/libarch__arm__core__cortex_m__mpu.a(arm_core_mpu.c.obj)
                0x000000000000fd9c                z_arm_configure_static_mpu_regions
 .text.region_init
                0x000000000000fdf0       0x30 zephyr/arch/arch/arm/core/cortex_m/mpu/libarch__arm__core__cortex_m__mpu.a(arm_mpu.c.obj)
 .text.region_allocate_and_init.part.0
                0x000000000000fe20       0x34 zephyr/arch/arch/arm/core/cortex_m/mpu/libarch__arm__core__cortex_m__mpu.a(arm_mpu.c.obj)
 .text.mpu_configure_regions_and_partition.constprop.2
                0x000000000000fe54      0x19c zephyr/arch/arch/arm/core/cortex_m/mpu/libarch__arm__core__cortex_m__mpu.a(arm_mpu.c.obj)
 .text.arm_core_mpu_enable
                0x000000000000fff0       0x14 zephyr/arch/arch/arm/core/cortex_m/mpu/libarch__arm__core__cortex_m__mpu.a(arm_mpu.c.obj)
                0x000000000000fff0                arm_core_mpu_enable
 .text.arm_core_mpu_disable
                0x0000000000010004       0x10 zephyr/arch/arch/arm/core/cortex_m/mpu/libarch__arm__core__cortex_m__mpu.a(arm_mpu.c.obj)
                0x0000000000010004                arm_core_mpu_disable
 .text.arm_mpu_init
                0x0000000000010014       0x4c zephyr/arch/arch/arm/core/cortex_m/mpu/libarch__arm__core__cortex_m__mpu.a(arm_mpu.c.obj)
 .text.arm_core_mpu_configure_static_mpu_regions
                0x0000000000010060       0x14 zephyr/arch/arch/arm/core/cortex_m/mpu/libarch__arm__core__cortex_m__mpu.a(arm_mpu.c.obj)
                0x0000000000010060                arm_core_mpu_configure_static_mpu_regions
 .text.arm_core_mpu_mark_areas_for_dynamic_regions
                0x0000000000010074       0xa8 zephyr/arch/arch/arm/core/cortex_m/mpu/libarch__arm__core__cortex_m__mpu.a(arm_mpu.c.obj)
                0x0000000000010074                arm_core_mpu_mark_areas_for_dynamic_regions
 .text.arm_core_mpu_configure_dynamic_mpu_regions
                0x000000000001011c       0x40 zephyr/arch/arch/arm/core/cortex_m/mpu/libarch__arm__core__cortex_m__mpu.a(arm_mpu.c.obj)
                0x000000000001011c                arm_core_mpu_configure_dynamic_mpu_regions
 .text.z_prf    0x000000000001015c      0x988 zephyr/lib/libc/minimal/liblib__libc__minimal.a(prf.c.obj)
                0x000000000001015c                z_prf
 .text.__stdout_hook_install
                0x0000000000010ae4        0xc zephyr/lib/libc/minimal/liblib__libc__minimal.a(stdout_console.c.obj)
                0x0000000000010ae4                __stdout_hook_install
 .text.snprintf
                0x0000000000010af0       0x30 zephyr/lib/libc/minimal/liblib__libc__minimal.a(sprintf.c.obj)
                0x0000000000010af0                snprintf
 .text.sprintf  0x0000000000010b20       0x30 zephyr/lib/libc/minimal/liblib__libc__minimal.a(sprintf.c.obj)
                0x0000000000010b20                sprintf
 .text.net_if_init
                0x0000000000010b50       0x28 zephyr/subsys/net/ip/libsubsys__net__ip.a(net_if.c.obj)
                0x0000000000010b50                net_if_init
 .text.net_if_post_init
                0x0000000000010b78       0x2c zephyr/subsys/net/ip/libsubsys__net__ip.a(net_if.c.obj)
                0x0000000000010b78                net_if_post_init
 .text.z_impl_net_addr_ntop
                0x0000000000010ba4      0x1b4 zephyr/subsys/net/ip/libsubsys__net__ip.a(utils.c.obj)
                0x0000000000010ba4                z_impl_net_addr_ntop
 .text.gpio_nrfx_init
                0x0000000000010d58       0x30 zephyr/drivers/gpio/libdrivers__gpio.a(gpio_nrfx.c.obj)
 .text.gpiote_pin_int_cfg
                0x0000000000010d88      0x158 zephyr/drivers/gpio/libdrivers__gpio.a(gpio_nrfx.c.obj)
 .text.gpio_nrfx_config
                0x0000000000010ee0      0x124 zephyr/drivers/gpio/libdrivers__gpio.a(gpio_nrfx.c.obj)
 .text.gpiote_event_handler
                0x0000000000011004      0x154 zephyr/drivers/gpio/libdrivers__gpio.a(gpio_nrfx.c.obj)
 .text.uarte_nrfx_configure
                0x0000000000011158      0x16c zephyr/drivers/serial/libdrivers__serial.a(uart_nrfx_uarte.c.obj)
 .text.uarte_instance_init.constprop.4
                0x00000000000112c4       0x9c zephyr/drivers/serial/libdrivers__serial.a(uart_nrfx_uarte.c.obj)
 .text.uarte_2_init
                0x0000000000011360       0x30 zephyr/drivers/serial/libdrivers__serial.a(uart_nrfx_uarte.c.obj)
 .text.uarte_0_init
                0x0000000000011390       0x30 zephyr/drivers/serial/libdrivers__serial.a(uart_nrfx_uarte.c.obj)
 .text._bsdlib_init
                0x00000000000113c0       0x1c modules/nrf/lib/bsdlib/lib..__nrf__lib__bsdlib.a(bsdlib.c.obj)
 .text.thread_monitor_entry_get
                0x00000000000113dc       0x40 modules/nrf/lib/bsdlib/lib..__nrf__lib__bsdlib.a(bsd_os.c.obj)
 .text.rpc_proxy_irq_handler
                0x000000000001141c       0x48 modules/nrf/lib/bsdlib/lib..__nrf__lib__bsdlib.a(bsd_os.c.obj)
                0x000000000001141c                rpc_proxy_irq_handler
 .text.bsd_os_timedwait
                0x0000000000011464      0x128 modules/nrf/lib/bsdlib/lib..__nrf__lib__bsdlib.a(bsd_os.c.obj)
                0x0000000000011464                bsd_os_timedwait
 .text.bsd_os_errno_set
                0x000000000001158c      0x158 modules/nrf/lib/bsdlib/lib..__nrf__lib__bsdlib.a(bsd_os.c.obj)
                0x000000000001158c                bsd_os_errno_set
 .text.bsd_os_application_irq_set
                0x00000000000116e4       0x10 modules/nrf/lib/bsdlib/lib..__nrf__lib__bsdlib.a(bsd_os.c.obj)
                0x00000000000116e4                bsd_os_application_irq_set
 .text.bsd_os_application_irq_clear
                0x00000000000116f4       0x10 modules/nrf/lib/bsdlib/lib..__nrf__lib__bsdlib.a(bsd_os.c.obj)
                0x00000000000116f4                bsd_os_application_irq_clear
 .text.bsd_os_trace_irq_set
                0x0000000000011704       0x10 modules/nrf/lib/bsdlib/lib..__nrf__lib__bsdlib.a(bsd_os.c.obj)
                0x0000000000011704                bsd_os_trace_irq_set
 .text.bsd_os_trace_irq_clear
                0x0000000000011714       0x10 modules/nrf/lib/bsdlib/lib..__nrf__lib__bsdlib.a(bsd_os.c.obj)
                0x0000000000011714                bsd_os_trace_irq_clear
 .text.trace_uart_init
                0x0000000000011724       0x3c modules/nrf/lib/bsdlib/lib..__nrf__lib__bsdlib.a(bsd_os.c.obj)
                0x0000000000011724                trace_uart_init
 .text.bsd_os_init
                0x0000000000011760       0x30 modules/nrf/lib/bsdlib/lib..__nrf__lib__bsdlib.a(bsd_os.c.obj)
                0x0000000000011760                bsd_os_init
 .text.bsd_os_trace_put
                0x0000000000011790       0x34 modules/nrf/lib/bsdlib/lib..__nrf__lib__bsdlib.a(bsd_os.c.obj)
                0x0000000000011790                bsd_os_trace_put
 .text.z_to_nrf_optname
                0x00000000000117c4       0xd0 modules/nrf/lib/bsdlib/lib..__nrf__lib__bsdlib.a(nrf91_sockets.c.obj)
 .text.nrf91_socket_iface_init
                0x0000000000011894       0x18 modules/nrf/lib/bsdlib/lib..__nrf__lib__bsdlib.a(nrf91_sockets.c.obj)
 .text.callback_worker
                0x00000000000118ac       0x20 modules/nrf/lib/at_cmd/lib..__nrf__lib__at_cmd.a(at_cmd.c.obj)
 .text.open_socket
                0x00000000000118cc       0x30 modules/nrf/lib/at_cmd/lib..__nrf__lib__at_cmd.a(at_cmd.c.obj)
 .text.at_cmd_driver_init
                0x00000000000118fc       0x98 modules/nrf/lib/at_cmd/lib..__nrf__lib__at_cmd.a(at_cmd.c.obj)
 .text.socket_thread_fn
                0x0000000000011994      0x2e0 modules/nrf/lib/at_cmd/lib..__nrf__lib__at_cmd.a(at_cmd.c.obj)
 .text.at_write
                0x0000000000011c74       0xf8 modules/nrf/lib/at_cmd/lib..__nrf__lib__at_cmd.a(at_cmd.c.obj)
 .text.at_cmd_write
                0x0000000000011d6c       0x44 modules/nrf/lib/at_cmd/lib..__nrf__lib__at_cmd.a(at_cmd.c.obj)
                0x0000000000011d6c                at_cmd_write
 .text.at_cmd_set_notification_handler
                0x0000000000011db0       0x78 modules/nrf/lib/at_cmd/lib..__nrf__lib__at_cmd.a(at_cmd.c.obj)
                0x0000000000011db0                at_cmd_set_notification_handler
 .text.find_node
                0x0000000000011e28       0x34 modules/nrf/lib/at_notif/lib..__nrf__lib__at_notif.a(at_notif.c.obj)
 .text.module_init
                0x0000000000011e5c       0x1c modules/nrf/lib/at_notif/lib..__nrf__lib__at_notif.a(at_notif.c.obj)
 .text.notif_dispatch
                0x0000000000011e78       0x3c modules/nrf/lib/at_notif/lib..__nrf__lib__at_notif.a(at_notif.c.obj)
 .text.at_notif_register_handler
                0x0000000000011eb4       0xa0 modules/nrf/lib/at_notif/lib..__nrf__lib__at_notif.a(at_notif.c.obj)
                0x0000000000011eb4                at_notif_register_handler
 .text.at_notif_deregister_handler
                0x0000000000011f54       0xb0 modules/nrf/lib/at_notif/lib..__nrf__lib__at_notif.a(at_notif.c.obj)
                0x0000000000011f54                at_notif_deregister_handler
 .text.at_parse_process_element
                0x0000000000012004      0x1a8 modules/nrf/lib/at_cmd_parser/lib..__nrf__lib__at_cmd_parser.a(at_cmd_parser.c.obj)
 .text.at_parse_detect_type
                0x00000000000121ac       0xc0 modules/nrf/lib/at_cmd_parser/lib..__nrf__lib__at_cmd_parser.a(at_cmd_parser.c.obj)
 .text.at_parser_max_params_from_str
                0x000000000001226c      0x118 modules/nrf/lib/at_cmd_parser/lib..__nrf__lib__at_cmd_parser.a(at_cmd_parser.c.obj)
                0x000000000001226c                at_parser_max_params_from_str
 .text.lte_lc_power_off
                0x0000000000012384       0x1c modules/nrf/lib/lte_link_control/lib..__nrf__lib__lte_link_control.a(lte_lc.c.obj)
                0x0000000000012384                lte_lc_power_off
 .text.k_sys_fatal_error_handler
                0x00000000000123a0       0x34 modules/nrf/lib/fatal_error/lib..__nrf__lib__fatal_error.a(fatal_error.c.obj)
                0x00000000000123a0                k_sys_fatal_error_handler
 .text.ext_api_getter
                0x00000000000123d4       0x4c modules/nrf/subsys/fw_info/lib..__nrf__subsys__fw_info.a(fw_info.c.obj)
                0x00000000000123d4                ext_api_getter
 .text.rpc_logobj_client_evt_handler
                0x0000000000012420       0x10 /home/thomas/Documents/UA/Doctoraat/projects/nb-iot-multiple-bs/code/ncs/nrfxlib/bsdlib/lib/cortex-m33/hard-float/libbsd_nrf9160_xxaa.a(rpc_logobj_client.c.o)
 .text.rpc_logobj_client_init
                0x0000000000012430        0xc /home/thomas/Documents/UA/Doctoraat/projects/nb-iot-multiple-bs/code/ncs/nrfxlib/bsdlib/lib/cortex-m33/hard-float/libbsd_nrf9160_xxaa.a(rpc_logobj_client.c.o)
                0x0000000000012430                rpc_logobj_client_init
 .text.rpc_logobj_client_request_alloc
                0x000000000001243c       0x30 /home/thomas/Documents/UA/Doctoraat/projects/nb-iot-multiple-bs/code/ncs/nrfxlib/bsdlib/lib/cortex-m33/hard-float/libbsd_nrf9160_xxaa.a(rpc_logobj_client.c.o)
                0x000000000001243c                rpc_logobj_client_request_alloc
 .text.rpc_logobj_client_request_send
                0x000000000001246c       0x2c /home/thomas/Documents/UA/Doctoraat/projects/nb-iot-multiple-bs/code/ncs/nrfxlib/bsdlib/lib/cortex-m33/hard-float/libbsd_nrf9160_xxaa.a(rpc_logobj_client.c.o)
                0x000000000001246c                rpc_logobj_client_request_send
 .text.rpc_logobj_client_message_free
                0x0000000000012498       0x10 /home/thomas/Documents/UA/Doctoraat/projects/nb-iot-multiple-bs/code/ncs/nrfxlib/bsdlib/lib/cortex-m33/hard-float/libbsd_nrf9160_xxaa.a(rpc_logobj_client.c.o)
                0x0000000000012498                rpc_logobj_client_message_free
 .text.rpc_logobj_client_data_free
                0x00000000000124a8       0x10 /home/thomas/Documents/UA/Doctoraat/projects/nb-iot-multiple-bs/code/ncs/nrfxlib/bsdlib/lib/cortex-m33/hard-float/libbsd_nrf9160_xxaa.a(rpc_logobj_client.c.o)
                0x00000000000124a8                rpc_logobj_client_data_free
 .text.packet_free_cb
                0x00000000000124b8       0x18 /home/thomas/Documents/UA/Doctoraat/projects/nb-iot-multiple-bs/code/ncs/nrfxlib/bsdlib/lib/cortex-m33/hard-float/libbsd_nrf9160_xxaa.a(logobj_interface.c.o)
 .text.logobj_event_handler
                0x00000000000124d0       0xfc /home/thomas/Documents/UA/Doctoraat/projects/nb-iot-multiple-bs/code/ncs/nrfxlib/bsdlib/lib/cortex-m33/hard-float/libbsd_nrf9160_xxaa.a(logobj_interface.c.o)
                0x00000000000124d0                logobj_event_handler
 .text.logobj_interface_init
                0x00000000000125cc       0x34 /home/thomas/Documents/UA/Doctoraat/projects/nb-iot-multiple-bs/code/ncs/nrfxlib/bsdlib/lib/cortex-m33/hard-float/libbsd_nrf9160_xxaa.a(logobj_interface.c.o)
                0x00000000000125cc                logobj_interface_init
 .text.logobj_interface_open
                0x0000000000012600      0x150 /home/thomas/Documents/UA/Doctoraat/projects/nb-iot-multiple-bs/code/ncs/nrfxlib/bsdlib/lib/cortex-m33/hard-float/libbsd_nrf9160_xxaa.a(logobj_interface.c.o)
                0x0000000000012600                logobj_interface_open
 .text.logobj_interface_read
                0x0000000000012750       0xe0 /home/thomas/Documents/UA/Doctoraat/projects/nb-iot-multiple-bs/code/ncs/nrfxlib/bsdlib/lib/cortex-m33/hard-float/libbsd_nrf9160_xxaa.a(logobj_interface.c.o)
                0x0000000000012750                logobj_interface_read
 .text.logobj_interface_write
                0x0000000000012830       0xfc /home/thomas/Documents/UA/Doctoraat/projects/nb-iot-multiple-bs/code/ncs/nrfxlib/bsdlib/lib/cortex-m33/hard-float/libbsd_nrf9160_xxaa.a(logobj_interface.c.o)
                0x0000000000012830                logobj_interface_write
 .text.logobj_interface_setopt
                0x000000000001292c      0x19c /home/thomas/Documents/UA/Doctoraat/projects/nb-iot-multiple-bs/code/ncs/nrfxlib/bsdlib/lib/cortex-m33/hard-float/libbsd_nrf9160_xxaa.a(logobj_interface.c.o)
                0x000000000001292c                logobj_interface_setopt
 .text.logobj_interface_getopt
                0x0000000000012ac8       0xa4 /home/thomas/Documents/UA/Doctoraat/projects/nb-iot-multiple-bs/code/ncs/nrfxlib/bsdlib/lib/cortex-m33/hard-float/libbsd_nrf9160_xxaa.a(logobj_interface.c.o)
                0x0000000000012ac8                logobj_interface_getopt
 .text.logobj_interface_close
                0x0000000000012b6c       0x2c /home/thomas/Documents/UA/Doctoraat/projects/nb-iot-multiple-bs/code/ncs/nrfxlib/bsdlib/lib/cortex-m33/hard-float/libbsd_nrf9160_xxaa.a(logobj_interface.c.o)
                0x0000000000012b6c                logobj_interface_close
 .text.packet_free_cb
                0x0000000000012b98        0x8 /home/thomas/Documents/UA/Doctoraat/projects/nb-iot-multiple-bs/code/ncs/nrfxlib/bsdlib/lib/cortex-m33/hard-float/libbsd_nrf9160_xxaa.a(at_interface.c.o)
 .text.at_interface_write
                0x0000000000012ba0       0xa8 /home/thomas/Documents/UA/Doctoraat/projects/nb-iot-multiple-bs/code/ncs/nrfxlib/bsdlib/lib/cortex-m33/hard-float/libbsd_nrf9160_xxaa.a(at_interface.c.o)
                0x0000000000012ba0                at_interface_write
 .text.at_interface_init
                0x0000000000012c48        0x4 /home/thomas/Documents/UA/Doctoraat/projects/nb-iot-multiple-bs/code/ncs/nrfxlib/bsdlib/lib/cortex-m33/hard-float/libbsd_nrf9160_xxaa.a(at_interface.c.o)
                0x0000000000012c48                at_interface_init
 .text.at_interface_open
                0x0000000000012c4c       0x94 /home/thomas/Documents/UA/Doctoraat/projects/nb-iot-multiple-bs/code/ncs/nrfxlib/bsdlib/lib/cortex-m33/hard-float/libbsd_nrf9160_xxaa.a(at_interface.c.o)
                0x0000000000012c4c                at_interface_open
 .text.at_interface_close
                0x0000000000012ce0       0x90 /home/thomas/Documents/UA/Doctoraat/projects/nb-iot-multiple-bs/code/ncs/nrfxlib/bsdlib/lib/cortex-m33/hard-float/libbsd_nrf9160_xxaa.a(at_interface.c.o)
                0x0000000000012ce0                at_interface_close
 .text.at_interface_read
                0x0000000000012d70       0xb8 /home/thomas/Documents/UA/Doctoraat/projects/nb-iot-multiple-bs/code/ncs/nrfxlib/bsdlib/lib/cortex-m33/hard-float/libbsd_nrf9160_xxaa.a(at_interface.c.o)
                0x0000000000012d70                at_interface_read
 .text.at_interface_getopt
                0x0000000000012e28        0x4 /home/thomas/Documents/UA/Doctoraat/projects/nb-iot-multiple-bs/code/ncs/nrfxlib/bsdlib/lib/cortex-m33/hard-float/libbsd_nrf9160_xxaa.a(at_interface.c.o)
                0x0000000000012e28                at_interface_getopt
 .text.at_interface_setopt
                0x0000000000012e2c        0x4 /home/thomas/Documents/UA/Doctoraat/projects/nb-iot-multiple-bs/code/ncs/nrfxlib/bsdlib/lib/cortex-m33/hard-float/libbsd_nrf9160_xxaa.a(at_interface.c.o)
                0x0000000000012e2c                at_interface_setopt
 .text.rpc_at_event_handler
                0x0000000000012e30       0xa4 /home/thomas/Documents/UA/Doctoraat/projects/nb-iot-multiple-bs/code/ncs/nrfxlib/bsdlib/lib/cortex-m33/hard-float/libbsd_nrf9160_xxaa.a(at_interface.c.o)
                0x0000000000012e30                rpc_at_event_handler
 .text.dfu_client_event_handler
                0x0000000000012ed4        0xc /home/thomas/Documents/UA/Doctoraat/projects/nb-iot-multiple-bs/code/ncs/nrfxlib/bsdlib/lib/cortex-m33/hard-float/libbsd_nrf9160_xxaa.a(rpc_dfu_client.c.o)
 .text.rpc_dfu_client_init
                0x0000000000012ee0        0xc /home/thomas/Documents/UA/Doctoraat/projects/nb-iot-multiple-bs/code/ncs/nrfxlib/bsdlib/lib/cortex-m33/hard-float/libbsd_nrf9160_xxaa.a(rpc_dfu_client.c.o)
                0x0000000000012ee0                rpc_dfu_client_init
 .text.rpc_dfu_client_request_alloc
                0x0000000000012eec       0x28 /home/thomas/Documents/UA/Doctoraat/projects/nb-iot-multiple-bs/code/ncs/nrfxlib/bsdlib/lib/cortex-m33/hard-float/libbsd_nrf9160_xxaa.a(rpc_dfu_client.c.o)
                0x0000000000012eec                rpc_dfu_client_request_alloc
 .text.rpc_dfu_client_request_send
                0x0000000000012f14       0x28 /home/thomas/Documents/UA/Doctoraat/projects/nb-iot-multiple-bs/code/ncs/nrfxlib/bsdlib/lib/cortex-m33/hard-float/libbsd_nrf9160_xxaa.a(rpc_dfu_client.c.o)
                0x0000000000012f14                rpc_dfu_client_request_send
 .text.rpc_dfu_client_message_free
                0x0000000000012f3c       0x10 /home/thomas/Documents/UA/Doctoraat/projects/nb-iot-multiple-bs/code/ncs/nrfxlib/bsdlib/lib/cortex-m33/hard-float/libbsd_nrf9160_xxaa.a(rpc_dfu_client.c.o)
                0x0000000000012f3c                rpc_dfu_client_message_free
 .text.rpc_dfu_client_data_free
                0x0000000000012f4c       0x10 /home/thomas/Documents/UA/Doctoraat/projects/nb-iot-multiple-bs/code/ncs/nrfxlib/bsdlib/lib/cortex-m33/hard-float/libbsd_nrf9160_xxaa.a(rpc_dfu_client.c.o)
                0x0000000000012f4c                rpc_dfu_client_data_free
 .text.mem_free
                0x0000000000012f5c       0xd8 /home/thomas/Documents/UA/Doctoraat/projects/nb-iot-multiple-bs/code/ncs/nrfxlib/bsdlib/lib/cortex-m33/hard-float/libbsd_nrf9160_xxaa.a(mem_manager.c.o)
 .text.mem_alloc.constprop.5
                0x0000000000013034      0x1c8 /home/thomas/Documents/UA/Doctoraat/projects/nb-iot-multiple-bs/code/ncs/nrfxlib/bsdlib/lib/cortex-m33/hard-float/libbsd_nrf9160_xxaa.a(mem_manager.c.o)
 .text.mem_alloc.constprop.4
                0x00000000000131fc      0x1c0 /home/thomas/Documents/UA/Doctoraat/projects/nb-iot-multiple-bs/code/ncs/nrfxlib/bsdlib/lib/cortex-m33/hard-float/libbsd_nrf9160_xxaa.a(mem_manager.c.o)
 .text.nrf_mem_init
                0x00000000000133bc       0xe8 /home/thomas/Documents/UA/Doctoraat/projects/nb-iot-multiple-bs/code/ncs/nrfxlib/bsdlib/lib/cortex-m33/hard-float/libbsd_nrf9160_xxaa.a(mem_manager.c.o)
                0x00000000000133bc                nrf_mem_init
 .text.nrf_mem_register
                0x00000000000134a4      0x234 /home/thomas/Documents/UA/Doctoraat/projects/nb-iot-multiple-bs/code/ncs/nrfxlib/bsdlib/lib/cortex-m33/hard-float/libbsd_nrf9160_xxaa.a(mem_manager.c.o)
                0x00000000000134a4                nrf_mem_register
 .text.nrf_malloc
                0x00000000000136d8       0x14 /home/thomas/Documents/UA/Doctoraat/projects/nb-iot-multiple-bs/code/ncs/nrfxlib/bsdlib/lib/cortex-m33/hard-float/libbsd_nrf9160_xxaa.a(mem_manager.c.o)
                0x00000000000136d8                nrf_malloc
 .text.nrf_free
                0x00000000000136ec       0x18 /home/thomas/Documents/UA/Doctoraat/projects/nb-iot-multiple-bs/code/ncs/nrfxlib/bsdlib/lib/cortex-m33/hard-float/libbsd_nrf9160_xxaa.a(mem_manager.c.o)
                0x00000000000136ec                nrf_free
 .text.nrf_shared_malloc
                0x0000000000013704       0x14 /home/thomas/Documents/UA/Doctoraat/projects/nb-iot-multiple-bs/code/ncs/nrfxlib/bsdlib/lib/cortex-m33/hard-float/libbsd_nrf9160_xxaa.a(mem_manager.c.o)
                0x0000000000013704                nrf_shared_malloc
 .text.nrf_shared_free
                0x0000000000013718       0x18 /home/thomas/Documents/UA/Doctoraat/projects/nb-iot-multiple-bs/code/ncs/nrfxlib/bsdlib/lib/cortex-m33/hard-float/libbsd_nrf9160_xxaa.a(mem_manager.c.o)
                0x0000000000013718                nrf_shared_free
 .text.ip_client_event_handler
                0x0000000000013730        0xc /home/thomas/Documents/UA/Doctoraat/projects/nb-iot-multiple-bs/code/ncs/nrfxlib/bsdlib/lib/cortex-m33/hard-float/libbsd_nrf9160_xxaa.a(rpc_ip_client.c.o)
 .text.rpc_ip_client_init
                0x000000000001373c        0xc /home/thomas/Documents/UA/Doctoraat/projects/nb-iot-multiple-bs/code/ncs/nrfxlib/bsdlib/lib/cortex-m33/hard-float/libbsd_nrf9160_xxaa.a(rpc_ip_client.c.o)
                0x000000000001373c                rpc_ip_client_init
 .text.rpc_ip_client_request_alloc
                0x0000000000013748       0x28 /home/thomas/Documents/UA/Doctoraat/projects/nb-iot-multiple-bs/code/ncs/nrfxlib/bsdlib/lib/cortex-m33/hard-float/libbsd_nrf9160_xxaa.a(rpc_ip_client.c.o)
                0x0000000000013748                rpc_ip_client_request_alloc
 .text.rpc_ip_client_request_send
                0x0000000000013770       0x2c /home/thomas/Documents/UA/Doctoraat/projects/nb-iot-multiple-bs/code/ncs/nrfxlib/bsdlib/lib/cortex-m33/hard-float/libbsd_nrf9160_xxaa.a(rpc_ip_client.c.o)
                0x0000000000013770                rpc_ip_client_request_send
 .text.rpc_ip_client_message_free
                0x000000000001379c       0x10 /home/thomas/Documents/UA/Doctoraat/projects/nb-iot-multiple-bs/code/ncs/nrfxlib/bsdlib/lib/cortex-m33/hard-float/libbsd_nrf9160_xxaa.a(rpc_ip_client.c.o)
                0x000000000001379c                rpc_ip_client_message_free
 .text.rpc_ip_client_data_free
                0x00000000000137ac       0x10 /home/thomas/Documents/UA/Doctoraat/projects/nb-iot-multiple-bs/code/ncs/nrfxlib/bsdlib/lib/cortex-m33/hard-float/libbsd_nrf9160_xxaa.a(rpc_ip_client.c.o)
                0x00000000000137ac                rpc_ip_client_data_free
 .text.secure_client_socket
                0x00000000000137bc       0xd8 /home/thomas/Documents/UA/Doctoraat/projects/nb-iot-multiple-bs/code/ncs/nrfxlib/bsdlib/lib/cortex-m33/hard-float/libbsd_nrf9160_xxaa.a(tls_interface.c.o)
 .text.tls_interface_init
                0x0000000000013894        0x4 /home/thomas/Documents/UA/Doctoraat/projects/nb-iot-multiple-bs/code/ncs/nrfxlib/bsdlib/lib/cortex-m33/hard-float/libbsd_nrf9160_xxaa.a(tls_interface.c.o)
                0x0000000000013894                tls_interface_init
 .text.tls_interface_open
                0x0000000000013898       0x98 /home/thomas/Documents/UA/Doctoraat/projects/nb-iot-multiple-bs/code/ncs/nrfxlib/bsdlib/lib/cortex-m33/hard-float/libbsd_nrf9160_xxaa.a(tls_interface.c.o)
                0x0000000000013898                tls_interface_open
 .text.tls_interface_close
                0x0000000000013930       0x20 /home/thomas/Documents/UA/Doctoraat/projects/nb-iot-multiple-bs/code/ncs/nrfxlib/bsdlib/lib/cortex-m33/hard-float/libbsd_nrf9160_xxaa.a(tls_interface.c.o)
                0x0000000000013930                tls_interface_close
 .text.tls_interface_sendto
                0x0000000000013950       0xb0 /home/thomas/Documents/UA/Doctoraat/projects/nb-iot-multiple-bs/code/ncs/nrfxlib/bsdlib/lib/cortex-m33/hard-float/libbsd_nrf9160_xxaa.a(tls_interface.c.o)
                0x0000000000013950                tls_interface_sendto
 .text.tls_interface_recvfrom
                0x0000000000013a00       0x94 /home/thomas/Documents/UA/Doctoraat/projects/nb-iot-multiple-bs/code/ncs/nrfxlib/bsdlib/lib/cortex-m33/hard-float/libbsd_nrf9160_xxaa.a(tls_interface.c.o)
                0x0000000000013a00                tls_interface_recvfrom
 .text.tls_interface_bind
                0x0000000000013a94       0xd4 /home/thomas/Documents/UA/Doctoraat/projects/nb-iot-multiple-bs/code/ncs/nrfxlib/bsdlib/lib/cortex-m33/hard-float/libbsd_nrf9160_xxaa.a(tls_interface.c.o)
                0x0000000000013a94                tls_interface_bind
 .text.tls_interface_connect
                0x0000000000013b68       0x60 /home/thomas/Documents/UA/Doctoraat/projects/nb-iot-multiple-bs/code/ncs/nrfxlib/bsdlib/lib/cortex-m33/hard-float/libbsd_nrf9160_xxaa.a(tls_interface.c.o)
                0x0000000000013b68                tls_interface_connect
 .text.tls_interface_listen
                0x0000000000013bc8       0xf0 /home/thomas/Documents/UA/Doctoraat/projects/nb-iot-multiple-bs/code/ncs/nrfxlib/bsdlib/lib/cortex-m33/hard-float/libbsd_nrf9160_xxaa.a(tls_interface.c.o)
                0x0000000000013bc8                tls_interface_listen
 .text.tls_interface_accept
                0x0000000000013cb8       0xa0 /home/thomas/Documents/UA/Doctoraat/projects/nb-iot-multiple-bs/code/ncs/nrfxlib/bsdlib/lib/cortex-m33/hard-float/libbsd_nrf9160_xxaa.a(tls_interface.c.o)
                0x0000000000013cb8                tls_interface_accept
 .text.tls_interface_setopt
                0x0000000000013d58       0xe8 /home/thomas/Documents/UA/Doctoraat/projects/nb-iot-multiple-bs/code/ncs/nrfxlib/bsdlib/lib/cortex-m33/hard-float/libbsd_nrf9160_xxaa.a(tls_interface.c.o)
                0x0000000000013d58                tls_interface_setopt
 .text.tls_interface_getopt
                0x0000000000013e40       0xd4 /home/thomas/Documents/UA/Doctoraat/projects/nb-iot-multiple-bs/code/ncs/nrfxlib/bsdlib/lib/cortex-m33/hard-float/libbsd_nrf9160_xxaa.a(tls_interface.c.o)
                0x0000000000013e40                tls_interface_getopt
 .text.tls_rpc_ip_event_handler
                0x0000000000013f14       0xec /home/thomas/Documents/UA/Doctoraat/projects/nb-iot-multiple-bs/code/ncs/nrfxlib/bsdlib/lib/cortex-m33/hard-float/libbsd_nrf9160_xxaa.a(tls_interface.c.o)
                0x0000000000013f14                tls_rpc_ip_event_handler
 .text.rpc_dfu_event_handler
                0x0000000000014000       0x2c /home/thomas/Documents/UA/Doctoraat/projects/nb-iot-multiple-bs/code/ncs/nrfxlib/bsdlib/lib/cortex-m33/hard-float/libbsd_nrf9160_xxaa.a(mfu_interface.c.o)
                0x0000000000014000                rpc_dfu_event_handler
 .text.mfu_interface_init
                0x000000000001402c       0x38 /home/thomas/Documents/UA/Doctoraat/projects/nb-iot-multiple-bs/code/ncs/nrfxlib/bsdlib/lib/cortex-m33/hard-float/libbsd_nrf9160_xxaa.a(mfu_interface.c.o)
                0x000000000001402c                mfu_interface_init
 .text.mfu_interface_open
                0x0000000000014064       0x3c /home/thomas/Documents/UA/Doctoraat/projects/nb-iot-multiple-bs/code/ncs/nrfxlib/bsdlib/lib/cortex-m33/hard-float/libbsd_nrf9160_xxaa.a(mfu_interface.c.o)
                0x0000000000014064                mfu_interface_open
 .text.mfu_interface_close
                0x00000000000140a0       0xdc /home/thomas/Documents/UA/Doctoraat/projects/nb-iot-multiple-bs/code/ncs/nrfxlib/bsdlib/lib/cortex-m33/hard-float/libbsd_nrf9160_xxaa.a(mfu_interface.c.o)
                0x00000000000140a0                mfu_interface_close
 .text.mfu_interface_sendto
                0x000000000001417c      0x184 /home/thomas/Documents/UA/Doctoraat/projects/nb-iot-multiple-bs/code/ncs/nrfxlib/bsdlib/lib/cortex-m33/hard-float/libbsd_nrf9160_xxaa.a(mfu_interface.c.o)
                0x000000000001417c                mfu_interface_sendto
 .text.mfu_interface_setopt
                0x0000000000014300      0x130 /home/thomas/Documents/UA/Doctoraat/projects/nb-iot-multiple-bs/code/ncs/nrfxlib/bsdlib/lib/cortex-m33/hard-float/libbsd_nrf9160_xxaa.a(mfu_interface.c.o)
                0x0000000000014300                mfu_interface_setopt
 .text.mfu_interface_getopt
                0x0000000000014430      0x1b0 /home/thomas/Documents/UA/Doctoraat/projects/nb-iot-multiple-bs/code/ncs/nrfxlib/bsdlib/lib/cortex-m33/hard-float/libbsd_nrf9160_xxaa.a(mfu_interface.c.o)
                0x0000000000014430                mfu_interface_getopt
 .text.bsd_platform_error_handler
                0x00000000000145e0        0x8 /home/thomas/Documents/UA/Doctoraat/projects/nb-iot-multiple-bs/code/ncs/nrfxlib/bsdlib/lib/cortex-m33/hard-float/libbsd_nrf9160_xxaa.a(bsd.c.o)
                0x00000000000145e0                bsd_platform_error_handler
 .text.bsd_init
                0x00000000000145e8       0x20 /home/thomas/Documents/UA/Doctoraat/projects/nb-iot-multiple-bs/code/ncs/nrfxlib/bsdlib/lib/cortex-m33/hard-float/libbsd_nrf9160_xxaa.a(bsd.c.o)
                0x00000000000145e8                bsd_init
 .text.bsd_shutdown
                0x0000000000014608       0x1c /home/thomas/Documents/UA/Doctoraat/projects/nb-iot-multiple-bs/code/ncs/nrfxlib/bsdlib/lib/cortex-m33/hard-float/libbsd_nrf9160_xxaa.a(bsd.c.o)
                0x0000000000014608                bsd_shutdown
 .text.unimplemented_method
                0x0000000000014624       0x18 /home/thomas/Documents/UA/Doctoraat/projects/nb-iot-multiple-bs/code/ncs/nrfxlib/bsdlib/lib/cortex-m33/hard-float/libbsd_nrf9160_xxaa.a(bsd_platform.c.o)
 .text.rpc_transport_ipc_fault_handler
                0x000000000001463c        0x4 /home/thomas/Documents/UA/Doctoraat/projects/nb-iot-multiple-bs/code/ncs/nrfxlib/bsdlib/lib/cortex-m33/hard-float/libbsd_nrf9160_xxaa.a(bsd_platform.c.o)
                0x000000000001463c                rpc_transport_ipc_fault_handler
 .text.bsd_platform_init
                0x0000000000014640       0xcc /home/thomas/Documents/UA/Doctoraat/projects/nb-iot-multiple-bs/code/ncs/nrfxlib/bsdlib/lib/cortex-m33/hard-float/libbsd_nrf9160_xxaa.a(bsd_platform.c.o)
                0x0000000000014640                bsd_platform_init
 .text.bsd_platform_shutdown
                0x000000000001470c       0x10 /home/thomas/Documents/UA/Doctoraat/projects/nb-iot-multiple-bs/code/ncs/nrfxlib/bsdlib/lib/cortex-m33/hard-float/libbsd_nrf9160_xxaa.a(bsd_platform.c.o)
                0x000000000001470c                bsd_platform_shutdown
 .text.bsd_platform_af_method_table_get
                0x000000000001471c       0xa8 /home/thomas/Documents/UA/Doctoraat/projects/nb-iot-multiple-bs/code/ncs/nrfxlib/bsdlib/lib/cortex-m33/hard-float/libbsd_nrf9160_xxaa.a(bsd_platform.c.o)
                0x000000000001471c                bsd_platform_af_method_table_get
 .text.bsd_platform_fd_method_table_get
                0x00000000000147c4       0xe0 /home/thomas/Documents/UA/Doctoraat/projects/nb-iot-multiple-bs/code/ncs/nrfxlib/bsdlib/lib/cortex-m33/hard-float/libbsd_nrf9160_xxaa.a(bsd_platform.c.o)
                0x00000000000147c4                bsd_platform_fd_method_table_get
 .text.bsd_platform_getaddrinfo
                0x00000000000148a4        0x4 /home/thomas/Documents/UA/Doctoraat/projects/nb-iot-multiple-bs/code/ncs/nrfxlib/bsdlib/lib/cortex-m33/hard-float/libbsd_nrf9160_xxaa.a(bsd_platform_util.c.o)
                0x00000000000148a4                bsd_platform_getaddrinfo
 .text.bsd_platform_freeaddrinfo
                0x00000000000148a8        0x4 /home/thomas/Documents/UA/Doctoraat/projects/nb-iot-multiple-bs/code/ncs/nrfxlib/bsdlib/lib/cortex-m33/hard-float/libbsd_nrf9160_xxaa.a(bsd_platform_util.c.o)
                0x00000000000148a8                bsd_platform_freeaddrinfo
 .text.bsd_platform_poll
                0x00000000000148ac       0xb4 /home/thomas/Documents/UA/Doctoraat/projects/nb-iot-multiple-bs/code/ncs/nrfxlib/bsdlib/lib/cortex-m33/hard-float/libbsd_nrf9160_xxaa.a(bsd_platform_util.c.o)
                0x00000000000148ac                bsd_platform_poll
 .text.bsd_platform_fcntl
                0x0000000000014960       0x20 /home/thomas/Documents/UA/Doctoraat/projects/nb-iot-multiple-bs/code/ncs/nrfxlib/bsdlib/lib/cortex-m33/hard-float/libbsd_nrf9160_xxaa.a(bsd_platform_util.c.o)
                0x0000000000014960                bsd_platform_fcntl
 .text.ipc_trace_init
                0x0000000000014980        0xc /home/thomas/Documents/UA/Doctoraat/projects/nb-iot-multiple-bs/code/ncs/nrfxlib/bsdlib/lib/cortex-m33/hard-float/libbsd_nrf9160_xxaa.a(ipc_trace.c.o)
                0x0000000000014980                ipc_trace_init
 .text.bsd_os_trace_irq_handler
                0x000000000001498c      0x1c4 /home/thomas/Documents/UA/Doctoraat/projects/nb-iot-multiple-bs/code/ncs/nrfxlib/bsdlib/lib/cortex-m33/hard-float/libbsd_nrf9160_xxaa.a(ipc_trace.c.o)
                0x000000000001498c                bsd_os_trace_irq_handler
 .text.ipc_trace_handle
                0x0000000000014b50      0x2dc /home/thomas/Documents/UA/Doctoraat/projects/nb-iot-multiple-bs/code/ncs/nrfxlib/bsdlib/lib/cortex-m33/hard-float/libbsd_nrf9160_xxaa.a(ipc_trace.c.o)
                0x0000000000014b50                ipc_trace_handle
 .text.rpc_trace_coredump_in_progress
                0x0000000000014e2c        0xc /home/thomas/Documents/UA/Doctoraat/projects/nb-iot-multiple-bs/code/ncs/nrfxlib/bsdlib/lib/cortex-m33/hard-float/libbsd_nrf9160_xxaa.a(ipc_trace.c.o)
                0x0000000000014e2c                rpc_trace_coredump_in_progress
 .text.transport_reset
                0x0000000000014e38        0x4 /home/thomas/Documents/UA/Doctoraat/projects/nb-iot-multiple-bs/code/ncs/nrfxlib/bsdlib/lib/cortex-m33/hard-float/libbsd_nrf9160_xxaa.a(rpc_transport_ipc.c.o)
 .text.transport_data_free
                0x0000000000014e3c       0x38 /home/thomas/Documents/UA/Doctoraat/projects/nb-iot-multiple-bs/code/ncs/nrfxlib/bsdlib/lib/cortex-m33/hard-float/libbsd_nrf9160_xxaa.a(rpc_transport_ipc.c.o)
 .text.rpc_transport_ipc_init
                0x0000000000014e74       0x84 /home/thomas/Documents/UA/Doctoraat/projects/nb-iot-multiple-bs/code/ncs/nrfxlib/bsdlib/lib/cortex-m33/hard-float/libbsd_nrf9160_xxaa.a(rpc_transport_ipc.c.o)
                0x0000000000014e74                rpc_transport_ipc_init
 .text.rpc_transport_rx_handle
                0x0000000000014ef8       0x44 /home/thomas/Documents/UA/Doctoraat/projects/nb-iot-multiple-bs/code/ncs/nrfxlib/bsdlib/lib/cortex-m33/hard-float/libbsd_nrf9160_xxaa.a(rpc_transport_ipc.c.o)
                0x0000000000014ef8                rpc_transport_rx_handle
 .text.rpc_transport_ipc_shutdown
                0x0000000000014f3c       0x18 /home/thomas/Documents/UA/Doctoraat/projects/nb-iot-multiple-bs/code/ncs/nrfxlib/bsdlib/lib/cortex-m33/hard-float/libbsd_nrf9160_xxaa.a(rpc_transport_ipc.c.o)
                0x0000000000014f3c                rpc_transport_ipc_shutdown
 .text.rpc_transport_ipc_rx_init
                0x0000000000014f54      0x240 /home/thomas/Documents/UA/Doctoraat/projects/nb-iot-multiple-bs/code/ncs/nrfxlib/bsdlib/lib/cortex-m33/hard-float/libbsd_nrf9160_xxaa.a(rpc_transport_ipc_rx.c.o)
                0x0000000000014f54                rpc_transport_ipc_rx_init
 .text.IPC_IRQHandler
                0x0000000000015194      0x3dc /home/thomas/Documents/UA/Doctoraat/projects/nb-iot-multiple-bs/code/ncs/nrfxlib/bsdlib/lib/cortex-m33/hard-float/libbsd_nrf9160_xxaa.a(rpc_transport_ipc_rx.c.o)
                0x0000000000015194                IPC_IRQHandler
 .text.rpc_transport_msg_free
                0x0000000000015570       0x6c /home/thomas/Documents/UA/Doctoraat/projects/nb-iot-multiple-bs/code/ncs/nrfxlib/bsdlib/lib/cortex-m33/hard-float/libbsd_nrf9160_xxaa.a(rpc_transport_ipc_rx.c.o)
                0x0000000000015570                rpc_transport_msg_free
 .text.rpc_transport_ipc_rx_suspend
                0x00000000000155dc       0x40 /home/thomas/Documents/UA/Doctoraat/projects/nb-iot-multiple-bs/code/ncs/nrfxlib/bsdlib/lib/cortex-m33/hard-float/libbsd_nrf9160_xxaa.a(rpc_transport_ipc_rx.c.o)
                0x00000000000155dc                rpc_transport_ipc_rx_suspend
 .text.rpc_transport_ipc_rx_shutdown
                0x000000000001561c       0xec /home/thomas/Documents/UA/Doctoraat/projects/nb-iot-multiple-bs/code/ncs/nrfxlib/bsdlib/lib/cortex-m33/hard-float/libbsd_nrf9160_xxaa.a(rpc_transport_ipc_rx.c.o)
                0x000000000001561c                rpc_transport_ipc_rx_shutdown
 .text.rpc_transport_ipc_tx_init
                0x0000000000015708      0x1d4 /home/thomas/Documents/UA/Doctoraat/projects/nb-iot-multiple-bs/code/ncs/nrfxlib/bsdlib/lib/cortex-m33/hard-float/libbsd_nrf9160_xxaa.a(rpc_transport_ipc_tx.c.o)
                0x0000000000015708                rpc_transport_ipc_tx_init
 .text.rpc_transport_ipc_tx_send
                0x00000000000158dc      0x100 /home/thomas/Documents/UA/Doctoraat/projects/nb-iot-multiple-bs/code/ncs/nrfxlib/bsdlib/lib/cortex-m33/hard-float/libbsd_nrf9160_xxaa.a(rpc_transport_ipc_tx.c.o)
                0x00000000000158dc                rpc_transport_ipc_tx_send
 .text.rpc_transport_ipc_tx_rpc_data_alloc
                0x00000000000159dc       0x70 /home/thomas/Documents/UA/Doctoraat/projects/nb-iot-multiple-bs/code/ncs/nrfxlib/bsdlib/lib/cortex-m33/hard-float/libbsd_nrf9160_xxaa.a(rpc_transport_ipc_tx.c.o)
                0x00000000000159dc                rpc_transport_ipc_tx_rpc_data_alloc
 .text.rpc_transport_ipc_tx_rpc_ctrl_alloc
                0x0000000000015a4c       0x60 /home/thomas/Documents/UA/Doctoraat/projects/nb-iot-multiple-bs/code/ncs/nrfxlib/bsdlib/lib/cortex-m33/hard-float/libbsd_nrf9160_xxaa.a(rpc_transport_ipc_tx.c.o)
                0x0000000000015a4c                rpc_transport_ipc_tx_rpc_ctrl_alloc
 .text.rpc_transport_ipc_tx_data_alloc
                0x0000000000015aac       0x14 /home/thomas/Documents/UA/Doctoraat/projects/nb-iot-multiple-bs/code/ncs/nrfxlib/bsdlib/lib/cortex-m33/hard-float/libbsd_nrf9160_xxaa.a(rpc_transport_ipc_tx.c.o)
                0x0000000000015aac                rpc_transport_ipc_tx_data_alloc
 .text.rpc_transport_ipc_tx_suspend
                0x0000000000015ac0        0xc /home/thomas/Documents/UA/Doctoraat/projects/nb-iot-multiple-bs/code/ncs/nrfxlib/bsdlib/lib/cortex-m33/hard-float/libbsd_nrf9160_xxaa.a(rpc_transport_ipc_tx.c.o)
                0x0000000000015ac0                rpc_transport_ipc_tx_suspend
 .text.rpc_transport_ipc_tx_shutdown
                0x0000000000015acc       0x68 /home/thomas/Documents/UA/Doctoraat/projects/nb-iot-multiple-bs/code/ncs/nrfxlib/bsdlib/lib/cortex-m33/hard-float/libbsd_nrf9160_xxaa.a(rpc_transport_ipc_tx.c.o)
                0x0000000000015acc                rpc_transport_ipc_tx_shutdown
 .text.ok_rsp_parser
                0x0000000000015b34        0x4 /home/thomas/Documents/UA/Doctoraat/projects/nb-iot-multiple-bs/code/ncs/nrfxlib/bsdlib/lib/cortex-m33/hard-float/libbsd_nrf9160_xxaa.a(pdn_interface.c.o)
 .text.pdn_state_get_parser
                0x0000000000015b38       0x6c /home/thomas/Documents/UA/Doctoraat/projects/nb-iot-multiple-bs/code/ncs/nrfxlib/bsdlib/lib/cortex-m33/hard-float/libbsd_nrf9160_xxaa.a(pdn_interface.c.o)
 .text.pdn_id_get_parser
                0x0000000000015ba4       0x58 /home/thomas/Documents/UA/Doctoraat/projects/nb-iot-multiple-bs/code/ncs/nrfxlib/bsdlib/lib/cortex-m33/hard-float/libbsd_nrf9160_xxaa.a(pdn_interface.c.o)
 .text.context_create_parser
                0x0000000000015bfc       0x58 /home/thomas/Documents/UA/Doctoraat/projects/nb-iot-multiple-bs/code/ncs/nrfxlib/bsdlib/lib/cortex-m33/hard-float/libbsd_nrf9160_xxaa.a(pdn_interface.c.o)
 .text.pdn_interface_init
                0x0000000000015c54       0x34 /home/thomas/Documents/UA/Doctoraat/projects/nb-iot-multiple-bs/code/ncs/nrfxlib/bsdlib/lib/cortex-m33/hard-float/libbsd_nrf9160_xxaa.a(pdn_interface.c.o)
                0x0000000000015c54                pdn_interface_init
 .text.pdn_interface_open
                0x0000000000015c88      0x1c0 /home/thomas/Documents/UA/Doctoraat/projects/nb-iot-multiple-bs/code/ncs/nrfxlib/bsdlib/lib/cortex-m33/hard-float/libbsd_nrf9160_xxaa.a(pdn_interface.c.o)
                0x0000000000015c88                pdn_interface_open
 .text.pdn_interface_connect
                0x0000000000015e48      0x300 /home/thomas/Documents/UA/Doctoraat/projects/nb-iot-multiple-bs/code/ncs/nrfxlib/bsdlib/lib/cortex-m33/hard-float/libbsd_nrf9160_xxaa.a(pdn_interface.c.o)
                0x0000000000015e48                pdn_interface_connect
 .text.pdn_interface_close
                0x0000000000016148      0x1b8 /home/thomas/Documents/UA/Doctoraat/projects/nb-iot-multiple-bs/code/ncs/nrfxlib/bsdlib/lib/cortex-m33/hard-float/libbsd_nrf9160_xxaa.a(pdn_interface.c.o)
                0x0000000000016148                pdn_interface_close
 .text.pdn_interface_setopt
                0x0000000000016300       0xb0 /home/thomas/Documents/UA/Doctoraat/projects/nb-iot-multiple-bs/code/ncs/nrfxlib/bsdlib/lib/cortex-m33/hard-float/libbsd_nrf9160_xxaa.a(pdn_interface.c.o)
                0x0000000000016300                pdn_interface_setopt
 .text.pdn_interface_getopt
                0x00000000000163b0      0x198 /home/thomas/Documents/UA/Doctoraat/projects/nb-iot-multiple-bs/code/ncs/nrfxlib/bsdlib/lib/cortex-m33/hard-float/libbsd_nrf9160_xxaa.a(pdn_interface.c.o)
                0x00000000000163b0                pdn_interface_getopt
 .text.pdn_interface_pdn_id_get
                0x0000000000016548      0x7b4 /home/thomas/Documents/UA/Doctoraat/projects/nb-iot-multiple-bs/code/ncs/nrfxlib/bsdlib/lib/cortex-m33/hard-float/libbsd_nrf9160_xxaa.a(pdn_interface.c.o)
                0x0000000000016548                pdn_interface_pdn_id_get
 .text.linked_list_init
                0x0000000000016cfc       0x14 /home/thomas/Documents/UA/Doctoraat/projects/nb-iot-multiple-bs/code/ncs/nrfxlib/bsdlib/lib/cortex-m33/hard-float/libbsd_nrf9160_xxaa.a(linked_list.c.o)
                0x0000000000016cfc                linked_list_init
 .text.linked_list_push
                0x0000000000016d10       0x2c /home/thomas/Documents/UA/Doctoraat/projects/nb-iot-multiple-bs/code/ncs/nrfxlib/bsdlib/lib/cortex-m33/hard-float/libbsd_nrf9160_xxaa.a(linked_list.c.o)
                0x0000000000016d10                linked_list_push
 .text.linked_list_pop
                0x0000000000016d3c       0x14 /home/thomas/Documents/UA/Doctoraat/projects/nb-iot-multiple-bs/code/ncs/nrfxlib/bsdlib/lib/cortex-m33/hard-float/libbsd_nrf9160_xxaa.a(linked_list.c.o)
                0x0000000000016d3c                linked_list_pop
 .text.linked_list_peek
                0x0000000000016d50        0xc /home/thomas/Documents/UA/Doctoraat/projects/nb-iot-multiple-bs/code/ncs/nrfxlib/bsdlib/lib/cortex-m33/hard-float/libbsd_nrf9160_xxaa.a(linked_list.c.o)
                0x0000000000016d50                linked_list_peek
 .text.linked_list_size_get
                0x0000000000016d5c        0x4 /home/thomas/Documents/UA/Doctoraat/projects/nb-iot-multiple-bs/code/ncs/nrfxlib/bsdlib/lib/cortex-m33/hard-float/libbsd_nrf9160_xxaa.a(linked_list.c.o)
                0x0000000000016d5c                linked_list_size_get
 .text.linked_list_get_next
                0x0000000000016d60        0x4 /home/thomas/Documents/UA/Doctoraat/projects/nb-iot-multiple-bs/code/ncs/nrfxlib/bsdlib/lib/cortex-m33/hard-float/libbsd_nrf9160_xxaa.a(linked_list.c.o)
                0x0000000000016d60                linked_list_get_next
 .text.nrf_socket
                0x0000000000016d64       0x24 /home/thomas/Documents/UA/Doctoraat/projects/nb-iot-multiple-bs/code/ncs/nrfxlib/bsdlib/lib/cortex-m33/hard-float/libbsd_nrf9160_xxaa.a(socket.c.o)
                0x0000000000016d64                nrf_socket
 .text.nrf_close
                0x0000000000016d88       0x1c /home/thomas/Documents/UA/Doctoraat/projects/nb-iot-multiple-bs/code/ncs/nrfxlib/bsdlib/lib/cortex-m33/hard-float/libbsd_nrf9160_xxaa.a(socket.c.o)
                0x0000000000016d88                nrf_close
 .text.nrf_sendto
                0x0000000000016da4       0x38 /home/thomas/Documents/UA/Doctoraat/projects/nb-iot-multiple-bs/code/ncs/nrfxlib/bsdlib/lib/cortex-m33/hard-float/libbsd_nrf9160_xxaa.a(socket.c.o)
                0x0000000000016da4                nrf_sendto
 .text.nrf_send
                0x0000000000016ddc       0x34 /home/thomas/Documents/UA/Doctoraat/projects/nb-iot-multiple-bs/code/ncs/nrfxlib/bsdlib/lib/cortex-m33/hard-float/libbsd_nrf9160_xxaa.a(socket.c.o)
                0x0000000000016ddc                nrf_send
 .text.nrf_recvfrom
                0x0000000000016e10       0x38 /home/thomas/Documents/UA/Doctoraat/projects/nb-iot-multiple-bs/code/ncs/nrfxlib/bsdlib/lib/cortex-m33/hard-float/libbsd_nrf9160_xxaa.a(socket.c.o)
                0x0000000000016e10                nrf_recvfrom
 .text.nrf_recv
                0x0000000000016e48       0x34 /home/thomas/Documents/UA/Doctoraat/projects/nb-iot-multiple-bs/code/ncs/nrfxlib/bsdlib/lib/cortex-m33/hard-float/libbsd_nrf9160_xxaa.a(socket.c.o)
                0x0000000000016e48                nrf_recv
 .text.nrf_connect
                0x0000000000016e7c       0x24 /home/thomas/Documents/UA/Doctoraat/projects/nb-iot-multiple-bs/code/ncs/nrfxlib/bsdlib/lib/cortex-m33/hard-float/libbsd_nrf9160_xxaa.a(socket.c.o)
                0x0000000000016e7c                nrf_connect
 .text.nrf_listen
                0x0000000000016ea0       0x20 /home/thomas/Documents/UA/Doctoraat/projects/nb-iot-multiple-bs/code/ncs/nrfxlib/bsdlib/lib/cortex-m33/hard-float/libbsd_nrf9160_xxaa.a(socket.c.o)
                0x0000000000016ea0                nrf_listen
 .text.nrf_accept
                0x0000000000016ec0       0x2c /home/thomas/Documents/UA/Doctoraat/projects/nb-iot-multiple-bs/code/ncs/nrfxlib/bsdlib/lib/cortex-m33/hard-float/libbsd_nrf9160_xxaa.a(socket.c.o)
                0x0000000000016ec0                nrf_accept
 .text.nrf_bind
                0x0000000000016eec       0x24 /home/thomas/Documents/UA/Doctoraat/projects/nb-iot-multiple-bs/code/ncs/nrfxlib/bsdlib/lib/cortex-m33/hard-float/libbsd_nrf9160_xxaa.a(socket.c.o)
                0x0000000000016eec                nrf_bind
 .text.nrf_setsockopt
                0x0000000000016f10       0x38 /home/thomas/Documents/UA/Doctoraat/projects/nb-iot-multiple-bs/code/ncs/nrfxlib/bsdlib/lib/cortex-m33/hard-float/libbsd_nrf9160_xxaa.a(socket.c.o)
                0x0000000000016f10                nrf_setsockopt
 .text.nrf_getsockopt
                0x0000000000016f48       0x38 /home/thomas/Documents/UA/Doctoraat/projects/nb-iot-multiple-bs/code/ncs/nrfxlib/bsdlib/lib/cortex-m33/hard-float/libbsd_nrf9160_xxaa.a(socket.c.o)
                0x0000000000016f48                nrf_getsockopt
 .text.nrf_getaddrinfo
                0x0000000000016f80        0x4 /home/thomas/Documents/UA/Doctoraat/projects/nb-iot-multiple-bs/code/ncs/nrfxlib/bsdlib/lib/cortex-m33/hard-float/libbsd_nrf9160_xxaa.a(socket.c.o)
                0x0000000000016f80                nrf_getaddrinfo
 .text.nrf_freeaddrinfo
                0x0000000000016f84        0x4 /home/thomas/Documents/UA/Doctoraat/projects/nb-iot-multiple-bs/code/ncs/nrfxlib/bsdlib/lib/cortex-m33/hard-float/libbsd_nrf9160_xxaa.a(socket.c.o)
                0x0000000000016f84                nrf_freeaddrinfo
 .text.nrf_poll
                0x0000000000016f88        0x4 /home/thomas/Documents/UA/Doctoraat/projects/nb-iot-multiple-bs/code/ncs/nrfxlib/bsdlib/lib/cortex-m33/hard-float/libbsd_nrf9160_xxaa.a(socket.c.o)
                0x0000000000016f88                nrf_poll
 .text.nrf_fcntl
                0x0000000000016f8c        0x4 /home/thomas/Documents/UA/Doctoraat/projects/nb-iot-multiple-bs/code/ncs/nrfxlib/bsdlib/lib/cortex-m33/hard-float/libbsd_nrf9160_xxaa.a(socket.c.o)
                0x0000000000016f8c                nrf_fcntl
 .text.at_client_evt_handler
                0x0000000000016f90       0x10 /home/thomas/Documents/UA/Doctoraat/projects/nb-iot-multiple-bs/code/ncs/nrfxlib/bsdlib/lib/cortex-m33/hard-float/libbsd_nrf9160_xxaa.a(rpc_at_client.c.o)
 .text.rpc_at_client_init
                0x0000000000016fa0        0xc /home/thomas/Documents/UA/Doctoraat/projects/nb-iot-multiple-bs/code/ncs/nrfxlib/bsdlib/lib/cortex-m33/hard-float/libbsd_nrf9160_xxaa.a(rpc_at_client.c.o)
                0x0000000000016fa0                rpc_at_client_init
 .text.rpc_at_client_request_alloc
                0x0000000000016fac       0x28 /home/thomas/Documents/UA/Doctoraat/projects/nb-iot-multiple-bs/code/ncs/nrfxlib/bsdlib/lib/cortex-m33/hard-float/libbsd_nrf9160_xxaa.a(rpc_at_client.c.o)
                0x0000000000016fac                rpc_at_client_request_alloc
 .text.rpc_at_client_request_send
                0x0000000000016fd4       0x1c /home/thomas/Documents/UA/Doctoraat/projects/nb-iot-multiple-bs/code/ncs/nrfxlib/bsdlib/lib/cortex-m33/hard-float/libbsd_nrf9160_xxaa.a(rpc_at_client.c.o)
                0x0000000000016fd4                rpc_at_client_request_send
 .text.rpc_at_client_message_free
                0x0000000000016ff0       0x10 /home/thomas/Documents/UA/Doctoraat/projects/nb-iot-multiple-bs/code/ncs/nrfxlib/bsdlib/lib/cortex-m33/hard-float/libbsd_nrf9160_xxaa.a(rpc_at_client.c.o)
                0x0000000000016ff0                rpc_at_client_message_free
 .text.rpc_at_client_data_free
                0x0000000000017000       0x10 /home/thomas/Documents/UA/Doctoraat/projects/nb-iot-multiple-bs/code/ncs/nrfxlib/bsdlib/lib/cortex-m33/hard-float/libbsd_nrf9160_xxaa.a(rpc_at_client.c.o)
                0x0000000000017000                rpc_at_client_data_free
 .text.ip_recvd_packet_free_cb
                0x0000000000017010       0x18 /home/thomas/Documents/UA/Doctoraat/projects/nb-iot-multiple-bs/code/ncs/nrfxlib/bsdlib/lib/cortex-m33/hard-float/libbsd_nrf9160_xxaa.a(ip_interface.c.o)
 .text.rpc_error_to_nrf_bsd_error
                0x0000000000017028       0x14 /home/thomas/Documents/UA/Doctoraat/projects/nb-iot-multiple-bs/code/ncs/nrfxlib/bsdlib/lib/cortex-m33/hard-float/libbsd_nrf9160_xxaa.a(ip_interface.c.o)
                0x0000000000017028                rpc_error_to_nrf_bsd_error
 .text.ip_interface_request_create
                0x000000000001703c       0x40 /home/thomas/Documents/UA/Doctoraat/projects/nb-iot-multiple-bs/code/ncs/nrfxlib/bsdlib/lib/cortex-m33/hard-float/libbsd_nrf9160_xxaa.a(ip_interface.c.o)
                0x000000000001703c                ip_interface_request_create
 .text.ip_interface_request_send
                0x000000000001707c       0x28 /home/thomas/Documents/UA/Doctoraat/projects/nb-iot-multiple-bs/code/ncs/nrfxlib/bsdlib/lib/cortex-m33/hard-float/libbsd_nrf9160_xxaa.a(ip_interface.c.o)
                0x000000000001707c                ip_interface_request_send
 .text.ip_interface_wait
                0x00000000000170a4       0x28 /home/thomas/Documents/UA/Doctoraat/projects/nb-iot-multiple-bs/code/ncs/nrfxlib/bsdlib/lib/cortex-m33/hard-float/libbsd_nrf9160_xxaa.a(ip_interface.c.o)
                0x00000000000170a4                ip_interface_wait
 .text.ip_interface_init
                0x00000000000170cc       0x30 /home/thomas/Documents/UA/Doctoraat/projects/nb-iot-multiple-bs/code/ncs/nrfxlib/bsdlib/lib/cortex-m33/hard-float/libbsd_nrf9160_xxaa.a(ip_interface.c.o)
                0x00000000000170cc                ip_interface_init
 .text.ip_interface_open
                0x00000000000170fc      0x158 /home/thomas/Documents/UA/Doctoraat/projects/nb-iot-multiple-bs/code/ncs/nrfxlib/bsdlib/lib/cortex-m33/hard-float/libbsd_nrf9160_xxaa.a(ip_interface.c.o)
                0x00000000000170fc                ip_interface_open
 .text.ip_interface_close
                0x0000000000017254       0xe0 /home/thomas/Documents/UA/Doctoraat/projects/nb-iot-multiple-bs/code/ncs/nrfxlib/bsdlib/lib/cortex-m33/hard-float/libbsd_nrf9160_xxaa.a(ip_interface.c.o)
                0x0000000000017254                ip_interface_close
 .text.ip_interface_sendto
                0x0000000000017334      0x274 /home/thomas/Documents/UA/Doctoraat/projects/nb-iot-multiple-bs/code/ncs/nrfxlib/bsdlib/lib/cortex-m33/hard-float/libbsd_nrf9160_xxaa.a(ip_interface.c.o)
                0x0000000000017334                ip_interface_sendto
 .text.ip_interface_recvfrom
                0x00000000000175a8      0x258 /home/thomas/Documents/UA/Doctoraat/projects/nb-iot-multiple-bs/code/ncs/nrfxlib/bsdlib/lib/cortex-m33/hard-float/libbsd_nrf9160_xxaa.a(ip_interface.c.o)
                0x00000000000175a8                ip_interface_recvfrom
 .text.ip_interface_connect
                0x0000000000017800      0x154 /home/thomas/Documents/UA/Doctoraat/projects/nb-iot-multiple-bs/code/ncs/nrfxlib/bsdlib/lib/cortex-m33/hard-float/libbsd_nrf9160_xxaa.a(ip_interface.c.o)
                0x0000000000017800                ip_interface_connect
 .text.ip_interface_bind
                0x0000000000017954      0x12c /home/thomas/Documents/UA/Doctoraat/projects/nb-iot-multiple-bs/code/ncs/nrfxlib/bsdlib/lib/cortex-m33/hard-float/libbsd_nrf9160_xxaa.a(ip_interface.c.o)
                0x0000000000017954                ip_interface_bind
 .text.ip_interface_listen
                0x0000000000017a80       0xec /home/thomas/Documents/UA/Doctoraat/projects/nb-iot-multiple-bs/code/ncs/nrfxlib/bsdlib/lib/cortex-m33/hard-float/libbsd_nrf9160_xxaa.a(ip_interface.c.o)
                0x0000000000017a80                ip_interface_listen
 .text.ip_interface_accept
                0x0000000000017b6c      0x270 /home/thomas/Documents/UA/Doctoraat/projects/nb-iot-multiple-bs/code/ncs/nrfxlib/bsdlib/lib/cortex-m33/hard-float/libbsd_nrf9160_xxaa.a(ip_interface.c.o)
                0x0000000000017b6c                ip_interface_accept
 .text.ip_interface_setopt
                0x0000000000017ddc      0x178 /home/thomas/Documents/UA/Doctoraat/projects/nb-iot-multiple-bs/code/ncs/nrfxlib/bsdlib/lib/cortex-m33/hard-float/libbsd_nrf9160_xxaa.a(ip_interface.c.o)
                0x0000000000017ddc                ip_interface_setopt
 .text.ip_interface_getopt
                0x0000000000017f54        0x4 /home/thomas/Documents/UA/Doctoraat/projects/nb-iot-multiple-bs/code/ncs/nrfxlib/bsdlib/lib/cortex-m33/hard-float/libbsd_nrf9160_xxaa.a(ip_interface.c.o)
                0x0000000000017f54                ip_interface_getopt
 .text.ip_interface_getaddrinfo
                0x0000000000017f58      0x1ec /home/thomas/Documents/UA/Doctoraat/projects/nb-iot-multiple-bs/code/ncs/nrfxlib/bsdlib/lib/cortex-m33/hard-float/libbsd_nrf9160_xxaa.a(ip_interface.c.o)
                0x0000000000017f58                ip_interface_getaddrinfo
 .text.ip_interface_freeaddrinfo
                0x0000000000018144       0x3c /home/thomas/Documents/UA/Doctoraat/projects/nb-iot-multiple-bs/code/ncs/nrfxlib/bsdlib/lib/cortex-m33/hard-float/libbsd_nrf9160_xxaa.a(ip_interface.c.o)
                0x0000000000018144                ip_interface_freeaddrinfo
 .text.rpc_ip_event_handler
                0x0000000000018180      0x4d0 /home/thomas/Documents/UA/Doctoraat/projects/nb-iot-multiple-bs/code/ncs/nrfxlib/bsdlib/lib/cortex-m33/hard-float/libbsd_nrf9160_xxaa.a(ip_interface.c.o)
                0x0000000000018180                rpc_ip_event_handler
 .text.interface_init
                0x0000000000018650       0x18 /home/thomas/Documents/UA/Doctoraat/projects/nb-iot-multiple-bs/code/ncs/nrfxlib/bsdlib/lib/cortex-m33/hard-float/libbsd_nrf9160_xxaa.a(interface.c.o)
                0x0000000000018650                interface_init
 .text.interface_socket_allocate
                0x0000000000018668       0xac /home/thomas/Documents/UA/Doctoraat/projects/nb-iot-multiple-bs/code/ncs/nrfxlib/bsdlib/lib/cortex-m33/hard-float/libbsd_nrf9160_xxaa.a(interface.c.o)
                0x0000000000018668                interface_socket_allocate
 .text.interface_socket_free
                0x0000000000018714       0x2c /home/thomas/Documents/UA/Doctoraat/projects/nb-iot-multiple-bs/code/ncs/nrfxlib/bsdlib/lib/cortex-m33/hard-float/libbsd_nrf9160_xxaa.a(interface.c.o)
                0x0000000000018714                interface_socket_free
 .text.interface_socket_packet_handler_update
                0x0000000000018740       0x70 /home/thomas/Documents/UA/Doctoraat/projects/nb-iot-multiple-bs/code/ncs/nrfxlib/bsdlib/lib/cortex-m33/hard-float/libbsd_nrf9160_xxaa.a(interface.c.o)
                0x0000000000018740                interface_socket_packet_handler_update
 .text.interface_socket_wait
                0x00000000000187b0       0x44 /home/thomas/Documents/UA/Doctoraat/projects/nb-iot-multiple-bs/code/ncs/nrfxlib/bsdlib/lib/cortex-m33/hard-float/libbsd_nrf9160_xxaa.a(interface.c.o)
                0x00000000000187b0                interface_socket_wait
 .text.interface_from_internal_id_search
                0x00000000000187f4       0x94 /home/thomas/Documents/UA/Doctoraat/projects/nb-iot-multiple-bs/code/ncs/nrfxlib/bsdlib/lib/cortex-m33/hard-float/libbsd_nrf9160_xxaa.a(interface.c.o)
                0x00000000000187f4                interface_from_internal_id_search
 .text.interface_socket_from_handle_get
                0x0000000000018888       0x1c /home/thomas/Documents/UA/Doctoraat/projects/nb-iot-multiple-bs/code/ncs/nrfxlib/bsdlib/lib/cortex-m33/hard-float/libbsd_nrf9160_xxaa.a(interface.c.o)
                0x0000000000018888                interface_socket_from_handle_get
 .text.interface_socket_event_get
                0x00000000000188a4       0x34 /home/thomas/Documents/UA/Doctoraat/projects/nb-iot-multiple-bs/code/ncs/nrfxlib/bsdlib/lib/cortex-m33/hard-float/libbsd_nrf9160_xxaa.a(interface.c.o)
                0x00000000000188a4                interface_socket_event_get
 .text.interface_socket_setopt
                0x00000000000188d8       0x6c /home/thomas/Documents/UA/Doctoraat/projects/nb-iot-multiple-bs/code/ncs/nrfxlib/bsdlib/lib/cortex-m33/hard-float/libbsd_nrf9160_xxaa.a(interface.c.o)
                0x00000000000188d8                interface_socket_setopt
 .text.interface_socket_getopt
                0x0000000000018944       0x5c /home/thomas/Documents/UA/Doctoraat/projects/nb-iot-multiple-bs/code/ncs/nrfxlib/bsdlib/lib/cortex-m33/hard-float/libbsd_nrf9160_xxaa.a(interface.c.o)
                0x0000000000018944                interface_socket_getopt
 .text.interface_shutdown
                0x00000000000189a0       0x5c /home/thomas/Documents/UA/Doctoraat/projects/nb-iot-multiple-bs/code/ncs/nrfxlib/bsdlib/lib/cortex-m33/hard-float/libbsd_nrf9160_xxaa.a(interface.c.o)
                0x00000000000189a0                interface_shutdown
 .text.interface_socket_fcntl
                0x00000000000189fc       0x54 /home/thomas/Documents/UA/Doctoraat/projects/nb-iot-multiple-bs/code/ncs/nrfxlib/bsdlib/lib/cortex-m33/hard-float/libbsd_nrf9160_xxaa.a(interface.c.o)
                0x00000000000189fc                interface_socket_fcntl
 .text.bsd_os_application_irq_handler
                0x0000000000018a50       0xe0 /home/thomas/Documents/UA/Doctoraat/projects/nb-iot-multiple-bs/code/ncs/nrfxlib/bsdlib/lib/cortex-m33/hard-float/libbsd_nrf9160_xxaa.a(rpc_framework.c.o)
                0x0000000000018a50                bsd_os_application_irq_handler
 .text.rpc_framework_init
                0x0000000000018b30       0x14 /home/thomas/Documents/UA/Doctoraat/projects/nb-iot-multiple-bs/code/ncs/nrfxlib/bsdlib/lib/cortex-m33/hard-float/libbsd_nrf9160_xxaa.a(rpc_framework.c.o)
                0x0000000000018b30                rpc_framework_init
 .text.rpc_client_register
                0x0000000000018b44       0xd4 /home/thomas/Documents/UA/Doctoraat/projects/nb-iot-multiple-bs/code/ncs/nrfxlib/bsdlib/lib/cortex-m33/hard-float/libbsd_nrf9160_xxaa.a(rpc_framework.c.o)
                0x0000000000018b44                rpc_client_register
 .text.rpc_transport_input
                0x0000000000018c18      0x21c /home/thomas/Documents/UA/Doctoraat/projects/nb-iot-multiple-bs/code/ncs/nrfxlib/bsdlib/lib/cortex-m33/hard-float/libbsd_nrf9160_xxaa.a(rpc_framework.c.o)
                0x0000000000018c18                rpc_transport_input
 .text.rpc_transport_register
                0x0000000000018e34       0xc0 /home/thomas/Documents/UA/Doctoraat/projects/nb-iot-multiple-bs/code/ncs/nrfxlib/bsdlib/lib/cortex-m33/hard-float/libbsd_nrf9160_xxaa.a(rpc_framework.c.o)
                0x0000000000018e34                rpc_transport_register
 .text.rpc_transport_unregister
                0x0000000000018ef4       0x90 /home/thomas/Documents/UA/Doctoraat/projects/nb-iot-multiple-bs/code/ncs/nrfxlib/bsdlib/lib/cortex-m33/hard-float/libbsd_nrf9160_xxaa.a(rpc_framework.c.o)
                0x0000000000018ef4                rpc_transport_unregister
 .text.rpc_message_send
                0x0000000000018f84       0x30 /home/thomas/Documents/UA/Doctoraat/projects/nb-iot-multiple-bs/code/ncs/nrfxlib/bsdlib/lib/cortex-m33/hard-float/libbsd_nrf9160_xxaa.a(rpc_framework.c.o)
                0x0000000000018f84                rpc_message_send
 .text.rpc_message_alloc
                0x0000000000018fb4       0x64 /home/thomas/Documents/UA/Doctoraat/projects/nb-iot-multiple-bs/code/ncs/nrfxlib/bsdlib/lib/cortex-m33/hard-float/libbsd_nrf9160_xxaa.a(rpc_framework.c.o)
                0x0000000000018fb4                rpc_message_alloc
 .text.rpc_message_free
                0x0000000000019018      0x224 /home/thomas/Documents/UA/Doctoraat/projects/nb-iot-multiple-bs/code/ncs/nrfxlib/bsdlib/lib/cortex-m33/hard-float/libbsd_nrf9160_xxaa.a(rpc_framework.c.o)
                0x0000000000019018                rpc_message_free
 .text.rpc_message_data_free
                0x000000000001923c      0x220 /home/thomas/Documents/UA/Doctoraat/projects/nb-iot-multiple-bs/code/ncs/nrfxlib/bsdlib/lib/cortex-m33/hard-float/libbsd_nrf9160_xxaa.a(rpc_framework.c.o)
                0x000000000001923c                rpc_message_data_free
 .text.packet_free_cb
                0x000000000001945c       0x1c /home/thomas/Documents/UA/Doctoraat/projects/nb-iot-multiple-bs/code/ncs/nrfxlib/bsdlib/lib/cortex-m33/hard-float/libbsd_nrf9160_xxaa.a(gnss_interface.c.o)
 .text.rpc_gnss_event_handler
                0x0000000000019478      0x1a8 /home/thomas/Documents/UA/Doctoraat/projects/nb-iot-multiple-bs/code/ncs/nrfxlib/bsdlib/lib/cortex-m33/hard-float/libbsd_nrf9160_xxaa.a(gnss_interface.c.o)
                0x0000000000019478                rpc_gnss_event_handler
 .text.gnss_interface_write
                0x0000000000019620      0x1f0 /home/thomas/Documents/UA/Doctoraat/projects/nb-iot-multiple-bs/code/ncs/nrfxlib/bsdlib/lib/cortex-m33/hard-float/libbsd_nrf9160_xxaa.a(gnss_interface.c.o)
                0x0000000000019620                gnss_interface_write
 .text.gnss_interface_read
                0x0000000000019810      0x400 /home/thomas/Documents/UA/Doctoraat/projects/nb-iot-multiple-bs/code/ncs/nrfxlib/bsdlib/lib/cortex-m33/hard-float/libbsd_nrf9160_xxaa.a(gnss_interface.c.o)
                0x0000000000019810                gnss_interface_read
 .text.gnss_interface_setopt
                0x0000000000019c10      0x294 /home/thomas/Documents/UA/Doctoraat/projects/nb-iot-multiple-bs/code/ncs/nrfxlib/bsdlib/lib/cortex-m33/hard-float/libbsd_nrf9160_xxaa.a(gnss_interface.c.o)
                0x0000000000019c10                gnss_interface_setopt
 .text.gnss_interface_getopt
                0x0000000000019ea4      0x220 /home/thomas/Documents/UA/Doctoraat/projects/nb-iot-multiple-bs/code/ncs/nrfxlib/bsdlib/lib/cortex-m33/hard-float/libbsd_nrf9160_xxaa.a(gnss_interface.c.o)
                0x0000000000019ea4                gnss_interface_getopt
 .text.gnss_interface_init
                0x000000000001a0c4       0x3c /home/thomas/Documents/UA/Doctoraat/projects/nb-iot-multiple-bs/code/ncs/nrfxlib/bsdlib/lib/cortex-m33/hard-float/libbsd_nrf9160_xxaa.a(gnss_interface.c.o)
                0x000000000001a0c4                gnss_interface_init
 .text.gnss_interface_open
                0x000000000001a100       0x70 /home/thomas/Documents/UA/Doctoraat/projects/nb-iot-multiple-bs/code/ncs/nrfxlib/bsdlib/lib/cortex-m33/hard-float/libbsd_nrf9160_xxaa.a(gnss_interface.c.o)
                0x000000000001a100                gnss_interface_open
 .text.gnss_interface_close
                0x000000000001a170       0x5c /home/thomas/Documents/UA/Doctoraat/projects/nb-iot-multiple-bs/code/ncs/nrfxlib/bsdlib/lib/cortex-m33/hard-float/libbsd_nrf9160_xxaa.a(gnss_interface.c.o)
                0x000000000001a170                gnss_interface_close
 .text.rpc_gnss_serialize_utc
                0x000000000001a1cc       0x44 /home/thomas/Documents/UA/Doctoraat/projects/nb-iot-multiple-bs/code/ncs/nrfxlib/bsdlib/lib/cortex-m33/hard-float/libbsd_nrf9160_xxaa.a(rpc_gnss_agps_serializer.c.o)
                0x000000000001a1cc                rpc_gnss_serialize_utc
 .text.rpc_gnss_serialize_ephe
                0x000000000001a210       0xa4 /home/thomas/Documents/UA/Doctoraat/projects/nb-iot-multiple-bs/code/ncs/nrfxlib/bsdlib/lib/cortex-m33/hard-float/libbsd_nrf9160_xxaa.a(rpc_gnss_agps_serializer.c.o)
                0x000000000001a210                rpc_gnss_serialize_ephe
 .text.rpc_gnss_serialize_alm
                0x000000000001a2b4       0x64 /home/thomas/Documents/UA/Doctoraat/projects/nb-iot-multiple-bs/code/ncs/nrfxlib/bsdlib/lib/cortex-m33/hard-float/libbsd_nrf9160_xxaa.a(rpc_gnss_agps_serializer.c.o)
                0x000000000001a2b4                rpc_gnss_serialize_alm
 .text.rpc_gnss_serialize_klob
                0x000000000001a318       0x48 /home/thomas/Documents/UA/Doctoraat/projects/nb-iot-multiple-bs/code/ncs/nrfxlib/bsdlib/lib/cortex-m33/hard-float/libbsd_nrf9160_xxaa.a(rpc_gnss_agps_serializer.c.o)
                0x000000000001a318                rpc_gnss_serialize_klob
 .text.rpc_gnss_serialize_nequick
                0x000000000001a360       0x34 /home/thomas/Documents/UA/Doctoraat/projects/nb-iot-multiple-bs/code/ncs/nrfxlib/bsdlib/lib/cortex-m33/hard-float/libbsd_nrf9160_xxaa.a(rpc_gnss_agps_serializer.c.o)
                0x000000000001a360                rpc_gnss_serialize_nequick
 .text.rpc_gnss_serialize_time_and_sv_tow
                0x000000000001a394       0x50 /home/thomas/Documents/UA/Doctoraat/projects/nb-iot-multiple-bs/code/ncs/nrfxlib/bsdlib/lib/cortex-m33/hard-float/libbsd_nrf9160_xxaa.a(rpc_gnss_agps_serializer.c.o)
                0x000000000001a394                rpc_gnss_serialize_time_and_sv_tow
 .text.rpc_gnss_serialize_location
                0x000000000001a3e4       0x40 /home/thomas/Documents/UA/Doctoraat/projects/nb-iot-multiple-bs/code/ncs/nrfxlib/bsdlib/lib/cortex-m33/hard-float/libbsd_nrf9160_xxaa.a(rpc_gnss_agps_serializer.c.o)
                0x000000000001a3e4                rpc_gnss_serialize_location
 .text.rpc_gnss_serialize_integrity
                0x000000000001a424       0x1c /home/thomas/Documents/UA/Doctoraat/projects/nb-iot-multiple-bs/code/ncs/nrfxlib/bsdlib/lib/cortex-m33/hard-float/libbsd_nrf9160_xxaa.a(rpc_gnss_agps_serializer.c.o)
                0x000000000001a424                rpc_gnss_serialize_integrity
 .text.gnss_client_event_handler
                0x000000000001a440        0xc /home/thomas/Documents/UA/Doctoraat/projects/nb-iot-multiple-bs/code/ncs/nrfxlib/bsdlib/lib/cortex-m33/hard-float/libbsd_nrf9160_xxaa.a(rpc_gnss_client.c.o)
 .text.rpc_gnss_client_init
                0x000000000001a44c        0xc /home/thomas/Documents/UA/Doctoraat/projects/nb-iot-multiple-bs/code/ncs/nrfxlib/bsdlib/lib/cortex-m33/hard-float/libbsd_nrf9160_xxaa.a(rpc_gnss_client.c.o)
                0x000000000001a44c                rpc_gnss_client_init
 .text.rpc_gnss_client_request_alloc
                0x000000000001a458       0x28 /home/thomas/Documents/UA/Doctoraat/projects/nb-iot-multiple-bs/code/ncs/nrfxlib/bsdlib/lib/cortex-m33/hard-float/libbsd_nrf9160_xxaa.a(rpc_gnss_client.c.o)
                0x000000000001a458                rpc_gnss_client_request_alloc
 .text.rpc_gnss_client_request_send
                0x000000000001a480       0x2c /home/thomas/Documents/UA/Doctoraat/projects/nb-iot-multiple-bs/code/ncs/nrfxlib/bsdlib/lib/cortex-m33/hard-float/libbsd_nrf9160_xxaa.a(rpc_gnss_client.c.o)
                0x000000000001a480                rpc_gnss_client_request_send
 .text.rpc_gnss_client_message_free
                0x000000000001a4ac       0x10 /home/thomas/Documents/UA/Doctoraat/projects/nb-iot-multiple-bs/code/ncs/nrfxlib/bsdlib/lib/cortex-m33/hard-float/libbsd_nrf9160_xxaa.a(rpc_gnss_client.c.o)
                0x000000000001a4ac                rpc_gnss_client_message_free
 .text.rpc_gnss_client_data_free
                0x000000000001a4bc       0x10 /home/thomas/Documents/UA/Doctoraat/projects/nb-iot-multiple-bs/code/ncs/nrfxlib/bsdlib/lib/cortex-m33/hard-float/libbsd_nrf9160_xxaa.a(rpc_gnss_client.c.o)
                0x000000000001a4bc                rpc_gnss_client_data_free
 .text.datagram_handler_init
                0x000000000001a4cc       0x1c /home/thomas/Documents/UA/Doctoraat/projects/nb-iot-multiple-bs/code/ncs/nrfxlib/bsdlib/lib/cortex-m33/hard-float/libbsd_nrf9160_xxaa.a(datagram_handler.c.o)
                0x000000000001a4cc                datagram_handler_init
 .text.datagram_handler_put
                0x000000000001a4e8       0x40 /home/thomas/Documents/UA/Doctoraat/projects/nb-iot-multiple-bs/code/ncs/nrfxlib/bsdlib/lib/cortex-m33/hard-float/libbsd_nrf9160_xxaa.a(datagram_handler.c.o)
                0x000000000001a4e8                datagram_handler_put
 .text.datagram_handler_get
                0x000000000001a528       0x8c /home/thomas/Documents/UA/Doctoraat/projects/nb-iot-multiple-bs/code/ncs/nrfxlib/bsdlib/lib/cortex-m33/hard-float/libbsd_nrf9160_xxaa.a(datagram_handler.c.o)
                0x000000000001a528                datagram_handler_get
 .text.datagram_handler_available
                0x000000000001a5b4       0x14 /home/thomas/Documents/UA/Doctoraat/projects/nb-iot-multiple-bs/code/ncs/nrfxlib/bsdlib/lib/cortex-m33/hard-float/libbsd_nrf9160_xxaa.a(datagram_handler.c.o)
                0x000000000001a5b4                datagram_handler_available
 .text.datagram_handler_flush
                0x000000000001a5c8       0x48 /home/thomas/Documents/UA/Doctoraat/projects/nb-iot-multiple-bs/code/ncs/nrfxlib/bsdlib/lib/cortex-m33/hard-float/libbsd_nrf9160_xxaa.a(datagram_handler.c.o)
                0x000000000001a5c8                datagram_handler_flush
 .text.datagram_handler_free
                0x000000000001a610       0x4c /home/thomas/Documents/UA/Doctoraat/projects/nb-iot-multiple-bs/code/ncs/nrfxlib/bsdlib/lib/cortex-m33/hard-float/libbsd_nrf9160_xxaa.a(datagram_handler.c.o)
                0x000000000001a610                datagram_handler_free
 .text.null_handler_init
                0x000000000001a65c        0x4 /home/thomas/Documents/UA/Doctoraat/projects/nb-iot-multiple-bs/code/ncs/nrfxlib/bsdlib/lib/cortex-m33/hard-float/libbsd_nrf9160_xxaa.a(null_handler.c.o)
                0x000000000001a65c                null_handler_init
 .text.null_handler_put
                0x000000000001a660       0x10 /home/thomas/Documents/UA/Doctoraat/projects/nb-iot-multiple-bs/code/ncs/nrfxlib/bsdlib/lib/cortex-m33/hard-float/libbsd_nrf9160_xxaa.a(null_handler.c.o)
                0x000000000001a660                null_handler_put
 .text.null_handler_get
                0x000000000001a670        0x8 /home/thomas/Documents/UA/Doctoraat/projects/nb-iot-multiple-bs/code/ncs/nrfxlib/bsdlib/lib/cortex-m33/hard-float/libbsd_nrf9160_xxaa.a(null_handler.c.o)
                0x000000000001a670                null_handler_get
 .text.null_handler_available
                0x000000000001a678        0x8 /home/thomas/Documents/UA/Doctoraat/projects/nb-iot-multiple-bs/code/ncs/nrfxlib/bsdlib/lib/cortex-m33/hard-float/libbsd_nrf9160_xxaa.a(null_handler.c.o)
                0x000000000001a678                null_handler_available
 .text.null_handler_flush
                0x000000000001a680        0x4 /home/thomas/Documents/UA/Doctoraat/projects/nb-iot-multiple-bs/code/ncs/nrfxlib/bsdlib/lib/cortex-m33/hard-float/libbsd_nrf9160_xxaa.a(null_handler.c.o)
                0x000000000001a680                null_handler_flush
 .text.null_handler_free
                0x000000000001a684        0x4 /home/thomas/Documents/UA/Doctoraat/projects/nb-iot-multiple-bs/code/ncs/nrfxlib/bsdlib/lib/cortex-m33/hard-float/libbsd_nrf9160_xxaa.a(null_handler.c.o)
                0x000000000001a684                null_handler_free
 .text.packet_handler_create
                0x000000000001a688       0x40 /home/thomas/Documents/UA/Doctoraat/projects/nb-iot-multiple-bs/code/ncs/nrfxlib/bsdlib/lib/cortex-m33/hard-float/libbsd_nrf9160_xxaa.a(packet_handler_factory.c.o)
                0x000000000001a688                packet_handler_create
 .text.packet_handler_delete
                0x000000000001a6c8       0x1c /home/thomas/Documents/UA/Doctoraat/projects/nb-iot-multiple-bs/code/ncs/nrfxlib/bsdlib/lib/cortex-m33/hard-float/libbsd_nrf9160_xxaa.a(packet_handler_factory.c.o)
                0x000000000001a6c8                packet_handler_delete
 .text.stream_handler_init
                0x000000000001a6e4       0x20 /home/thomas/Documents/UA/Doctoraat/projects/nb-iot-multiple-bs/code/ncs/nrfxlib/bsdlib/lib/cortex-m33/hard-float/libbsd_nrf9160_xxaa.a(stream_handler.c.o)
                0x000000000001a6e4                stream_handler_init
 .text.stream_handler_put