Archive member included to satisfy reference by file (symbol)

app/libapp.a(main.c.obj)      (--whole-archive)
app/libapp.a(slm_at_host.c.obj)
                              (--whole-archive)
app/libapp.a(slm_at_tcpip.c.obj)
                              (--whole-archive)
app/libapp.a(slm_at_gps.c.obj)
                              (--whole-archive)
zephyr/libzephyr.a(crc32_sw.c.obj)
                              (--whole-archive)
zephyr/libzephyr.a(crc16_sw.c.obj)
                              (--whole-archive)
zephyr/libzephyr.a(crc8_sw.c.obj)
                              (--whole-archive)
zephyr/libzephyr.a(crc7_sw.c.obj)
                              (--whole-archive)
zephyr/libzephyr.a(dec.c.obj)
                              (--whole-archive)
zephyr/libzephyr.a(fdtable.c.obj)
                              (--whole-archive)
zephyr/libzephyr.a(hex.c.obj)
                              (--whole-archive)
zephyr/libzephyr.a(mempool.c.obj)
                              (--whole-archive)
zephyr/libzephyr.a(rb.c.obj)  (--whole-archive)
zephyr/libzephyr.a(sem.c.obj)
                              (--whole-archive)
zephyr/libzephyr.a(thread_entry.c.obj)
                              (--whole-archive)
zephyr/libzephyr.a(timeutil.c.obj)
                              (--whole-archive)
zephyr/libzephyr.a(work_q.c.obj)
                              (--whole-archive)
zephyr/libzephyr.a(printk.c.obj)
                              (--whole-archive)
zephyr/libzephyr.a(configs.c.obj)
                              (--whole-archive)
zephyr/libzephyr.a(soc.c.obj)
                              (--whole-archive)
zephyr/libzephyr.a(mpu_regions.c.obj)
                              (--whole-archive)
zephyr/libzephyr.a(validate_base_addresses.c.obj)
                              (--whole-archive)
zephyr/libzephyr.a(log_list.c.obj)
                              (--whole-archive)
zephyr/libzephyr.a(log_core.c.obj)
                              (--whole-archive)
zephyr/libzephyr.a(log_msg.c.obj)
                              (--whole-archive)
zephyr/libzephyr.a(log_output.c.obj)
                              (--whole-archive)
zephyr/libzephyr.a(log_backend_uart.c.obj)
                              (--whole-archive)
zephyr/libzephyr.a(addr_utils.c.obj)
                              (--whole-archive)
zephyr/libzephyr.a(socket_offload.c.obj)
                              (--whole-archive)
zephyr/libzephyr.a(power.c.obj)
                              (--whole-archive)
zephyr/libzephyr.a(policy_residency.c.obj)
                              (--whole-archive)
zephyr/libzephyr.a(uart_console.c.obj)
                              (--whole-archive)
zephyr/libzephyr.a(nrf_power_clock.c.obj)
                              (--whole-archive)
zephyr/libzephyr.a(sys_clock_init.c.obj)
                              (--whole-archive)
zephyr/libzephyr.a(nrf_rtc_timer.c.obj)
                              (--whole-archive)
zephyr/libzephyr.a(secure_services_ns.c.obj)
                              (--whole-archive)
zephyr/arch/common/libarch__common.a(isr_tables.c.obj)
                              (--whole-archive)
zephyr/arch/common/libarch__common.a(sw_isr_common.c.obj)
                              (--whole-archive)
zephyr/arch/arch/arm/core/libarch__arm__core.a(exc_exit.S.obj)
                              (--whole-archive)
zephyr/arch/arch/arm/core/libarch__arm__core.a(swap.c.obj)
                              (--whole-archive)
zephyr/arch/arch/arm/core/libarch__arm__core.a(swap_helper.S.obj)
                              (--whole-archive)
zephyr/arch/arch/arm/core/libarch__arm__core.a(irq_manage.c.obj)
                              (--whole-archive)
zephyr/arch/arch/arm/core/libarch__arm__core.a(thread.c.obj)
                              (--whole-archive)
zephyr/arch/arch/arm/core/libarch__arm__core.a(cpu_idle.S.obj)
                              (--whole-archive)
zephyr/arch/arch/arm/core/libarch__arm__core.a(fault_s.S.obj)
                              (--whole-archive)
zephyr/arch/arch/arm/core/libarch__arm__core.a(fatal.c.obj)
                              (--whole-archive)
zephyr/arch/arch/arm/core/libarch__arm__core.a(nmi.c.obj)
                              (--whole-archive)
zephyr/arch/arch/arm/core/libarch__arm__core.a(nmi_on_reset.S.obj)
                              (--whole-archive)
zephyr/arch/arch/arm/core/libarch__arm__core.a(prep_c.c.obj)
                              (--whole-archive)
zephyr/arch/arch/arm/core/libarch__arm__core.a(isr_wrapper.S.obj)
                              (--whole-archive)
zephyr/arch/arch/arm/core/cortex_m/libarch__arm__core__cortex_m.a(vector_table.S.obj)
                              (--whole-archive)
zephyr/arch/arch/arm/core/cortex_m/libarch__arm__core__cortex_m.a(reset.S.obj)
                              (--whole-archive)
zephyr/arch/arch/arm/core/cortex_m/libarch__arm__core__cortex_m.a(fault.c.obj)
                              (--whole-archive)
[...]
Memory Configuration

Name             Origin             Length             Attributes
FLASH            0x000000000000c000 0x00000000000f4000 xr
SRAM             0x0000000020020000 0x0000000000020000 xw
IDT_LIST         0x0000000020040000 0x0000000000000800 xw
*default*        0x0000000000000000 0xffffffffffffffff

Linker script and memory map

LOAD zephyr/CMakeFiles/zephyr_prebuilt.dir/misc/empty_file.c.obj
                0x0000000000000020                _region_min_align = 0x20

.rel.plt        0x000000000000c000        0x0
 *(SORT_BY_ALIGNMENT(.rel.plt))
                [!provide]                        PROVIDE (__rel_iplt_start = .)
 *(SORT_BY_ALIGNMENT(.rel.iplt))
 .rel.iplt      0x000000000000c000        0x0 app/libapp.a(main.c.obj)
                [!provide]                        PROVIDE (__rel_iplt_end = .)

.rela.plt       0x0000000000000000        0x0
 *(SORT_BY_ALIGNMENT(.rela.plt))
                [!provide]                        PROVIDE (__rela_iplt_start = .)
 *(SORT_BY_ALIGNMENT(.rela.iplt))
                [!provide]                        PROVIDE (__rela_iplt_end = .)

.rel.dyn
 *(SORT_BY_ALIGNMENT(.rel.*))

.rela.dyn
 *(SORT_BY_ALIGNMENT(.rela.*))

/DISCARD/
 *(SORT_BY_ALIGNMENT(.plt))
 *(SORT_BY_ALIGNMENT(.iplt))
 *(SORT_BY_ALIGNMENT(.got.plt))
 *(SORT_BY_ALIGNMENT(.igot.plt))
 *(SORT_BY_ALIGNMENT(.got))
 *(SORT_BY_ALIGNMENT(.igot))
 *(SORT_BY_ALIGNMENT(.note.GNU-stack))
                0x000000000000c000                _image_rom_start = 0xc000

text            0x000000000000c000      0x220
                0x0000000000000000                . = 0x0
                0x0000000000000000                _vector_start = .
 *(SORT_BY_ALIGNMENT(.exc_vector_table))
 *(SORT_BY_ALIGNMENT(.exc_vector_table.*))
 .exc_vector_table._vector_table_section
                0x000000000000c000       0x40 zephyr/arch/arch/arm/core/cortex_m/libarch__arm__core__cortex_m.a(vector_table.S.obj)
                0x000000000000c000                _vector_table
 *(SORT_BY_ALIGNMENT(.gnu.linkonce.irq_vector_table))
 .gnu.linkonce.irq_vector_table
                0x000000000000c040      0x104 zephyr/arch/common/libarch__common.a(isr_tables.c.obj)
                0x000000000000c040                _irq_vector_table
 *(SORT_BY_ALIGNMENT(.vectors))
 *(SORT_BY_ALIGNMENT(.openocd_dbg))
 *(SORT_BY_ALIGNMENT(.openocd_dbg.*))
                0x000000000000c144                _vector_end = .
                0x0000000000000200                . = 0x200
 *fill*         0x000000000000c144       0xbc 
 *(SORT_BY_ALIGNMENT(.firmware_info))
 .firmware_info
                0x000000000000c200       0x20 zephyr/modules/nrf/subsys/fw_info/lib..__nrf__subsys__fw_info.a(fw_info.c.obj)
                0x000000000000c200                m_firmware_info

_TEXT_SECTION_NAME_2
                0x000000000000c220    0x19f16
                0x000000000000c220                _image_text_start = .
 *(SORT_BY_ALIGNMENT(.text))
 .text          0x000000000000c220       0x30 /home/mats/gcc-arm-none-eabi-7-2018-q2-update/bin/../lib/gcc/arm-none-eabi/7.3.1/thumb/v8-m.main/fpv5-sp/hard/libgcc.a(_aeabi_uldivmod.o)
                0x000000000000c220                __aeabi_uldivmod
 .text          0x000000000000c250      0x2e0 /home/mats/gcc-arm-none-eabi-7-2018-q2-update/bin/../lib/gcc/arm-none-eabi/7.3.1/thumb/v8-m.main/fpv5-sp/hard/libgcc.a(_udivmoddi4.o)
                0x000000000000c250                __udivmoddi4
 .text          0x000000000000c530        0x4 /home/mats/gcc-arm-none-eabi-7-2018-q2-update/bin/../lib/gcc/arm-none-eabi/7.3.1/thumb/v8-m.main/fpv5-sp/hard/libgcc.a(_dvmd_tls.o)
                0x000000000000c530                __aeabi_ldiv0
                0x000000000000c530                __aeabi_idiv0
 .text          0x000000000000c534      0x6a8 /home/mats/Documents/IDLab/nordic-nrf-nbiot/ncs/nrfxlib/crypto/nrf_oberon/lib/cortex-m33/hard-float/liboberon_3.0.2.a(ocrypto_bigint256.s.obj)
                0x000000000000c534                ocrypto_bigint_add128
                0x000000000000c55a                ocrypto_bigint_sub128
                0x000000000000c580                ocrypto_bigint_add256
                0x000000000000c5c0                ocrypto_bigint_sub256
                0x000000000000c600                ocrypto_bigint_cadd256
                0x000000000000c65c                ocrypto_bigint_csub256
                0x000000000000c6d6                ocrypto_bigint_cswap256
                0x000000000000c6ec                ocrypto_bigint_mul128
                0x000000000000c7d4                ocrypto_bigint_sqr256
                0x000000000000c7d6                ocrypto_bigint_mul256
 .text          0x000000000000cbdc       0x5c /home/mats/Documents/IDLab/nordic-nrf-nbiot/ncs/nrfxlib/crypto/nrf_oberon/lib/cortex-m33/hard-float/liboberon_3.0.2.a(ocrypto_constant_time.s.obj)
                0x000000000000cbdc                ocrypto_constant_time_equal
                0x000000000000cc02                ocrypto_constant_time_is_zero
                0x000000000000cc1c                ocrypto_constant_time_copy
                0x000000000000cc2a                ocrypto_constant_time_fill_zero
 .text          0x000000000000cc38      0x6dc /home/mats/Documents/IDLab/nordic-nrf-nbiot/ncs/nrfxlib/crypto/nrf_oberon/lib/cortex-m33/hard-float/liboberon_3.0.2.a(ocrypto_mod_p256_base.s.obj)
                0x000000000000cc38                ocrypto_mod_p256_add
                0x000000000000ccb6                ocrypto_mod_p256_sub
                0x000000000000cd10                ocrypto_mod_p256_square
                0x000000000000cd12                ocrypto_mod_p256_mul
 *(SORT_BY_ALIGNMENT(.text.*))
 .text.bsd_recoverable_error_handler
                0x000000000000d314       0x30 app/libapp.a(main.c.obj)
                0x000000000000d314                bsd_recoverable_error_handler
 .text.start_execute
                0x000000000000d344       0x88 app/libapp.a(main.c.obj)
                0x000000000000d344                start_execute
 .text.write_uart_string
                0x000000000000d3cc       0x20 app/libapp.a(slm_at_host.c.obj)
 .text.cmd_send
                0x000000000000d3ec      0x128 app/libapp.a(slm_at_host.c.obj)
 .text.isr      0x000000000000d514      0x18c app/libapp.a(slm_at_host.c.obj)
 .text.slm_at_host_init
                0x000000000000d6a0      0x180 app/libapp.a(slm_at_host.c.obj)
                0x000000000000d6a0                slm_at_host_init
 .text.close    0x000000000000d820        0xc app/libapp.a(slm_at_tcpip.c.obj)
 .text.do_socket_close
                0x000000000000d82c       0x84 app/libapp.a(slm_at_tcpip.c.obj)
 .text.parse_host_by_name
                0x000000000000d8b0       0xbc app/libapp.a(slm_at_tcpip.c.obj)
 .text.handle_at_bind
                0x000000000000d96c      0x154 app/libapp.a(slm_at_tcpip.c.obj)
 .text.handle_at_tcp_send
                0x000000000000dac0      0x114 app/libapp.a(slm_at_tcpip.c.obj)
 .text.parse_host_by_ipv4
                0x000000000000dbd4       0x24 app/libapp.a(slm_at_tcpip.c.obj)
 .text.do_udp_init
                0x000000000000dbf8       0x60 app/libapp.a(slm_at_tcpip.c.obj)
 .text.do_udp_sendto
                0x000000000000dc58       0xc8 app/libapp.a(slm_at_tcpip.c.obj)
 .text.handle_at_udp_sendto
                0x000000000000dd20       0xf0 app/libapp.a(slm_at_tcpip.c.obj)
 .text.handle_at_tcp_conn
                0x000000000000de10      0x184 app/libapp.a(slm_at_tcpip.c.obj)
 .text.do_socket_open
                0x000000000000df94       0xb8 app/libapp.a(slm_at_tcpip.c.obj)
 .text.handle_at_socket
                0x000000000000e04c      0x114 app/libapp.a(slm_at_tcpip.c.obj)
 .text.do_tcp_receive
                0x000000000000e160      0x14c app/libapp.a(slm_at_tcpip.c.obj)
 .text.handle_at_tcp_recv
                0x000000000000e2ac       0x94 app/libapp.a(slm_at_tcpip.c.obj)
 .text.handle_at_udp_recvfrom
                0x000000000000e340      0x21c app/libapp.a(slm_at_tcpip.c.obj)
 .text.slm_at_tcpip_parse
                0x000000000000e55c       0x5c app/libapp.a(slm_at_tcpip.c.obj)
                0x000000000000e55c                slm_at_tcpip_parse
 .text.slm_at_tcpip_init
                0x000000000000e5b8      0x27c app/libapp.a(slm_at_tcpip.c.obj)
                0x000000000000e5b8                slm_at_tcpip_init
 .text.close    0x000000000000e834        0xc app/libapp.a(slm_at_gps.c.obj)
 .text.do_gps_start
                0x000000000000e840      0x21c app/libapp.a(slm_at_gps.c.obj)
 .text.gps_thread_fn
                0x000000000000ea5c      0x1d4 app/libapp.a(slm_at_gps.c.obj)
 .text.handle_at_gpsrun
                0x000000000000ec30      0x1ac app/libapp.a(slm_at_gps.c.obj)
 .text.slm_at_gps_parse
                0x000000000000eddc       0x40 app/libapp.a(slm_at_gps.c.obj)
                0x000000000000eddc                slm_at_gps_parse
 .text.slm_at_gps_init
                0x000000000000ee1c      0x148 app/libapp.a(slm_at_gps.c.obj)
                0x000000000000ee1c                slm_at_gps_init
 .text.char_out
                0x000000000000ef64       0x10 zephyr/libzephyr.a(printk.c.obj)
 .text._printk_dec_ulong
                0x000000000000ef74       0x98 zephyr/libzephyr.a(printk.c.obj)
 .text.__printk_hook_install
                0x000000000000f00c        0xc zephyr/libzephyr.a(printk.c.obj)
                0x000000000000f00c                __printk_hook_install
 .text.vprintk  0x000000000000f018       0x20 zephyr/libzephyr.a(printk.c.obj)
                0x000000000000f018                vprintk
 .text.nordicsemi_nrf91_init
                0x000000000000f038       0x28 zephyr/libzephyr.a(soc.c.obj)
 .text.log_process_thread_timer_expiry_fn
                0x000000000000f060        0xc zephyr/libzephyr.a(log_core.c.obj)
 .text.enable_logger
                0x000000000000f06c       0x54 zephyr/libzephyr.a(log_core.c.obj)
 .text.log_core_init
                0x000000000000f0c0       0x40 zephyr/libzephyr.a(log_core.c.obj)
                0x000000000000f0c0                log_core_init
 .text.dropped_notify
                0x000000000000f100       0x44 zephyr/libzephyr.a(log_core.c.obj)
                0x000000000000f100                dropped_notify
 .text.log_dropped
                0x000000000000f144       0x18 zephyr/libzephyr.a(log_core.c.obj)
                0x000000000000f144                log_dropped
 .text.log_source_name_get
                0x000000000000f15c       0x1c zephyr/libzephyr.a(log_core.c.obj)
                0x000000000000f15c                log_source_name_get
 .text.log_backend_enable
                0x000000000000f178       0x34 zephyr/libzephyr.a(log_core.c.obj)
                0x000000000000f178                log_backend_enable
 .text.log_init
                0x000000000000f1ac       0x4c zephyr/libzephyr.a(log_core.c.obj)
                0x000000000000f1ac                log_init
 .text.log_strdup
                0x000000000000f1f8       0x64 zephyr/libzephyr.a(log_core.c.obj)
                0x000000000000f1f8                log_strdup
 .text.log_is_strdup
                0x000000000000f25c       0x1c zephyr/libzephyr.a(log_core.c.obj)
                0x000000000000f25c                log_is_strdup
 .text.z_impl_log_process
                0x000000000000f278      0x17c zephyr/libzephyr.a(log_core.c.obj)
                0x000000000000f278                z_impl_log_process
 .text.z_impl_log_panic
                0x000000000000f3f4       0x48 zephyr/libzephyr.a(log_core.c.obj)
                0x000000000000f3f4                z_impl_log_panic
 .text.log_process_thread_func
                0x000000000000f43c       0x44 zephyr/libzephyr.a(log_core.c.obj)
 .text.msg_finalize
                0x000000000000f480       0xb0 zephyr/libzephyr.a(log_core.c.obj)
 .text.log_free
                0x000000000000f530       0x2c zephyr/libzephyr.a(log_core.c.obj)
                0x000000000000f530                log_free
 .text.log_msg_pool_init
                0x000000000000f55c       0x14 zephyr/libzephyr.a(log_msg.c.obj)
                0x000000000000f55c                log_msg_pool_init
 .text.log_msg_no_space_handle
                0x000000000000f570       0x34 zephyr/libzephyr.a(log_msg.c.obj)
                0x000000000000f570                log_msg_no_space_handle
 .text.log_msg_chunk_alloc
                0x000000000000f5a4       0x24 zephyr/libzephyr.a(log_msg.c.obj)
                0x000000000000f5a4                log_msg_chunk_alloc
 .text.msg_free
                0x000000000000f5c8       0x68 zephyr/libzephyr.a(log_msg.c.obj)
 .text.print_formatted
                0x000000000000f630       0x24 zephyr/libzephyr.a(log_output.c.obj)
 .text.prefix_print
                0x000000000000f654      0x11c zephyr/libzephyr.a(log_output.c.obj)
 .text.postfix_print
                0x000000000000f770       0x3c zephyr/libzephyr.a(log_output.c.obj)
 .text.hexdump_line_print
                0x000000000000f7ac       0xd8 zephyr/libzephyr.a(log_output.c.obj)
 .text.log_output_msg_process
                0x000000000000f884       0xf0 zephyr/libzephyr.a(log_output.c.obj)
                0x000000000000f884                log_output_msg_process
 .text.log_output_dropped_process
                0x000000000000f974       0x54 zephyr/libzephyr.a(log_output.c.obj)
                0x000000000000f974                log_output_dropped_process
 .text.log_output_timestamp_freq_set
                0x000000000000f9c8       0x30 zephyr/libzephyr.a(log_output.c.obj)
                0x000000000000f9c8                log_output_timestamp_freq_set
 .text.log_backend_uart_init
                0x000000000000f9f8       0x18 zephyr/libzephyr.a(log_backend_uart.c.obj)
 .text.panic    0x000000000000fa10        0xc zephyr/libzephyr.a(log_backend_uart.c.obj)
 .text.dropped  0x000000000000fa1c        0xc zephyr/libzephyr.a(log_backend_uart.c.obj)
 .text.put      0x000000000000fa28       0x24 zephyr/libzephyr.a(log_backend_uart.c.obj)
 .text.socket_offload_register
                0x000000000000fa4c        0xc zephyr/libzephyr.a(socket_offload.c.obj)
                0x000000000000fa4c                socket_offload_register
 .text.console_out
                0x000000000000fa58       0x28 zephyr/libzephyr.a(uart_console.c.obj)
 .text.uart_console_hook_install
                0x000000000000fa80       0x18 zephyr/libzephyr.a(uart_console.c.obj)
                0x000000000000fa80                uart_console_hook_install
 .text.uart_console_init
                0x000000000000fa98       0x1c zephyr/libzephyr.a(uart_console.c.obj)
 .text.hfclk_init
                0x000000000000fab4       0x30 zephyr/libzephyr.a(nrf_power_clock.c.obj)
 .text.nrf_power_clock_isr
                0x000000000000fae4       0x58 zephyr/libzephyr.a(nrf_power_clock.c.obj)
                0x000000000000fae4                nrf_power_clock_isr
 .text.rtc1_nrf_isr
                0x000000000000fb3c       0x40 zephyr/libzephyr.a(nrf_rtc_timer.c.obj)
                0x000000000000fb3c                rtc1_nrf_isr
 .text.z_clock_driver_init
                0x000000000000fb7c       0x78 zephyr/libzephyr.a(nrf_rtc_timer.c.obj)
                0x000000000000fb7c                z_clock_driver_init
 .text.z_clock_set_timeout
                0x000000000000fbf4       0x9c zephyr/libzephyr.a(nrf_rtc_timer.c.obj)
                0x000000000000fbf4                z_clock_set_timeout
 .text.z_clock_elapsed
                0x000000000000fc90       0x34 zephyr/libzephyr.a(nrf_rtc_timer.c.obj)
                0x000000000000fc90                z_clock_elapsed
 .text.z_timer_cycle_get_32
                0x000000000000fcc4       0x34 zephyr/libzephyr.a(nrf_rtc_timer.c.obj)
                0x000000000000fcc4                z_timer_cycle_get_32
 .text._HandlerModeExit
                0x000000000000fcf8       0x28 zephyr/arch/arch/arm/core/libarch__arm__core.a(exc_exit.S.obj)
                0x000000000000fcf8                z_arm_exc_exit
                0x000000000000fcf8                z_arm_int_exit
 .text.arch_swap
                0x000000000000fd20       0x34 zephyr/arch/arch/arm/core/libarch__arm__core.a(swap.c.obj)
                0x000000000000fd20                arch_swap
 .text.z_arm_pendsv
                0x000000000000fd54       0xb0 zephyr/arch/arch/arm/core/libarch__arm__core.a(swap_helper.S.obj)
                0x000000000000fd54                z_arm_pendsv
 .text.z_arm_svc
                0x000000000000fe04       0x20 zephyr/arch/arch/arm/core/libarch__arm__core.a(swap_helper.S.obj)
                0x000000000000fe04                z_arm_svc
 .text.arch_irq_enable
                0x000000000000fe24       0x20 zephyr/arch/arch/arm/core/libarch__arm__core.a(irq_manage.c.obj)
                0x000000000000fe24                arch_irq_enable
 .text.z_arm_irq_priority_set
                0x000000000000fe44       0x30 zephyr/arch/arch/arm/core/libarch__arm__core.a(irq_manage.c.obj)
                0x000000000000fe44                z_arm_irq_priority_set
 .text._arch_isr_direct_pm
                0x000000000000fe74       0x1c zephyr/arch/arch/arm/core/libarch__arm__core.a(irq_manage.c.obj)
                0x000000000000fe74                _arch_isr_direct_pm
 .text.arch_new_thread
                0x000000000000fe90       0x48 zephyr/arch/arch/arm/core/libarch__arm__core.a(thread.c.obj)
                0x000000000000fe90                arch_new_thread
 .text.arch_switch_to_main_thread
                0x000000000000fed8       0x54 zephyr/arch/arch/arm/core/libarch__arm__core.a(thread.c.obj)
                0x000000000000fed8                arch_switch_to_main_thread
 .text.z_arm_cpu_idle_init
                0x000000000000ff2c        0xc zephyr/arch/arch/arm/core/libarch__arm__core.a(cpu_idle.S.obj)
                0x000000000000ff2c                z_arm_cpu_idle_init
 .text.arch_cpu_idle
                0x000000000000ff38        0xc zephyr/arch/arch/arm/core/libarch__arm__core.a(cpu_idle.S.obj)
                0x000000000000ff38                arch_cpu_idle
 .text.__fault  0x000000000000ff44       0x14 zephyr/arch/arch/arm/core/libarch__arm__core.a(fault_s.S.obj)
                0x000000000000ff44                z_arm_bus_fault
                0x000000000000ff44                z_arm_usage_fault
                0x000000000000ff44                z_arm_mpu_fault
                0x000000000000ff44                z_arm_reserved
                0x000000000000ff44                z_arm_debug_monitor
                0x000000000000ff44                z_arm_hard_fault
 .text.z_arm_fatal_error
                0x000000000000ff58      0x13c zephyr/arch/arch/arm/core/libarch__arm__core.a(fatal.c.obj)
                0x000000000000ff58                z_arm_fatal_error
 .text.z_SysNmiOnReset
                0x0000000000010094        0x8 zephyr/arch/arch/arm/core/libarch__arm__core.a(nmi_on_reset.S.obj)
                0x0000000000010094                z_SysNmiOnReset
 .text.z_arm_prep_c
                0x000000000001009c       0x50 zephyr/arch/arch/arm/core/libarch__arm__core.a(prep_c.c.obj)
                0x000000000001009c                z_arm_prep_c
 .text._isr_wrapper
                0x00000000000100ec       0x40 zephyr/arch/arch/arm/core/libarch__arm__core.a(isr_wrapper.S.obj)
                0x00000000000100ec                _isr_wrapper
 .text._reset_section
                0x000000000001012c       0x30 zephyr/arch/arch/arm/core/cortex_m/libarch__arm__core__cortex_m.a(reset.S.obj)
                0x000000000001012c                z_arm_reset
                0x000000000001012c                __start
 .text.usage_fault.isra.2
                0x000000000001015c      0x138 zephyr/arch/arch/arm/core/cortex_m/libarch__arm__core__cortex_m.a(fault.c.obj)
 .text.mem_manage_fault.isra.4
                0x0000000000010294      0x12c zephyr/arch/arch/arm/core/cortex_m/libarch__arm__core__cortex_m.a(fault.c.obj)
 .text.bus_fault.isra.5
                0x00000000000103c0      0x14c zephyr/arch/arch/arm/core/cortex_m/libarch__arm__core__cortex_m.a(fault.c.obj)
 .text.z_arm_fault
                0x000000000001050c      0x200 zephyr/arch/arch/arm/core/cortex_m/libarch__arm__core__cortex_m.a(fault.c.obj)
                0x000000000001050c                z_arm_fault
 .text.z_arm_fault_init
                0x000000000001070c       0x10 zephyr/arch/arch/arm/core/cortex_m/libarch__arm__core__cortex_m.a(fault.c.obj)
                0x000000000001070c                z_arm_fault_init
 .text.z_arm_int_lib_init
                0x000000000001071c       0x18 zephyr/arch/arch/arm/core/cortex_m/libarch__arm__core__cortex_m.a(irq_init.c.obj)
                0x000000000001071c                z_arm_int_lib_init
 .text.z_impl_k_thread_abort
                0x0000000000010734       0x50 zephyr/arch/arch/arm/core/cortex_m/libarch__arm__core__cortex_m.a(thread_abort.c.obj)
                0x0000000000010734                z_impl_k_thread_abort
 .text.z_arm_configure_static_mpu_regions
                0x0000000000010784       0x54 zephyr/arch/arch/arm/core/cortex_m/mpu/libarch__arm__core__cortex_m__mpu.a(arm_core_mpu.c.obj)
                0x0000000000010784                z_arm_configure_static_mpu_regions
 .text.region_allocate_and_init.part.0
                0x00000000000107d8       0x38 zephyr/arch/arch/arm/core/cortex_m/mpu/libarch__arm__core__cortex_m__mpu.a(arm_mpu.c.obj)
 .text.mpu_configure_region
                0x0000000000010810       0x44 zephyr/arch/arch/arm/core/cortex_m/mpu/libarch__arm__core__cortex_m__mpu.a(arm_mpu.c.obj)
 .text.arm_core_mpu_enable
                0x0000000000010854       0x14 zephyr/arch/arch/arm/core/cortex_m/mpu/libarch__arm__core__cortex_m__mpu.a(arm_mpu.c.obj)
                0x0000000000010854                arm_core_mpu_enable
 .text.arm_core_mpu_disable
                0x0000000000010868       0x10 zephyr/arch/arch/arm/core/cortex_m/mpu/libarch__arm__core__cortex_m__mpu.a(arm_mpu.c.obj)
                0x0000000000010868                arm_core_mpu_disable
 .text.arm_mpu_init
                0x0000000000010878       0x70 zephyr/arch/arch/arm/core/cortex_m/mpu/libarch__arm__core__cortex_m__mpu.a(arm_mpu.c.obj)
 .text.arm_core_mpu_configure_static_mpu_regions
                0x00000000000108e8      0x1a0 zephyr/arch/arch/arm/core/cortex_m/mpu/libarch__arm__core__cortex_m__mpu.a(arm_mpu.c.obj)
                0x00000000000108e8                arm_core_mpu_configure_static_mpu_regions
 .text.arm_core_mpu_mark_areas_for_dynamic_regions
                0x0000000000010a88       0xa4 zephyr/arch/arch/arm/core/cortex_m/mpu/libarch__arm__core__cortex_m__mpu.a(arm_mpu.c.obj)
                0x0000000000010a88                arm_core_mpu_mark_areas_for_dynamic_regions
 .text.arm_core_mpu_configure_dynamic_mpu_regions
                0x0000000000010b2c       0x94 zephyr/arch/arch/arm/core/cortex_m/mpu/libarch__arm__core__cortex_m__mpu.a(arm_mpu.c.obj)
                0x0000000000010b2c                arm_core_mpu_configure_dynamic_mpu_regions
 .text.z_prf    0x0000000000010bc0      0x9b0 zephyr/lib/libc/minimal/liblib__libc__minimal.a(prf.c.obj)
                0x0000000000010bc0                z_prf
 .text.__stdout_hook_install
                0x0000000000011570        0xc zephyr/lib/libc/minimal/liblib__libc__minimal.a(stdout_console.c.obj)
                0x0000000000011570                __stdout_hook_install
 .text.snprintf
                0x000000000001157c       0x30 zephyr/lib/libc/minimal/liblib__libc__minimal.a(sprintf.c.obj)
                0x000000000001157c                snprintf
 .text.sprintf  0x00000000000115ac       0x30 zephyr/lib/libc/minimal/liblib__libc__minimal.a(sprintf.c.obj)
                0x00000000000115ac                sprintf
 .text.net_if_init
                0x00000000000115dc       0x30 zephyr/subsys/net/ip/libsubsys__net__ip.a(net_if.c.obj)
                0x00000000000115dc                net_if_init
 .text.net_if_post_init
                0x000000000001160c       0x34 zephyr/subsys/net/ip/libsubsys__net__ip.a(net_if.c.obj)
                0x000000000001160c                net_if_post_init
 .text.z_impl_net_addr_ntop
                0x0000000000011640      0x1a4 zephyr/subsys/net/ip/libsubsys__net__ip.a(utils.c.obj)
                0x0000000000011640                z_impl_net_addr_ntop
 .text.gpio_nrfx_init
                0x00000000000117e4       0x30 zephyr/drivers/gpio/libdrivers__gpio.a(gpio_nrfx.c.obj)
 .text.gpiote_pin_int_cfg
                0x0000000000011814      0x14c zephyr/drivers/gpio/libdrivers__gpio.a(gpio_nrfx.c.obj)
 .text.gpio_nrfx_config
                0x0000000000011960      0x128 zephyr/drivers/gpio/libdrivers__gpio.a(gpio_nrfx.c.obj)
 .text.gpiote_event_handler
                0x0000000000011a88      0x150 zephyr/drivers/gpio/libdrivers__gpio.a(gpio_nrfx.c.obj)
 .text.uarte_nrfx_configure
                0x0000000000011bd8      0x170 zephyr/drivers/serial/libdrivers__serial.a(uart_nrfx_uarte.c.obj)
 .text.uarte_instance_init.constprop.4
                0x0000000000011d48       0x9c zephyr/drivers/serial/libdrivers__serial.a(uart_nrfx_uarte.c.obj)
 .text.uarte_2_init
                0x0000000000011de4       0x30 zephyr/drivers/serial/libdrivers__serial.a(uart_nrfx_uarte.c.obj)
 .text.uarte_0_init
                0x0000000000011e14       0x30 zephyr/drivers/serial/libdrivers__serial.a(uart_nrfx_uarte.c.obj)
 .text._bsdlib_init
                0x0000000000011e44       0x1c zephyr/modules/nrf/lib/bsdlib/lib..__nrf__lib__bsdlib.a(bsdlib.c.obj)
 .text.thread_monitor_entry_get
                0x0000000000011e60       0x44 zephyr/modules/nrf/lib/bsdlib/lib..__nrf__lib__bsdlib.a(bsd_os.c.obj)
 .text.rpc_proxy_irq_handler
                0x0000000000011ea4       0x48 zephyr/modules/nrf/lib/bsdlib/lib..__nrf__lib__bsdlib.a(bsd_os.c.obj)
                0x0000000000011ea4                rpc_proxy_irq_handler
 .text.bsd_os_timedwait
                0x0000000000011eec      0x120 zephyr/modules/nrf/lib/bsdlib/lib..__nrf__lib__bsdlib.a(bsd_os.c.obj)
                0x0000000000011eec                bsd_os_timedwait
 .text.bsd_os_errno_set
                0x000000000001200c      0x15c zephyr/modules/nrf/lib/bsdlib/lib..__nrf__lib__bsdlib.a(bsd_os.c.obj)
                0x000000000001200c                bsd_os_errno_set
 .text.bsd_os_application_irq_set
                0x0000000000012168       0x10 zephyr/modules/nrf/lib/bsdlib/lib..__nrf__lib__bsdlib.a(bsd_os.c.obj)
                0x0000000000012168                bsd_os_application_irq_set
 .text.bsd_os_application_irq_clear
                0x0000000000012178       0x10 zephyr/modules/nrf/lib/bsdlib/lib..__nrf__lib__bsdlib.a(bsd_os.c.obj)
                0x0000000000012178                bsd_os_application_irq_clear
 .text.bsd_os_trace_irq_set
                0x0000000000012188       0x10 zephyr/modules/nrf/lib/bsdlib/lib..__nrf__lib__bsdlib.a(bsd_os.c.obj)
                0x0000000000012188                bsd_os_trace_irq_set
 .text.bsd_os_trace_irq_clear
                0x0000000000012198       0x10 zephyr/modules/nrf/lib/bsdlib/lib..__nrf__lib__bsdlib.a(bsd_os.c.obj)
                0x0000000000012198                bsd_os_trace_irq_clear
 .text.trace_uart_init
                0x00000000000121a8       0x3c zephyr/modules/nrf/lib/bsdlib/lib..__nrf__lib__bsdlib.a(bsd_os.c.obj)
                0x00000000000121a8                trace_uart_init
 .text.bsd_os_init
                0x00000000000121e4       0x30 zephyr/modules/nrf/lib/bsdlib/lib..__nrf__lib__bsdlib.a(bsd_os.c.obj)
                0x00000000000121e4                bsd_os_init
 .text.bsd_os_trace_put
                0x0000000000012214       0x34 zephyr/modules/nrf/lib/bsdlib/lib..__nrf__lib__bsdlib.a(bsd_os.c.obj)
                0x0000000000012214                bsd_os_trace_put
 .text.z_to_nrf_optname
                0x0000000000012248       0xd0 zephyr/modules/nrf/lib/bsdlib/lib..__nrf__lib__bsdlib.a(nrf91_sockets.c.obj)
 .text.nrf91_socket_iface_init
                0x0000000000012318       0x18 zephyr/modules/nrf/lib/bsdlib/lib..__nrf__lib__bsdlib.a(nrf91_sockets.c.obj)
 .text.find_node
                0x0000000000012330       0x30 zephyr/modules/nrf/lib/at_notif/lib..__nrf__lib__at_notif.a(at_notif.c.obj)
 .text.module_init
                0x0000000000012360       0x1c zephyr/modules/nrf/lib/at_notif/lib..__nrf__lib__at_notif.a(at_notif.c.obj)
 .text.notif_dispatch
                0x000000000001237c       0x38 zephyr/modules/nrf/lib/at_notif/lib..__nrf__lib__at_notif.a(at_notif.c.obj)
 .text.at_notif_register_handler
                0x00000000000123b4       0x74 zephyr/modules/nrf/lib/at_notif/lib..__nrf__lib__at_notif.a(at_notif.c.obj)
                0x00000000000123b4                at_notif_register_handler
 .text.at_parse_detect_type
                0x0000000000012428       0xf8 zephyr/modules/nrf/lib/at_cmd_parser/lib..__nrf__lib__at_cmd_parser.a(at_cmd_parser.c.obj)
 .text.at_parse_process_element
                0x0000000000012520      0x188 zephyr/modules/nrf/lib/at_cmd_parser/lib..__nrf__lib__at_cmd_parser.a(at_cmd_parser.c.obj)
 .text.at_parser_max_params_from_str
                0x00000000000126a8      0x120 zephyr/modules/nrf/lib/at_cmd_parser/lib..__nrf__lib__at_cmd_parser.a(at_cmd_parser.c.obj)
                0x00000000000126a8                at_parser_max_params_from_str
 .text.abi_getter
                0x00000000000127c8       0x4c zephyr/modules/nrf/subsys/fw_info/lib..__nrf__subsys__fw_info.a(fw_info.c.obj)
                0x00000000000127c8                abi_getter
 .text.callback_worker
                0x0000000000012814       0x20 zephyr/modules/nrf/drivers/at_cmd/lib..__nrf__drivers__at_cmd.a(at_cmd.c.obj)
 .text.open_socket
                0x0000000000012834       0x30 zephyr/modules/nrf/drivers/at_cmd/lib..__nrf__drivers__at_cmd.a(at_cmd.c.obj)
 .text.at_write
                0x0000000000012864      0x104 zephyr/modules/nrf/drivers/at_cmd/lib..__nrf__drivers__at_cmd.a(at_cmd.c.obj)
 .text.at_cmd_driver_init
                0x0000000000012968       0xa8 zephyr/modules/nrf/drivers/at_cmd/lib..__nrf__drivers__at_cmd.a(at_cmd.c.obj)
 .text.socket_thread_fn
                0x0000000000012a10      0x2e8 zephyr/modules/nrf/drivers/at_cmd/lib..__nrf__drivers__at_cmd.a(at_cmd.c.obj)
 .text.at_cmd_write
                0x0000000000012cf8       0x44 zephyr/modules/nrf/drivers/at_cmd/lib..__nrf__drivers__at_cmd.a(at_cmd.c.obj)
                0x0000000000012cf8                at_cmd_write
 .text.at_cmd_set_notification_handler
                0x0000000000012d3c       0x80 zephyr/modules/nrf/drivers/at_cmd/lib..__nrf__drivers__at_cmd.a(at_cmd.c.obj)
                0x0000000000012d3c                at_cmd_set_notification_handler
 .text.ip_client_event_handler
                0x0000000000012dbc        0xc /home/mats/Documents/IDLab/nordic-nrf-nbiot/ncs/nrfxlib/bsdlib/lib/cortex-m33/hard-float/libbsd_nrf9160_xxaa.a(obfuscated.elf)
 .text.rpc_ip_client_init
                0x0000000000012dc8        0xc /home/mats/Documents/IDLab/nordic-nrf-nbiot/ncs/nrfxlib/bsdlib/lib/cortex-m33/hard-float/libbsd_nrf9160_xxaa.a(obfuscated.elf)
                0x0000000000012dc8                rpc_ip_client_init
 .text.rpc_ip_client_request_alloc
                0x0000000000012dd4       0x28 /home/mats/Documents/IDLab/nordic-nrf-nbiot/ncs/nrfxlib/bsdlib/lib/cortex-m33/hard-float/libbsd_nrf9160_xxaa.a(obfuscated.elf)
                0x0000000000012dd4                rpc_ip_client_request_alloc
 .text.rpc_ip_client_request_send
                0x0000000000012dfc       0x2c /home/mats/Documents/IDLab/nordic-nrf-nbiot/ncs/nrfxlib/bsdlib/lib/cortex-m33/hard-float/libbsd_nrf9160_xxaa.a(obfuscated.elf)
                0x0000000000012dfc                rpc_ip_client_request_send
 .text.rpc_ip_client_message_free
                0x0000000000012e28       0x10 /home/mats/Documents/IDLab/nordic-nrf-nbiot/ncs/nrfxlib/bsdlib/lib/cortex-m33/hard-float/libbsd_nrf9160_xxaa.a(obfuscated.elf)
                0x0000000000012e28                rpc_ip_client_message_free
 .text.rpc_ip_client_data_free
                0x0000000000012e38       0x10 /home/mats/Documents/IDLab/nordic-nrf-nbiot/ncs/nrfxlib/bsdlib/lib/cortex-m33/hard-float/libbsd_nrf9160_xxaa.a(obfuscated.elf)
                0x0000000000012e38                rpc_ip_client_data_free
 .text.mbedtls_asn1_write_len.part.0
                0x0000000000012e48       0xc0 /home/mats/Documents/IDLab/nordic-nrf-nbiot/ncs/nrfxlib/bsdlib/lib/cortex-m33/hard-float/libbsd_nrf9160_xxaa.a(obfuscated.elf)
 .text.mbedtls_asn1_write_len
                0x0000000000012f08       0xf4 /home/mats/Documents/IDLab/nordic-nrf-nbiot/ncs/nrfxlib/bsdlib/lib/cortex-m33/hard-float/libbsd_nrf9160_xxaa.a(obfuscated.elf)
                0x0000000000012f08                symbol_000646e
 .text.mbedtls_asn1_write_tag
                0x0000000000012ffc       0x1c /home/mats/Documents/IDLab/nordic-nrf-nbiot/ncs/nrfxlib/bsdlib/lib/cortex-m33/hard-float/libbsd_nrf9160_xxaa.a(obfuscated.elf)
                0x0000000000012ffc                symbol_00036c0
 .text.mbedtls_asn1_write_oid
                0x0000000000013018       0x90 /home/mats/Documents/IDLab/nordic-nrf-nbiot/ncs/nrfxlib/bsdlib/lib/cortex-m33/hard-float/libbsd_nrf9160_xxaa.a(obfuscated.elf)
                0x0000000000013018                symbol_0008475
 .text.mbedtls_asn1_write_algorithm_identifier
                0x00000000000130a8      0x12c /home/mats/Documents/IDLab/nordic-nrf-nbiot/ncs/nrfxlib/bsdlib/lib/cortex-m33/hard-float/libbsd_nrf9160_xxaa.a(obfuscated.elf)
                0x00000000000130a8                symbol_0002662
 .text.mbedtls_pk_write_pubkey_pem
                0x00000000000131d4      0x158 /home/mats/Documents/IDLab/nordic-nrf-nbiot/ncs/nrfxlib/bsdlib/lib/cortex-m33/hard-float/libbsd_nrf9160_xxaa.a(obfuscated.elf)
                0x00000000000131d4                symbol_0005bf5
 .text.authenticated_atcmd_init
                0x000000000001332c      0x104 /home/mats/Documents/IDLab/nordic-nrf-nbiot/ncs/nrfxlib/bsdlib/lib/cortex-m33/hard-float/libbsd_nrf9160_xxaa.a(obfuscated.elf)
                0x000000000001332c                authenticated_atcmd_init
 .text.gnss_client_event_handler
                0x0000000000013430        0xc /home/mats/Documents/IDLab/nordic-nrf-nbiot/ncs/nrfxlib/bsdlib/lib/cortex-m33/hard-float/libbsd_nrf9160_xxaa.a(obfuscated.elf)
 .text.rpc_gnss_client_init
                0x000000000001343c        0xc /home/mats/Documents/IDLab/nordic-nrf-nbiot/ncs/nrfxlib/bsdlib/lib/cortex-m33/hard-float/libbsd_nrf9160_xxaa.a(obfuscated.elf)
                0x000000000001343c                rpc_gnss_client_init
 .text.rpc_gnss_client_request_alloc
                0x0000000000013448       0x28 /home/mats/Documents/IDLab/nordic-nrf-nbiot/ncs/nrfxlib/bsdlib/lib/cortex-m33/hard-float/libbsd_nrf9160_xxaa.a(obfuscated.elf)
                0x0000000000013448                rpc_gnss_client_request_alloc
 .text.rpc_gnss_client_request_send
                0x0000000000013470       0x2c /home/mats/Documents/IDLab/nordic-nrf-nbiot/ncs/nrfxlib/bsdlib/lib/cortex-m33/hard-float/libbsd_nrf9160_xxaa.a(obfuscated.elf)
                0x0000000000013470                rpc_gnss_client_request_send
 .text.rpc_gnss_client_message_free
                0x000000000001349c       0x10 /home/mats/Documents/IDLab/nordic-nrf-nbiot/ncs/nrfxlib/bsdlib/lib/cortex-m33/hard-float/libbsd_nrf9160_xxaa.a(obfuscated.elf)
                0x000000000001349c                rpc_gnss_client_message_free
 .text.rpc_gnss_client_data_free
                0x00000000000134ac       0x10 /home/mats/Documents/IDLab/nordic-nrf-nbiot/ncs/nrfxlib/bsdlib/lib/cortex-m33/hard-float/libbsd_nrf9160_xxaa.a(obfuscated.elf)
                0x00000000000134ac                rpc_gnss_client_data_free
 .text.eckey_can_do
                0x00000000000134bc        0xc /home/mats/Documents/IDLab/nordic-nrf-nbiot/ncs/nrfxlib/bsdlib/lib/cortex-m33/hard-float/libbsd_nrf9160_xxaa.a(obfuscated.elf)
 .text.eckey_get_bitlen
                0x00000000000134c8        0x4 /home/mats/Documents/IDLab/nordic-nrf-nbiot/ncs/nrfxlib/bsdlib/lib/cortex-m33/hard-float/libbsd_nrf9160_xxaa.a(obfuscated.elf)
 .text.eckey_debug
                0x00000000000134cc       0x14 /home/mats/Documents/IDLab/nordic-nrf-nbiot/ncs/nrfxlib/bsdlib/lib/cortex-m33/hard-float/libbsd_nrf9160_xxaa.a(obfuscated.elf)
 .text.eckeydh_can_do
                0x00000000000134e0        0xc /home/mats/Documents/IDLab/nordic-nrf-nbiot/ncs/nrfxlib/bsdlib/lib/cortex-m33/hard-float/libbsd_nrf9160_xxaa.a(obfuscated.elf)
 .text.eckey_free_wrap
                0x00000000000134ec       0x14 /home/mats/Documents/IDLab/nordic-nrf-nbiot/ncs/nrfxlib/bsdlib/lib/cortex-m33/hard-float/libbsd_nrf9160_xxaa.a(obfuscated.elf)
 .text.eckey_alloc_wrap
                0x0000000000013500       0x18 /home/mats/Documents/IDLab/nordic-nrf-nbiot/ncs/nrfxlib/bsdlib/lib/cortex-m33/hard-float/libbsd_nrf9160_xxaa.a(obfuscated.elf)
 .text.eckey_check_pair
                0x0000000000013518        0x4 /home/mats/Documents/IDLab/nordic-nrf-nbiot/ncs/nrfxlib/bsdlib/lib/cortex-m33/hard-float/libbsd_nrf9160_xxaa.a(obfuscated.elf)
 .text.mbedtls_base64_encode
                0x000000000001351c      0x120 /home/mats/Documents/IDLab/nordic-nrf-nbiot/ncs/nrfxlib/bsdlib/lib/cortex-m33/hard-float/libbsd_nrf9160_xxaa.a(obfuscated.elf)
                0x000000000001351c                symbol_0005c7f
 .text.packet_free_cb
                0x000000000001363c       0x38 /home/mats/Documents/IDLab/nordic-nrf-nbiot/ncs/nrfxlib/bsdlib/lib/cortex-m33/hard-float/libbsd_nrf9160_xxaa.a(obfuscated.elf)
 .text.at_interface_write
                0x0000000000013674       0xa8 /home/mats/Documents/IDLab/nordic-nrf-nbiot/ncs/nrfxlib/bsdlib/lib/cortex-m33/hard-float/libbsd_nrf9160_xxaa.a(obfuscated.elf)
                0x0000000000013674                at_interface_write
 .text.at_interface_init
                0x000000000001371c        0x4 /home/mats/Documents/IDLab/nordic-nrf-nbiot/ncs/nrfxlib/bsdlib/lib/cortex-m33/hard-float/libbsd_nrf9160_xxaa.a(obfuscated.elf)
                0x000000000001371c                at_interface_init
 .text.at_interface_open
                0x0000000000013720       0x94 /home/mats/Documents/IDLab/nordic-nrf-nbiot/ncs/nrfxlib/bsdlib/lib/cortex-m33/hard-float/libbsd_nrf9160_xxaa.a(obfuscated.elf)
                0x0000000000013720                at_interface_open
 .text.at_interface_close
                0x00000000000137b4       0x90 /home/mats/Documents/IDLab/nordic-nrf-nbiot/ncs/nrfxlib/bsdlib/lib/cortex-m33/hard-float/libbsd_nrf9160_xxaa.a(obfuscated.elf)
                0x00000000000137b4                at_interface_close
 .text.at_interface_read
                0x0000000000013844       0xb8 /home/mats/Documents/IDLab/nordic-nrf-nbiot/ncs/nrfxlib/bsdlib/lib/cortex-m33/hard-float/libbsd_nrf9160_xxaa.a(obfuscated.elf)
                0x0000000000013844                at_interface_read
 .text.at_interface_getopt
                0x00000000000138fc        0x4 /home/mats/Documents/IDLab/nordic-nrf-nbiot/ncs/nrfxlib/bsdlib/lib/cortex-m33/hard-float/libbsd_nrf9160_xxaa.a(obfuscated.elf)
                0x00000000000138fc                at_interface_getopt
 .text.at_interface_setopt
                0x0000000000013900        0x4 /home/mats/Documents/IDLab/nordic-nrf-nbiot/ncs/nrfxlib/bsdlib/lib/cortex-m33/hard-float/libbsd_nrf9160_xxaa.a(obfuscated.elf)
                0x0000000000013900                at_interface_setopt
 .text.rpc_at_event_handler
                0x0000000000013904       0xa4 /home/mats/Documents/IDLab/nordic-nrf-nbiot/ncs/nrfxlib/bsdlib/lib/cortex-m33/hard-float/libbsd_nrf9160_xxaa.a(obfuscated.elf)
                0x0000000000013904                rpc_at_event_handler
 .text.at_client_evt_handler
                0x00000000000139a8       0x10 /home/mats/Documents/IDLab/nordic-nrf-nbiot/ncs/nrfxlib/bsdlib/lib/cortex-m33/hard-float/libbsd_nrf9160_xxaa.a(obfuscated.elf)
 .text.rpc_at_client_init
                0x00000000000139b8        0xc /home/mats/Documents/IDLab/nordic-nrf-nbiot/ncs/nrfxlib/bsdlib/lib/cortex-m33/hard-float/libbsd_nrf9160_xxaa.a(obfuscated.elf)
                0x00000000000139b8                rpc_at_client_init
 .text.rpc_at_client_request_alloc
                0x00000000000139c4       0x28 /home/mats/Documents/IDLab/nordic-nrf-nbiot/ncs/nrfxlib/bsdlib/lib/cortex-m33/hard-float/libbsd_nrf9160_xxaa.a(obfuscated.elf)
                0x00000000000139c4                rpc_at_client_request_alloc
 .text.rpc_at_client_request_send
                0x00000000000139ec       0x1c /home/mats/Documents/IDLab/nordic-nrf-nbiot/ncs/nrfxlib/bsdlib/lib/cortex-m33/hard-float/libbsd_nrf9160_xxaa.a(obfuscated.elf)
                0x00000000000139ec                rpc_at_client_request_send
 .text.rpc_at_client_message_free
                0x0000000000013a08       0x10 /home/mats/Documents/IDLab/nordic-nrf-nbiot/ncs/nrfxlib/bsdlib/lib/cortex-m33/hard-float/libbsd_nrf9160_xxaa.a(obfuscated.elf)
                0x0000000000013a08                rpc_at_client_message_free
 .text.rpc_at_client_data_free
                0x0000000000013a18       0x10 /home/mats/Documents/IDLab/nordic-nrf-nbiot/ncs/nrfxlib/bsdlib/lib/cortex-m33/hard-float/libbsd_nrf9160_xxaa.a(obfuscated.elf)
                0x0000000000013a18                rpc_at_client_data_free
 .text.logobj_event_handler
                0x0000000000013a28       0xfc /home/mats/Documents/IDLab/nordic-nrf-nbiot/ncs/nrfxlib/bsdlib/lib/cortex-m33/hard-float/libbsd_nrf9160_xxaa.a(obfuscated.elf)
                0x0000000000013a28                logobj_event_handler
 .text.logobj_interface_init
                0x0000000000013b24       0x34 /home/mats/Documents/IDLab/nordic-nrf-nbiot/ncs/nrfxlib/bsdlib/lib/cortex-m33/hard-float/libbsd_nrf9160_xxaa.a(obfuscated.elf)
                0x0000000000013b24                logobj_interface_init
 .text.logobj_interface_open
                0x0000000000013b58      0x150 /home/mats/Documents/IDLab/nordic-nrf-nbiot/ncs/nrfxlib/bsdlib/lib/cortex-m33/hard-float/libbsd_nrf9160_xxaa.a(obfuscated.elf)
                0x0000000000013b58                logobj_interface_open
 .text.logobj_interface_read
                0x0000000000013ca8       0xe0 /home/mats/Documents/IDLab/nordic-nrf-nbiot/ncs/nrfxlib/bsdlib/lib/cortex-m33/hard-float/libbsd_nrf9160_xxaa.a(obfuscated.elf)
                0x0000000000013ca8                logobj_interface_read
 .text.logobj_interface_write
                0x0000000000013d88       0xfc /home/mats/Documents/IDLab/nordic-nrf-nbiot/ncs/nrfxlib/bsdlib/lib/cortex-m33/hard-float/libbsd_nrf9160_xxaa.a(obfuscated.elf)
                0x0000000000013d88                logobj_interface_write
 .text.logobj_interface_setopt
                0x0000000000013e84      0x19c /home/mats/Documents/IDLab/nordic-nrf-nbiot/ncs/nrfxlib/bsdlib/lib/cortex-m33/hard-float/libbsd_nrf9160_xxaa.a(obfuscated.elf)
                0x0000000000013e84                logobj_interface_setopt
 .text.logobj_interface_getopt
                0x0000000000014020       0xa4 /home/mats/Documents/IDLab/nordic-nrf-nbiot/ncs/nrfxlib/bsdlib/lib/cortex-m33/hard-float/libbsd_nrf9160_xxaa.a(obfuscated.elf)
                0x0000000000014020                logobj_interface_getopt
 .text.logobj_interface_close
                0x00000000000140c4       0x2c /home/mats/Documents/IDLab/nordic-nrf-nbiot/ncs/nrfxlib/bsdlib/lib/cortex-m33/hard-float/libbsd_nrf9160_xxaa.a(obfuscated.elf)
                0x00000000000140c4                logobj_interface_close
 .text.transport_reset
                0x00000000000140f0        0x4 /home/mats/Documents/IDLab/nordic-nrf-nbiot/ncs/nrfxlib/bsdlib/lib/cortex-m33/hard-float/libbsd_nrf9160_xxaa.a(obfuscated.elf)
 .text.transport_data_free
                0x00000000000140f4       0x38 /home/mats/Documents/IDLab/nordic-nrf-nbiot/ncs/nrfxlib/bsdlib/lib/cortex-m33/hard-float/libbsd_nrf9160_xxaa.a(obfuscated.elf)
 .text.rpc_transport_ipc_init
                0x000000000001412c       0x84 /home/mats/Documents/IDLab/nordic-nrf-nbiot/ncs/nrfxlib/bsdlib/lib/cortex-m33/hard-float/libbsd_nrf9160_xxaa.a(obfuscated.elf)
                0x000000000001412c                rpc_transport_ipc_init
 .text.rpc_transport_rx_handle
                0x00000000000141b0       0x44 /home/mats/Documents/IDLab/nordic-nrf-nbiot/ncs/nrfxlib/bsdlib/lib/cortex-m33/hard-float/libbsd_nrf9160_xxaa.a(obfuscated.elf)
                0x00000000000141b0                rpc_transport_rx_handle
 .text.rpc_transport_ipc_fault_handler
                0x00000000000141f4        0x8 /home/mats/Documents/IDLab/nordic-nrf-nbiot/ncs/nrfxlib/bsdlib/lib/cortex-m33/hard-float/libbsd_nrf9160_xxaa.a(obfuscated.elf)
                0x00000000000141f8                rpc_transport_ipc_fault_handler
 .text.nrf_socket
                0x00000000000141fc       0x24 /home/mats/Documents/IDLab/nordic-nrf-nbiot/ncs/nrfxlib/bsdlib/lib/cortex-m33/hard-float/libbsd_nrf9160_xxaa.a(obfuscated.elf)
                0x00000000000141fc                nrf_socket
 .text.nrf_close
                0x0000000000014220       0x1c /home/mats/Documents/IDLab/nordic-nrf-nbiot/ncs/nrfxlib/bsdlib/lib/cortex-m33/hard-float/libbsd_nrf9160_xxaa.a(obfuscated.elf)
                0x0000000000014220                nrf_close
 .text.nrf_sendto
                0x000000000001423c       0x38 /home/mats/Documents/IDLab/nordic-nrf-nbiot/ncs/nrfxlib/bsdlib/lib/cortex-m33/hard-float/libbsd_nrf9160_xxaa.a(obfuscated.elf)
                0x000000000001423c                nrf_sendto
 .text.nrf_send
                0x0000000000014274       0x34 /home/mats/Documents/IDLab/nordic-nrf-nbiot/ncs/nrfxlib/bsdlib/lib/cortex-m33/hard-float/libbsd_nrf9160_xxaa.a(obfuscated.elf)
                0x0000000000014274                nrf_send
 .text.nrf_recvfrom
                0x00000000000142a8       0x38 /home/mats/Documents/IDLab/nordic-nrf-nbiot/ncs/nrfxlib/bsdlib/lib/cortex-m33/hard-float/libbsd_nrf9160_xxaa.a(obfuscated.elf)
                0x00000000000142a8                nrf_recvfrom
 .text.nrf_recv
                0x00000000000142e0       0x34 /home/mats/Documents/IDLab/nordic-nrf-nbiot/ncs/nrfxlib/bsdlib/lib/cortex-m33/hard-float/libbsd_nrf9160_xxaa.a(obfuscated.elf)
                0x00000000000142e0                nrf_recv
 .text.nrf_connect
                0x0000000000014314       0x24 /home/mats/Documents/IDLab/nordic-nrf-nbiot/ncs/nrfxlib/bsdlib/lib/cortex-m33/hard-float/libbsd_nrf9160_xxaa.a(obfuscated.elf)
                0x0000000000014314                nrf_connect
 .text.nrf_listen
                0x0000000000014338       0x20 /home/mats/Documents/IDLab/nordic-nrf-nbiot/ncs/nrfxlib/bsdlib/lib/cortex-m33/hard-float/libbsd_nrf9160_xxaa.a(obfuscated.elf)
                0x0000000000014338                nrf_listen
 .text.nrf_accept
                0x0000000000014358       0x2c /home/mats/Documents/IDLab/nordic-nrf-nbiot/ncs/nrfxlib/bsdlib/lib/cortex-m33/hard-float/libbsd_nrf9160_xxaa.a(obfuscated.elf)
                0x0000000000014358                nrf_accept
 .text.nrf_bind
                0x0000000000014384       0x24 /home/mats/Documents/IDLab/nordic-nrf-nbiot/ncs/nrfxlib/bsdlib/lib/cortex-m33/hard-float/libbsd_nrf9160_xxaa.a(obfuscated.elf)
                0x0000000000014384                nrf_bind
 .text.nrf_setsockopt
                0x00000000000143a8       0x38 /home/mats/Documents/IDLab/nordic-nrf-nbiot/ncs/nrfxlib/bsdlib/lib/cortex-m33/hard-float/libbsd_nrf9160_xxaa.a(obfuscated.elf)
                0x00000000000143a8                nrf_setsockopt
 .text.nrf_getsockopt
                0x00000000000143e0       0x38 /home/mats/Documents/IDLab/nordic-nrf-nbiot/ncs/nrfxlib/bsdlib/lib/cortex-m33/hard-float/libbsd_nrf9160_xxaa.a(obfuscated.elf)
                0x00000000000143e0                nrf_getsockopt
 .text.nrf_getaddrinfo
                0x0000000000014418        0x4 /home/mats/Documents/IDLab/nordic-nrf-nbiot/ncs/nrfxlib/bsdlib/lib/cortex-m33/hard-float/libbsd_nrf9160_xxaa.a(obfuscated.elf)
                0x0000000000014418                nrf_getaddrinfo
 .text.nrf_freeaddrinfo
                0x000000000001441c        0x4 /home/mats/Documents/IDLab/nordic-nrf-nbiot/ncs/nrfxlib/bsdlib/lib/cortex-m33/hard-float/libbsd_nrf9160_xxaa.a(obfuscated.elf)
                0x000000000001441c                nrf_freeaddrinfo
 .text.nrf_poll
                0x0000000000014420        0x4 /home/mats/Documents/IDLab/nordic-nrf-nbiot/ncs/nrfxlib/bsdlib/lib/cortex-m33/hard-float/libbsd_nrf9160_xxaa.a(obfuscated.elf)
                0x0000000000014420                nrf_poll
 .text.nrf_fcntl
                0x0000000000014424        0x4 /home/mats/Documents/IDLab/nordic-nrf-nbiot/ncs/nrfxlib/bsdlib/lib/cortex-m33/hard-float/libbsd_nrf9160_xxaa.a(obfuscated.elf)
                0x0000000000014424                nrf_fcntl
 .text.bsd_platform_error_handler
                0x0000000000014428        0x8 /home/mats/Documents/IDLab/nordic-nrf-nbiot/ncs/nrfxlib/bsdlib/lib/cortex-m33/hard-float/libbsd_nrf9160_xxaa.a(obfuscated.elf)
                0x0000000000014428                bsd_platform_error_handler
 .text.bsd_init
                0x0000000000014430       0x20 /home/mats/Documents/IDLab/nordic-nrf-nbiot/ncs/nrfxlib/bsdlib/lib/cortex-m33/hard-float/libbsd_nrf9160_xxaa.a(obfuscated.elf)
                0x0000000000014430                bsd_init
 .text.mbedtls_pk_init
                0x0000000000014450        0xc /home/mats/Documents/IDLab/nordic-nrf-nbiot/ncs/nrfxlib/bsdlib/lib/cortex-m33/hard-float/libbsd_nrf9160_xxaa.a(obfuscated.elf)
                0x0000000000014450                symbol_000fa2a
 .text.mbedtls_pk_info_from_type
                0x000000000001445c       0x1c /home/mats/Documents/IDLab/nordic-nrf-nbiot/ncs/nrfxlib/bsdlib/lib/cortex-m33/hard-float/libbsd_nrf9160_xxaa.a(obfuscated.elf)
                0x000000000001445c                symbol_00066b4
 .text.mbedtls_pk_setup
                0x0000000000014478       0x30 /home/mats/Documents/IDLab/nordic-nrf-nbiot/ncs/nrfxlib/bsdlib/lib/cortex-m33/hard-float/libbsd_nrf9160_xxaa.a(obfuscated.elf)
                0x0000000000014478                symbol_000194a
 .text.mbedtls_pk_get_type
                0x00000000000144a8        0xc /home/mats/Documents/IDLab/nordic-nrf-nbiot/ncs/nrfxlib/bsdlib/lib/cortex-m33/hard-float/libbsd_nrf9160_xxaa.a(obfuscated.elf)
                0x00000000000144a8                symbol_00005ae
 .text.rpc_transport_ipc_rx_init
                0x00000000000144b4      0x240 /home/mats/Documents/IDLab/nordic-nrf-nbiot/ncs/nrfxlib/bsdlib/lib/cortex-m33/hard-float/libbsd_nrf9160_xxaa.a(obfuscated.elf)
                0x00000000000144b4                rpc_transport_ipc_rx_init
 .text.IPC_IRQHandler
                0x00000000000146f4      0x3dc /home/mats/Documents/IDLab/nordic-nrf-nbiot/ncs/nrfxlib/bsdlib/lib/cortex-m33/hard-float/libbsd_nrf9160_xxaa.a(obfuscated.elf)
                0x00000000000146f4                IPC_IRQHandler
 .text.rpc_transport_msg_free
                0x0000000000014ad0       0x6c /home/mats/Documents/IDLab/nordic-nrf-nbiot/ncs/nrfxlib/bsdlib/lib/cortex-m33/hard-float/libbsd_nrf9160_xxaa.a(obfuscated.elf)
                0x0000000000014ad0                rpc_transport_msg_free
 .text.block_cipher_df
                0x0000000000014b3c      0x248 /home/mats/Documents/IDLab/nordic-nrf-nbiot/ncs/nrfxlib/bsdlib/lib/cortex-m33/hard-float/libbsd_nrf9160_xxaa.a(obfuscated.elf)
 .text.mbedtls_ctr_drbg_init
                0x0000000000014d84        0xc /home/mats/Documents/IDLab/nordic-nrf-nbiot/ncs/nrfxlib/bsdlib/lib/cortex-m33/hard-float/libbsd_nrf9160_xxaa.a(obfuscated.elf)
                0x0000000000014d84                symbol_000078b
 .text.mbedtls_ctr_drbg_free
                0x0000000000014d90       0x1c /home/mats/Documents/IDLab/nordic-nrf-nbiot/ncs/nrfxlib/bsdlib/lib/cortex-m33/hard-float/libbsd_nrf9160_xxaa.a(obfuscated.elf)
                0x0000000000014d90                symbol_0001c64
 .text.mbedtls_ctr_drbg_reseed
                0x0000000000014dac      0x1dc /home/mats/Documents/IDLab/nordic-nrf-nbiot/ncs/nrfxlib/bsdlib/lib/cortex-m33/hard-float/libbsd_nrf9160_xxaa.a(obfuscated.elf)
                0x0000000000014dac                symbol_000ccf0
 .text.mbedtls_ctr_drbg_seed
                0x0000000000014f88       0x50 /home/mats/Documents/IDLab/nordic-nrf-nbiot/ncs/nrfxlib/bsdlib/lib/cortex-m33/hard-float/libbsd_nrf9160_xxaa.a(obfuscated.elf)
                0x0000000000014f88                symbol_0001e1e
 .text.mbedtls_ctr_drbg_random
                0x0000000000014fd8      0x468 /home/mats/Documents/IDLab/nordic-nrf-nbiot/ncs/nrfxlib/bsdlib/lib/cortex-m33/hard-float/libbsd_nrf9160_xxaa.a(obfuscated.elf)
                0x0000000000014fd8                symbol_000268c
 .text.packet_handler_create
                0x0000000000015440       0x40 /home/mats/Documents/IDLab/nordic-nrf-nbiot/ncs/nrfxlib/bsdlib/lib/cortex-m33/hard-float/libbsd_nrf9160_xxaa.a(obfuscated.elf)
                0x0000000000015440                packet_handler_create
 .text.packet_handler_delete
                0x0000000000015480       0x1c /home/mats/Documents/IDLab/nordic-nrf-nbiot/ncs/nrfxlib/bsdlib/lib/cortex-m33/hard-float/libbsd_nrf9160_xxaa.a(obfuscated.elf)
                0x0000000000015480                packet_handler_delete
 .text.mbedtls_ecp_group_load
                0x000000000001549c       0x84 /home/mats/Documents/IDLab/nordic-nrf-nbiot/ncs/nrfxlib/bsdlib/lib/cortex-m33/hard-float/libbsd_nrf9160_xxaa.a(obfuscated.elf)
                0x000000000001549c                symbol_0002469
 .text.secure_client_socket
                0x0000000000015520       0xd8 /home/mats/Documents/IDLab/nordic-nrf-nbiot/ncs/nrfxlib/bsdlib/lib/cortex-m33/hard-float/libbsd_nrf9160_xxaa.a(obfuscated.elf)
 .text.tls_interface_init
                0x00000000000155f8        0x4 /home/mats/Documents/IDLab/nordic-nrf-nbiot/ncs/nrfxlib/bsdlib/lib/cortex-m33/hard-float/libbsd_nrf9160_xxaa.a(obfuscated.elf)
                0x00000000000155f8                tls_interface_init
 .text.tls_interface_open
                0x00000000000155fc       0x98 /home/mats/Documents/IDLab/nordic-nrf-nbiot/ncs/nrfxlib/bsdlib/lib/cortex-m33/hard-float/libbsd_nrf9160_xxaa.a(obfuscated.elf)
                0x00000000000155fc                tls_interface_open
 .text.tls_interface_close
                0x0000000000015694       0x20 /home/mats/Documents/IDLab/nordic-nrf-nbiot/ncs/nrfxlib/bsdlib/lib/cortex-m33/hard-float/libbsd_nrf9160_xxaa.a(obfuscated.elf)
                0x0000000000015694                tls_interface_close
 .text.tls_interface_sendto
                0x00000000000156b4       0xb0 /home/mats/Documents/IDLab/nordic-nrf-nbiot/ncs/nrfxlib/bsdlib/lib/cortex-m33/hard-float/libbsd_nrf9160_xxaa.a(obfuscated.elf)
                0x00000000000156b4                tls_interface_sendto
 .text.tls_interface_recvfrom
                0x0000000000015764       0x94 /home/mats/Documents/IDLab/nordic-nrf-nbiot/ncs/nrfxlib/bsdlib/lib/cortex-m33/hard-float/libbsd_nrf9160_xxaa.a(obfuscated.elf)
                0x0000000000015764                tls_interface_recvfrom
 .text.tls_interface_bind
                0x00000000000157f8       0xd4 /home/mats/Documents/IDLab/nordic-nrf-nbiot/ncs/nrfxlib/bsdlib/lib/cortex-m33/hard-float/libbsd_nrf9160_xxaa.a(obfuscated.elf)
                0x00000000000157f8                tls_interface_bind
 .text.tls_interface_connect
                0x00000000000158cc       0x60 /home/mats/Documents/IDLab/nordic-nrf-nbiot/ncs/nrfxlib/bsdlib/lib/cortex-m33/hard-float/libbsd_nrf9160_xxaa.a(obfuscated.elf)
                0x00000000000158cc                tls_interface_connect
 .text.tls_interface_listen
                0x000000000001592c       0xf0 /home/mats/Documents/IDLab/nordic-nrf-nbiot/ncs/nrfxlib/bsdlib/lib/cortex-m33/hard-float/libbsd_nrf9160_xxaa.a(obfuscated.elf)
                0x000000000001592c                tls_interface_listen
 .text.tls_interface_accept
                0x0000000000015a1c       0xa0 /home/mats/Documents/IDLab/nordic-nrf-nbiot/ncs/nrfxlib/bsdlib/lib/cortex-m33/hard-float/libbsd_nrf9160_xxaa.a(obfuscated.elf)
                0x0000000000015a1c                tls_interface_accept
 .text.tls_interface_setopt
                0x0000000000015abc       0xe8 /home/mats/Documents/IDLab/nordic-nrf-nbiot/ncs/nrfxlib/bsdlib/lib/cortex-m33/hard-float/libbsd_nrf9160_xxaa.a(obfuscated.elf)
                0x0000000000015abc                tls_interface_setopt
 .text.tls_interface_getopt
                0x0000000000015ba4       0xd4 /home/mats/Documents/IDLab/nordic-nrf-nbiot/ncs/nrfxlib/bsdlib/lib/cortex-m33/hard-float/libbsd_nrf9160_xxaa.a(obfuscated.elf)
                0x0000000000015ba4                tls_interface_getopt
 .text.tls_rpc_ip_event_handler
                0x0000000000015c78       0xec /home/mats/Documents/IDLab/nordic-nrf-nbiot/ncs/nrfxlib/bsdlib/lib/cortex-m33/hard-float/libbsd_nrf9160_xxaa.a(obfuscated.elf)
                0x0000000000015c78                tls_rpc_ip_event_handler
 .text.rpc_gnss_serialize_utc
                0x0000000000015d64       0x44 /home/mats/Documents/IDLab/nordic-nrf-nbiot/ncs/nrfxlib/bsdlib/lib/cortex-m33/hard-float/libbsd_nrf9160_xxaa.a(obfuscated.elf)
                0x0000000000015d64                rpc_gnss_serialize_utc
 .text.rpc_gnss_serialize_ephe
                0x0000000000015da8       0xa4 /home/mats/Documents/IDLab/nordic-nrf-nbiot/ncs/nrfxlib/bsdlib/lib/cortex-m33/hard-float/libbsd_nrf9160_xxaa.a(obfuscated.elf)
                0x0000000000015da8                rpc_gnss_serialize_ephe
 .text.rpc_gnss_serialize_alm
                0x0000000000015e4c       0x64 /home/mats/Documents/IDLab/nordic-nrf-nbiot/ncs/nrfxlib/bsdlib/lib/cortex-m33/hard-float/libbsd_nrf9160_xxaa.a(obfuscated.elf)
                0x0000000000015e4c                rpc_gnss_serialize_alm
 .text.rpc_gnss_serialize_klob
                0x0000000000015eb0       0x48 /home/mats/Documents/IDLab/nordic-nrf-nbiot/ncs/nrfxlib/bsdlib/lib/cortex-m33/hard-float/libbsd_nrf9160_xxaa.a(obfuscated.elf)
                0x0000000000015eb0                rpc_gnss_serialize_klob
 .text.rpc_gnss_serialize_nequick
                0x0000000000015ef8       0x34 /home/mats/Documents/IDLab/nordic-nrf-nbiot/ncs/nrfxlib/bsdlib/lib/cortex-m33/hard-float/libbsd_nrf9160_xxaa.a(obfuscated.elf)
                0x0000000000015ef8                rpc_gnss_serialize_nequick
 .text.rpc_gnss_serialize_time_and_sv_tow
                0x0000000000015f2c       0x50 /home/mats/Documents/IDLab/nordic-nrf-nbiot/ncs/nrfxlib/bsdlib/lib/cortex-m33/hard-float/libbsd_nrf9160_xxaa.a(obfuscated.elf)
                0x0000000000015f2c                rpc_gnss_serialize_time_and_sv_tow
 .text.rpc_gnss_serialize_location
                0x0000000000015f7c       0x40 /home/mats/Documents/IDLab/nordic-nrf-nbiot/ncs/nrfxlib/bsdlib/lib/cortex-m33/hard-float/libbsd_nrf9160_xxaa.a(obfuscated.elf)
                0x0000000000015f7c                rpc_gnss_serialize_location
 .text.rpc_gnss_serialize_integrity
                0x0000000000015fbc       0x1c /home/mats/Documents/IDLab/nordic-nrf-nbiot/ncs/nrfxlib/bsdlib/lib/cortex-m33/hard-float/libbsd_nrf9160_xxaa.a(obfuscated.elf)
                0x0000000000015fbc                rpc_gnss_serialize_integrity
 .text.ipc_trace_init
                0x0000000000015fd8        0xc /home/mats/Documents/IDLab/nordic-nrf-nbiot/ncs/nrfxlib/bsdlib/lib/cortex-m33/hard-float/libbsd_nrf9160_xxaa.a(obfuscated.elf)
                0x0000000000015fd8                ipc_trace_init
 .text.bsd_os_trace_irq_handler
                0x0000000000015fe4      0x1c4 /home/mats/Documents/IDLab/nordic-nrf-nbiot/ncs/nrfxlib/bsdlib/lib/cortex-m33/hard-float/libbsd_nrf9160_xxaa.a(obfuscated.elf)
                0x0000000000015fe4                bsd_os_trace_irq_handler
 .text.ipc_trace_handle
                0x00000000000161a8      0x2dc /home/mats/Documents/IDLab/nordic-nrf-nbiot/ncs/nrfxlib/bsdlib/lib/cortex-m33/hard-float/libbsd_nrf9160_xxaa.a(obfuscated.elf)
                0x00000000000161a8                ipc_trace_handle
 .text.rpc_trace_coredump_in_progress
                0x0000000000016484        0xc /home/mats/Documents/IDLab/nordic-nrf-nbiot/ncs/nrfxlib/bsdlib/lib/cortex-m33/hard-float/libbsd_nrf9160_xxaa.a(obfuscated.elf)
                0x0000000000016484                rpc_trace_coredump_in_progress
 .text.ecp_modp
                0x0000000000016490       0x98 /home/mats/Documents/IDLab/nordic-nrf-nbiot/ncs/nrfxlib/bsdlib/lib/cortex-m33/hard-float/libbsd_nrf9160_xxaa.a(obfuscated.elf)
 .text.ecp_double_jac
                0x0000000000016528      0x4a0 /home/mats/Documents/IDLab/nordic-nrf-nbiot/ncs/nrfxlib/bsdlib/lib/cortex-m33/hard-float/libbsd_nrf9160_xxaa.a(obfuscated.elf)
 .text.ecp_normalize_jac
                0x00000000000169c8       0xd0 /home/mats/Documents/IDLab/nordic-nrf-nbiot/ncs/nrfxlib/bsdlib/lib/cortex-m33/hard-float/libbsd_nrf9160_xxaa.a(obfuscated.elf)
 .text.ecp_normalize_jac_many.part.3
                0x0000000000016a98      0x220 /home/mats/Documents/IDLab/nordic-nrf-nbiot/ncs/nrfxlib/bsdlib/lib/cortex-m33/hard-float/libbsd_nrf9160_xxaa.a(obfuscated.elf)
 .text.mbedtls_ecp_keypair_init
                0x0000000000016cb8       0x34 /home/mats/Documents/IDLab/nordic-nrf-nbiot/ncs/nrfxlib/bsdlib/lib/cortex-m33/hard-float/libbsd_nrf9160_xxaa.a(obfuscated.elf)
                0x0000000000016cb8                symbol_0002b14
 .text.mbedtls_ecp_group_free
                0x0000000000016cec       0x98 /home/mats/Documents/IDLab/nordic-nrf-nbiot/ncs/nrfxlib/bsdlib/lib/cortex-m33/hard-float/libbsd_nrf9160_xxaa.a(obfuscated.elf)
                0x0000000000016cec                symbol_0000ef7
 .text.mbedtls_ecp_keypair_free
                0x0000000000016d84       0x30 /home/mats/Documents/IDLab/nordic-nrf-nbiot/ncs/nrfxlib/bsdlib/lib/cortex-m33/hard-float/libbsd_nrf9160_xxaa.a(obfuscated.elf)
                0x0000000000016d84                symbol_0001d5f
 .text.mbedtls_ecp_set_zero
                0x0000000000016db4       0x2c /home/mats/Documents/IDLab/nordic-nrf-nbiot/ncs/nrfxlib/bsdlib/lib/cortex-m33/hard-float/libbsd_nrf9160_xxaa.a(obfuscated.elf)
                0x0000000000016db4                symbol_000d41f
 .text.ecp_add_mixed
                0x0000000000016de0      0x448 /home/mats/Documents/IDLab/nordic-nrf-nbiot/ncs/nrfxlib/bsdlib/lib/cortex-m33/hard-float/libbsd_nrf9160_xxaa.a(obfuscated.elf)
 .text.ecp_mul_comb
                0x0000000000017228      0x76c /home/mats/Documents/IDLab/nordic-nrf-nbiot/ncs/nrfxlib/bsdlib/lib/cortex-m33/hard-float/libbsd_nrf9160_xxaa.a(obfuscated.elf)
 .text.mbedtls_ecp_point_write_binary
                0x0000000000017994       0xa4 /home/mats/Documents/IDLab/nordic-nrf-nbiot/ncs/nrfxlib/bsdlib/lib/cortex-m33/hard-float/libbsd_nrf9160_xxaa.a(obfuscated.elf)
                0x0000000000017994                symbol_000637b
 .text.mbedtls_ecp_point_read_binary
                0x0000000000017a38       0x94 /home/mats/Documents/IDLab/nordic-nrf-nbiot/ncs/nrfxlib/bsdlib/lib/cortex-m33/hard-float/libbsd_nrf9160_xxaa.a(obfuscated.elf)
                0x0000000000017a38                symbol_0007a22
 .text.mbedtls_ecp_check_pubkey
                0x0000000000017acc      0x1a8 /home/mats/Documents/IDLab/nordic-nrf-nbiot/ncs/nrfxlib/bsdlib/lib/cortex-m33/hard-float/libbsd_nrf9160_xxaa.a(obfuscated.elf)
                0x0000000000017acc                symbol_000e8bc
 .text.mbedtls_ecp_check_pub_priv
                0x0000000000017c74      0x1bc /home/mats/Documents/IDLab/nordic-nrf-nbiot/ncs/nrfxlib/bsdlib/lib/cortex-m33/hard-float/libbsd_nrf9160_xxaa.a(obfuscated.elf)
                0x0000000000017c74                symbol_0001f66
 .text.interface_init
                0x0000000000017e30       0x18 /home/mats/Documents/IDLab/nordic-nrf-nbiot/ncs/nrfxlib/bsdlib/lib/cortex-m33/hard-float/libbsd_nrf9160_xxaa.a(obfuscated.elf)
                0x0000000000017e30                interface_init
 .text.interface_socket_allocate
                0x0000000000017e48       0xac /home/mats/Documents/IDLab/nordic-nrf-nbiot/ncs/nrfxlib/bsdlib/lib/cortex-m33/hard-float/libbsd_nrf9160_xxaa.a(obfuscated.elf)
                0x0000000000017e48                interface_socket_allocate
 .text.interface_socket_free
                0x0000000000017ef4       0x2c /home/mats/Documents/IDLab/nordic-nrf-nbiot/ncs/nrfxlib/bsdlib/lib/cortex-m33/hard-float/libbsd_nrf9160_xxaa.a(obfuscated.elf)
                0x0000000000017ef4                interface_socket_free
 .text.interface_socket_packet_handler_update
                0x0000000000017f20       0x70 /home/mats/Documents/IDLab/nordic-nrf-nbiot/ncs/nrfxlib/bsdlib/lib/cortex-m33/hard-float/libbsd_nrf9160_xxaa.a(obfuscated.elf)
                0x0000000000017f20                interface_socket_packet_handler_update
 .text.interface_socket_wait
                0x0000000000017f90       0x44 /home/mats/Documents/IDLab/nordic-nrf-nbiot/ncs/nrfxlib/bsdlib/lib/cortex-m33/hard-float/libbsd_nrf9160_xxaa.a(obfuscated.elf)
                0x0000000000017f90                interface_socket_wait
 .text.interface_from_internal_id_search
                0x0000000000017fd4       0x94 /home/mats/Documents/IDLab/nordic-nrf-nbiot/ncs/nrfxlib/bsdlib/lib/cortex-m33/hard-float/libbsd_nrf9160_xxaa.a(obfuscated.elf)
                0x0000000000017fd4                interface_from_internal_id_search
 .text.interface_socket_from_handle_get
                0x0000000000018068       0x1c /home/mats/Documents/IDLab/nordic-nrf-nbiot/ncs/nrfxlib/bsdlib/lib/cortex-m33/hard-float/libbsd_nrf9160_xxaa.a(obfuscated.elf)
                0x0000000000018068                interface_socket_from_handle_get
 .text.interface_socket_event_get
                0x0000000000018084       0x34 /home/mats/Documents/IDLab/nordic-nrf-nbiot/ncs/nrfxlib/bsdlib/lib/cortex-m33/hard-float/libbsd_nrf9160_xxaa.a(obfuscated.elf)
                0x0000000000018084                interface_socket_event_get
 .text.interface_socket_setopt
                0x00000000000180b8       0x6c /home/mats/Documents/IDLab/nordic-nrf-nbiot/ncs/nrfxlib/bsdlib/lib/cortex-m33/hard-float/libbsd_nrf9160_xxaa.a(obfuscated.elf)
                0x00000000000180b8                interface_socket_setopt
 .text.interface_socket_getopt
                0x0000000000018124       0x5c /home/mats/Documents/IDLab/nordic-nrf-nbiot/ncs/nrfxlib/bsdlib/lib/cortex-m33/hard-float/libbsd_nrf9160_xxaa.a(obfuscated.elf)
                0x0000000000018124                interface_socket_getopt
 .text.interface_socket_fcntl
                0x0000000000018180       0x54 /home/mats/Documents/IDLab/nordic-nrf-nbiot/ncs/nrfxlib/bsdlib/lib/cortex-m33/hard-float/libbsd_nrf9160_xxaa.a(obfuscated.elf)
                0x0000000000018180                interface_socket_fcntl
 .text.mbedtls_pem_write_buffer
                0x00000000000181d4       0xfc /home/mats/Documents/IDLab/nordic-nrf-nbiot/ncs/nrfxlib/bsdlib/lib/cortex-m33/hard-float/libbsd_nrf9160_xxaa.a(obfuscated.elf)
                0x00000000000181d4                symbol_00026c2
 .text.ip_recvd_packet_free_cb
                0x00000000000182d0       0x18 /home/mats/Documents/IDLab/nordic-nrf-nbiot/ncs/nrfxlib/bsdlib/lib/cortex-m33/hard-float/libbsd_nrf9160_xxaa.a(obfuscated.elf)
 .text.rpc_error_to_nrf_bsd_error
                0x00000000000182e8       0x14 /home/mats/Documents/IDLab/nordic-nrf-nbiot/ncs/nrfxlib/bsdlib/lib/cortex-m33/hard-float/libbsd_nrf9160_xxaa.a(obfuscated.elf)
                0x00000000000182e8                rpc_error_to_nrf_bsd_error
 .text.ip_interface_request_create
                0x00000000000182fc       0x40 /home/mats/Documents/IDLab/nordic-nrf-nbiot/ncs/nrfxlib/bsdlib/lib/cortex-m33/hard-float/libbsd_nrf9160_xxaa.a(obfuscated.elf)
                0x00000000000182fc                ip_interface_request_create
 .text.ip_interface_request_send
                0x000000000001833c       0x28 /home/mats/Documents/IDLab/nordic-nrf-nbiot/ncs/nrfxlib/bsdlib/lib/cortex-m33/hard-float/libbsd_nrf9160_xxaa.a(obfuscated.elf)
                0x000000000001833c                ip_interface_request_send
 .text.ip_interface_wait
                0x0000000000018364       0x28 /home/mats/Documents/IDLab/nordic-nrf-nbiot/ncs/nrfxlib/bsdlib/lib/cortex-m33/hard-float/libbsd_nrf9160_xxaa.a(obfuscated.elf)
                0x0000000000018364                ip_interface_wait
 .text.ip_interface_init
                0x000000000001838c       0x30 /home/mats/Documents/IDLab/nordic-nrf-nbiot/ncs/nrfxlib/bsdlib/lib/cortex-m33/hard-float/libbsd_nrf9160_xxaa.a(obfuscated.elf)
                0x000000000001838c                ip_interface_init
 .text.ip_interface_open
                0x00000000000183bc      0x158 /home/mats/Documents/IDLab/nordic-nrf-nbiot/ncs/nrfxlib/bsdlib/lib/cortex-m33/hard-float/libbsd_nrf9160_xxaa.a(obfuscated.elf)
                0x00000000000183bc                ip_interface_open
 .text.ip_interface_close
                0x0000000000018514       0xe0 /home/mats/Documents/IDLab/nordic-nrf-nbiot/ncs/nrfxlib/bsdlib/lib/cortex-m33/hard-float/libbsd_nrf9160_xxaa.a(obfuscated.elf)
                0x0000000000018514                ip_interface_close
 .text.ip_interface_sendto
                0x00000000000185f4      0x274 /home/mats/Documents/IDLab/nordic-nrf-nbiot/ncs/nrfxlib/bsdlib/lib/cortex-m33/hard-float/libbsd_nrf9160_xxaa.a(obfuscated.elf)
                0x00000000000185f4                ip_interface_sendto
 .text.ip_interface_recvfrom
                0x0000000000018868      0x258 /home/mats/Documents/IDLab/nordic-nrf-nbiot/ncs/nrfxlib/bsdlib/lib/cortex-m33/hard-float/libbsd_nrf9160_xxaa.a(obfuscated.elf)
                0x0000000000018868                ip_interface_recvfrom
 .text.ip_interface_connect
                0x0000000000018ac0      0x154 /home/mats/Documents/IDLab/nordic-nrf-nbiot/ncs/nrfxlib/bsdlib/lib/cortex-m33/hard-float/libbsd_nrf9160_xxaa.a(obfuscated.elf)
                0x0000000000018ac0                ip_interface_connect
 .text.ip_interface_bind
                0x0000000000018c14      0x12c /home/mats/Documents/IDLab/nordic-nrf-nbiot/ncs/nrfxlib/bsdlib/lib/cortex-m33/hard-float/libbsd_nrf9160_xxaa.a(obfuscated.elf)
                0x0000000000018c14                ip_interface_bind
 .text.ip_interface_listen
                0x0000000000018d40       0xec /home/mats/Documents/IDLab/nordic-nrf-nbiot/ncs/nrfxlib/bsdlib/lib/cortex-m33/hard-float/libbsd_nrf9160_xxaa.a(obfuscated.elf)
                0x0000000000018d40                ip_interface_listen
 .text.ip_interface_accept
                0x0000000000018e2c      0x270 /home/mats/Documents/IDLab/nordic-nrf-nbiot/ncs/nrfxlib/bsdlib/lib/cortex-m33/hard-float/libbsd_nrf9160_xxaa.a(obfuscated.elf)
                0x0000000000018e2c                ip_interface_accept
 .text.ip_interface_setopt
                0x000000000001909c      0x178 /home/mats/Documents/IDLab/nordic-nrf-nbiot/ncs/nrfxlib/bsdlib/lib/cortex-m33/hard-float/libbsd_nrf9160_xxaa.a(obfuscated.elf)
                0x000000000001909c                ip_interface_setopt
 .text.ip_interface_getopt
                0x0000000000019214        0x4 /home/mats/Documents/IDLab/nordic-nrf-nbiot/ncs/nrfxlib/bsdlib/lib/cortex-m33/hard-float/libbsd_nrf9160_xxaa.a(obfuscated.elf)
                0x0000000000019214                ip_interface_getopt
 .text.ip_interface_getaddrinfo
                0x0000000000019218      0x1ec /home/mats/Documents/IDLab/nordic-nrf-nbiot/ncs/nrfxlib/bsdlib/lib/cortex-m33/hard-float/libbsd_nrf9160_xxaa.a(obfuscated.elf)
                0x0000000000019218                ip_interface_getaddrinfo
 .text.ip_interface_freeaddrinfo
                0x0000000000019404       0x3c /home/mats/Documents/IDLab/nordic-nrf-nbiot/ncs/nrfxlib/bsdlib/lib/cortex-m33/hard-float/libbsd_nrf9160_xxaa.a(obfuscated.elf)
                0x0000000000019404                ip_interface_freeaddrinfo
 .text.rpc_ip_event_handler
                0x0000000000019440      0x4d0 /home/mats/Documents/IDLab/nordic-nrf-nbiot/ncs/nrfxlib/bsdlib/lib/cortex-m33/hard-float/libbsd_nrf9160_xxaa.a(obfuscated.elf)
                0x0000000000019440                rpc_ip_event_handler
 .text.rpc_logobj_client_evt_handler
                0x0000000000019910       0x10 /home/mats/Documents/IDLab/nordic-nrf-nbiot/ncs/nrfxlib/bsdlib/lib/cortex-m33/hard-float/libbsd_nrf9160_xxaa.a(obfuscated.elf)
 .text.rpc_logobj_client_init
                0x0000000000019920        0xc /home/mats/Documents/IDLab/nordic-nrf-nbiot/ncs/nrfxlib/bsdlib/lib/cortex-m33/hard-float/libbsd_nrf9160_xxaa.a(obfuscated.elf)
                0x0000000000019920                rpc_logobj_client_init
 .text.rpc_logobj_client_request_alloc
                0x000000000001992c       0x30 /home/mats/Documents/IDLab/nordic-nrf-nbiot/ncs/nrfxlib/bsdlib/lib/cortex-m33/hard-float/libbsd_nrf9160_xxaa.a(obfuscated.elf)
                0x000000000001992c                rpc_logobj_client_request_alloc
 .text.rpc_logobj_client_request_send
                0x000000000001995c       0x2c /home/mats/Documents/IDLab/nordic-nrf-nbiot/ncs/nrfxlib/bsdlib/lib/cortex-m33/hard-float/libbsd_nrf9160_xxaa.a(obfuscated.elf)
                0x000000000001995c                rpc_logobj_client_request_send
 .text.rpc_logobj_client_message_free
                0x0000000000019988       0x10 /home/mats/Documents/IDLab/nordic-nrf-nbiot/ncs/nrfxlib/bsdlib/lib/cortex-m33/hard-float/libbsd_nrf9160_xxaa.a(obfuscated.elf)
                0x0000000000019988                rpc_logobj_client_message_free
 .text.rpc_logobj_client_data_free
                0x0000000000019998       0x10 /home/mats/Documents/IDLab/nordic-nrf-nbiot/ncs/nrfxlib/bsdlib/lib/cortex-m33/hard-float/libbsd_nrf9160_xxaa.a(obfuscated.elf)
                0x0000000000019998                rpc_logobj_client_data_free
 .text.datagram_handler_init
                0x00000000000199a8       0x1c /home/mats/Documents/IDLab/nordic-nrf-nbiot/ncs/nrfxlib/bsdlib/lib/cortex-m33/hard-float/libbsd_nrf9160_xxaa.a(obfuscated.elf)
                0x00000000000199a8                datagram_handler_init
 .text.datagram_handler_put
                0x00000000000199c4       0x40 /home/mats/Documents/IDLab/nordic-nrf-nbiot/ncs/nrfxlib/bsdlib/lib/cortex-m33/hard-float/libbsd_nrf9160_xxaa.a(obfuscated.elf)
                0x00000000000199c4                datagram_handler_put
 .text.datagram_handler_get
                0x0000000000019a04       0x8c /home/mats/Documents/IDLab/nordic-nrf-nbiot/ncs/nrfxlib/bsdlib/lib/cortex-m33/hard-float/libbsd_nrf9160_xxaa.a(obfuscated.elf)
                0x0000000000019a04                datagram_handler_get
 .text.datagram_handler_available
                0x0000000000019a90       0x14 /home/mats/Documents/IDLab/nordic-nrf-nbiot/ncs/nrfxlib/bsdlib/lib/cortex-m33/hard-float/libbsd_nrf9160_xxaa.a(obfuscated.elf)
                0x0000000000019a90                datagram_handler_available
 .text.datagram_handler_flush
                0x0000000000019aa4       0x48 /home/mats/Documents/IDLab/nordic-nrf-nbiot/ncs/nrfxlib/bsdlib/lib/cortex-m33/hard-float/libbsd_nrf9160_xxaa.a(obfuscated.elf)
                0x0000000000019aa4                datagram_handler_flush
 .text.datagram_handler_free
                0x0000000000019aec       0x4c /home/mats/Documents/IDLab/nordic-nrf-nbiot/ncs/nrfxlib/bsdlib/lib/cortex-m33/hard-float/libbsd_nrf9160_xxaa.a(obfuscated.elf)
                0x0000000000019aec                datagram_handler_free
 .text.linked_list_init
                0x0000000000019b38       0x14 /home/mats/Documents/IDLab/nordic-nrf-nbiot/ncs/nrfxlib/bsdlib/lib/cortex-m33/hard-float/libbsd_nrf9160_xxaa.a(obfuscated.elf)
                0x0000000000019b38                linked_list_init
 .text.linked_list_push
                0x0000000000019b4c       0x2c /home/mats/Documents/IDLab/nordic-nrf-nbiot/ncs/nrfxlib/bsdlib/lib/cortex-m33/hard-float/libbsd_nrf9160_xxaa.a(obfuscated.elf)
                0x0000000000019b4c                linked_list_push
 .text.linked_list_pop
                0x0000000000019b78       0x14 /home/mats/Documents/IDLab/nordic-nrf-nbiot/ncs/nrfxlib/bsdlib/lib/cortex-m33/hard-float/libbsd_nrf9160_xxaa.a(obfuscated.elf)
                0x0000000000019b78                linked_list_pop
 .text.linked_list_peek
                0x0000000000019b8c        0xc /home/mats/Documents/IDLab/nordic-nrf-nbiot/ncs/nrfxlib/bsdlib/lib/cortex-m33/hard-float/libbsd_nrf9160_xxaa.a(obfuscated.elf)
                0x0000000000019b8c                linked_list_peek
 .text.linked_list_size_get
                0x0000000000019b98        0x4 /home/mats/Documents/IDLab/nordic-nrf-nbiot/ncs/nrfxlib/bsdlib/lib/cortex-m33/hard-float/libbsd_nrf9160_xxaa.a(obfuscated.elf)
                0x0000000000019b98                linked_list_size_get
 .text.linked_list_get_next
                0x0000000000019b9c        0x4 /home/mats/Documents/IDLab/nordic-nrf-nbiot/ncs/nrfxlib/bsdlib/lib/cortex-m33/hard-float/libbsd_nrf9160_xxaa.a(obfuscated.elf)
                0x0000000000019b9c                linked_list_get_next
 .text.rpc_transport_ipc_tx_init
                0x0000000000019ba0      0x1d4 /home/mats/Documents/IDLab/nordic-nrf-nbiot/ncs/nrfxlib/bsdlib/lib/cortex-m33/hard-float/libbsd_nrf9160_xxaa.a(obfuscated.elf)
                0x0000000000019ba0                rpc_transport_ipc_tx_init
 .text.rpc_transport_ipc_tx_send
                0x0000000000019d74      0x100 /home/mats/Documents/IDLab/nordic-nrf-nbiot/ncs/nrfxlib/bsdlib/lib/cortex-m33/hard-float/libbsd_nrf9160_xxaa.a(obfuscated.elf)
                0x0000000000019d74                rpc_transport_ipc_tx_send
 .text.rpc_transport_ipc_tx_rpc_data_alloc
                0x0000000000019e74       0x70 /home/mats/Documents/IDLab/nordic-nrf-nbiot/ncs/nrfxlib/bsdlib/lib/cortex-m33/hard-float/libbsd_nrf9160_xxaa.a(obfuscated.elf)
                0x0000000000019e74                rpc_transport_ipc_tx_rpc_data_alloc
 .text.rpc_transport_ipc_tx_rpc_ctrl_alloc
                0x0000000000019ee4       0x60 /home/mats/Documents/IDLab/nordic-nrf-nbiot/ncs/nrfxlib/bsdlib/lib/cortex-m33/hard-float/libbsd_nrf9160_xxaa.a(obfuscated.elf)
                0x0000000000019ee4                rpc_transport_ipc_tx_rpc_ctrl_alloc
 .text.rpc_transport_ipc_tx_data_alloc
                0x0000000000019f44       0x14 /home/mats/Documents/IDLab/nordic-nrf-nbiot/ncs/nrfxlib/bsdlib/lib/cortex-m33/hard-float/libbsd_nrf9160_xxaa.a(obfuscated.elf)
                0x0000000000019f44                rpc_transport_ipc_tx_data_alloc
 .text.null_handler_init
                0x0000000000019f58        0x4 /home/mats/Documents/IDLab/nordic-nrf-nbiot/ncs/nrfxlib/bsdlib/lib/cortex-m33/hard-float/libbsd_nrf9160_xxaa.a(obfuscated.elf)
                0x0000000000019f58                null_handler_init
 .text.null_handler_put
                0x0000000000019f5c       0x10 /home/mats/Documents/IDLab/nordic-nrf-nbiot/ncs/nrfxlib/bsdlib/lib/cortex-m33/hard-float/libbsd_nrf9160_xxaa.a(obfuscated.elf)
                0x0000000000019f5c                null_handler_put
 .text.null_handler_get
                0x0000000000019f6c        0x8 /home/mats/Documents/IDLab/nordic-nrf-nbiot/ncs/nrfxlib/bsdlib/lib/cortex-m33/hard-float/libbsd_nrf9160_xxaa.a(obfuscated.elf)
                0x0000000000019f6c                null_handler_get
 .text.null_handler_available
                0x0000000000019f74        0x8 /home/mats/Documents/IDLab/nordic-nrf-nbiot/ncs/nrfxlib/bsdlib/lib/cortex-m33/hard-float/libbsd_nrf9160_xxaa.a(obfuscated.elf)
                0x0000000000019f74                null_handler_available
 .text.null_handler_flush
                0x0000000000019f7c        0x4 /home/mats/Documents/IDLab/nordic-nrf-nbiot/ncs/nrfxlib/bsdlib/lib/cortex-m33/hard-float/libbsd_nrf9160_xxaa.a(obfuscated.elf)
                0x0000000000019f7c                null_handler_flush
 .text.null_handler_free
                0x0000000000019f80        0x4 /home/mats/Documents/IDLab/nordic-nrf-nbiot/ncs/nrfxlib/bsdlib/lib/cortex-m33/hard-float/libbsd_nrf9160_xxaa.a(obfuscated.elf)
                0x0000000000019f80                null_handler_free
 .text.rpc_gnss_event_handler
                0x0000000000019f84      0x188 /home/mats/Documents/IDLab/nordic-nrf-nbiot/ncs/nrfxlib/bsdlib/lib/cortex-m33/hard-float/libbsd_nrf9160_xxaa.a(obfuscated.elf)
                0x0000000000019f84                rpc_gnss_event_handler
 .text.gnss_interface_write
                0x000000000001a10c      0x1f0 /home/mats/Documents/IDLab/nordic-nrf-nbiot/ncs/nrfxlib/bsdlib/lib/cortex-m33/hard-float/libbsd_nrf9160_xxaa.a(obfuscated.elf)
                0x000000000001a10c                gnss_interface_write
 .text.gnss_interface_read
                0x000000000001a2fc      0x400 /home/mats/Documents/IDLab/nordic-nrf-nbiot/ncs/nrfxlib/bsdlib/lib/cortex-m33/hard-float/libbsd_nrf9160_xxaa.a(obfuscated.elf)
                0x000000000001a2fc                gnss_interface_read
 .text.gnss_interface_setopt
                0x000000000001a6fc      0x290 /home/mats/Documents/IDLab/nordic-nrf-nbiot/ncs/nrfxlib/bsdlib/lib/cortex-m33/hard-float/libbsd_nrf9160_xxaa.a(obfuscated.elf)
                0x000000000001a6fc                gnss_interface_setopt
 .text.gnss_interface_getopt
                0x000000000001a98c      0x220 /home/mats/Documents/IDLab/nordic-nrf-nbiot/ncs/nrfxlib/bsdlib/lib/cortex-m33/hard-float/libbsd_nrf9160_xxaa.a(obfuscated.elf)
                0x000000000001a98c                gnss_interface_getopt
 .text.gnss_interface_init
                0x000000000001abac       0x3c /home/mats/Documents/IDLab/nordic-nrf-nbiot/ncs/nrfxlib/bsdlib/lib/cortex-m33/hard-float/libbsd_nrf9160_xxaa.a(obfuscated.elf)
                0x000000000001abac                gnss_interface_init
 .text.gnss_interface_open
                0x000000000001abe8       0x70 /home/mats/Documents/IDLab/nordic-nrf-nbiot/ncs/nrfxlib/bsdlib/lib/cortex-m33/hard-float/libbsd_nrf9160_xxaa.a(obfuscated.elf)
                0x000000000001abe8                gnss_interface_open
 .text.gnss_interface_close
                0x000000000001ac58       0x5c /home/mats/Documents/IDLab/nordic-nrf-nbiot/ncs/nrfxlib/bsdlib/lib/cortex-m33/hard-float/libbsd_nrf9160_xxaa.a(obfuscated.elf)
                0x000000000001ac58                gnss_interface_close
 .text.rpc_dfu_event_handler
                0x000000000001acb4       0x2c /home/mats/Documents/IDLab/nordic-nrf-nbiot/ncs/nrfxlib/bsdlib/lib/cortex-m33/hard-float/libbsd_nrf9160_xxaa.a(obfuscated.elf)
                0x000000000001acb4                rpc_dfu_event_handler
 .text.mfu_interface_init
                0x000000000001ace0       0x38 /home/mats/Documents/IDLab/nordic-nrf-nbiot/ncs/nrfxlib/bsdlib/lib/cortex-m33/hard-float/libbsd_nrf9160_xxaa.a(obfuscated.elf)
                0x000000000001ace0                mfu_interface_init
 .text.mfu_interface_open
                0x000000000001ad18       0x3c /home/mats/Documents/IDLab/nordic-nrf-nbiot/ncs/nrfxlib/bsdlib/lib/cortex-m33/hard-float/libbsd_nrf9160_xxaa.a(obfuscated.elf)
                0x000000000001ad18                mfu_interface_open
 .text.mfu_interface_close
                0x000000000001ad54       0xdc /home/mats/Documents/IDLab/nordic-nrf-nbiot/ncs/nrfxlib/bsdlib/lib/cortex-m33/hard-float/libbsd_nrf9160_xxaa.a(obfuscated.elf)
                0x000000000001ad54                mfu_interface_close
 .text.mfu_interface_sendto
                0x000000000001ae30      0x184 /home/mats/Documents/IDLab/nordic-nrf-nbiot/ncs/nrfxlib/bsdlib/lib/cortex-m33/hard-float/libbsd_nrf9160_xxaa.a(obfuscated.elf)
                0x000000000001ae30                mfu_interface_sendto
 .text.mfu_interface_setopt
                0x000000000001afb4      0x130 /home/mats/Documents/IDLab/nordic-nrf-nbiot/ncs/nrfxlib/bsdlib/lib/cortex-m33/hard-float/libbsd_nrf9160_xxaa.a(obfuscated.elf)
                0x000000000001afb4                mfu_interface_setopt
 .text.mfu_interface_getopt
                0x000000000001b0e4      0x1b0 /home/mats/Documents/IDLab/nordic-nrf-nbiot/ncs/nrfxlib/bsdlib/lib/cortex-m33/hard-float/libbsd_nrf9160_xxaa.a(obfuscated.elf)
                0x000000000001b0e4                mfu_interface_getopt
 .text.unimplemented_method
                0x000000000001b294       0x18 /home/mats/Documents/IDLab/nordic-nrf-nbiot/ncs/nrfxlib/bsdlib/lib/cortex-m33/hard-float/libbsd_nrf9160_xxaa.a(obfuscated.elf)
 .text.bsd_platform_init
                0x000000000001b2ac       0xd8 /home/mats/Documents/IDLab/nordic-nrf-nbiot/ncs/nrfxlib/bsdlib/lib/cortex-m33/hard-float/libbsd_nrf9160_xxaa.a(obfuscated.elf)
                0x000000000001b2ac                bsd_platform_init
 .text.bsd_platform_af_method_table_get
                0x000000000001b384       0xa8 /home/mats/Documents/IDLab/nordic-nrf-nbiot/ncs/nrfxlib/bsdlib/lib/cortex-m33/hard-float/libbsd_nrf9160_xxaa.a(obfuscated.elf)
                0x000000000001b384                bsd_platform_af_method_table_get
 .text.bsd_platform_fd_method_table_get
                0x000000000001b42c       0xe0 /home/mats/Documents/IDLab/nordic-nrf-nbiot/ncs/nrfxlib/bsdlib/lib/cortex-m33/hard-float/libbsd_nrf9160_xxaa.a(obfuscated.elf)
                0x000000000001b42c                bsd_platform_fd_method_table_get
 .text.nrf_inbuilt_key_init
                0x000000000001b50c       0x8c /home/mats/Documents/IDLab/nordic-nrf-nbiot/ncs/nrfxlib/bsdlib/lib/cortex-m33/hard-float/libbsd_nrf9160_xxaa.a(obfuscated.elf)
                0x000000000001b50c                nrf_inbuilt_key_init
 .text.mbedtls_platform_zeroize
                0x000000000001b598       0x10 /home/mats/Documents/IDLab/nordic-nrf-nbiot/ncs/nrfxlib/bsdlib/lib/cortex-m33/hard-float/libbsd_nrf9160_xxaa.a(obfuscated.elf)
                0x000000000001b598                symbol_0005436
 .text.mpi_mul_hlp
                0x000000000001b5a8      0x5d4 /home/mats/Documents/IDLab/nordic-nrf-nbiot/ncs/nrfxlib/bsdlib/lib/cortex-m33/hard-float/libbsd_nrf9160_xxaa.a(obfuscated.elf)
 .text.mbedtls_mpi_cmp_mpi.constprop.6
                0x000000000001bb7c       0x84 /home/mats/Documents/IDLab/nordic-nrf-nbiot/ncs/nrfxlib/bsdlib/lib/cortex-m33/hard-float/libbsd_nrf9160_xxaa.a(obfuscated.elf)
 .text.mbedtls_mpi_init
                0x000000000001bc00       0x10 /home/mats/Documents/IDLab/nordic-nrf-nbiot/ncs/nrfxlib/bsdlib/lib/cortex-m33/hard-float/libbsd_nrf9160_xxaa.a(obfuscated.elf)
                0x000000000001bc00                symbol_00038d0
 .text.mbedtls_mpi_free
                0x000000000001bc10       0x34 /home/mats/Documents/IDLab/nordic-nrf-nbiot/ncs/nrfxlib/bsdlib/lib/cortex-m33/hard-float/libbsd_nrf9160_xxaa.a(obfuscated.elf)
                0x000000000001bc10                symbol_000fb6e
 .text.mbedtls_mpi_shrink
                0x000000000001bc44       0xc4 /home/mats/Documents/IDLab/nordic-nrf-nbiot/ncs/nrfxlib/bsdlib/lib/cortex-m33/hard-float/libbsd_nrf9160_xxaa.a(obfuscated.elf)
                0x000000000001bc44                symbol_0006423
 .text.mbedtls_mpi_copy
                0x000000000001bd08       0xdc /home/mats/Documents/IDLab/nordic-nrf-nbiot/ncs/nrfxlib/bsdlib/lib/cortex-m33/hard-float/libbsd_nrf9160_xxaa.a(obfuscated.elf)
                0x000000000001bd08                symbol_00084df
 .text.mbedtls_mpi_sub_abs.constprop.8
                0x000000000001bde4      0x180 /home/mats/Documents/IDLab/nordic-nrf-nbiot/ncs/nrfxlib/bsdlib/lib/cortex-m33/hard-float/libbsd_nrf9160_xxaa.a(obfuscated.elf)
 .text.mbedtls_mpi_safe_cond_assign
                0x000000000001bf64       0xbc /home/mats/Documents/IDLab/nordic-nrf-nbiot/ncs/nrfxlib/bsdlib/lib/cortex-m33/hard-float/libbsd_nrf9160_xxaa.a(obfuscated.elf)
                0x000000000001bf64                symbol_0006ccd
 .text.mbedtls_mpi_lset
                0x000000000001c020       0x74 /home/mats/Documents/IDLab/nordic-nrf-nbiot/ncs/nrfxlib/bsdlib/lib/cortex-m33/hard-float/libbsd_nrf9160_xxaa.a(obfuscated.elf)
                0x000000000001c020                symbol_000b345
 .text.mbedtls_mpi_get_bit
                0x000000000001c094       0x20 /home/mats/Documents/IDLab/nordic-nrf-nbiot/ncs/nrfxlib/bsdlib/lib/cortex-m33/hard-float/libbsd_nrf9160_xxaa.a(obfuscated.elf)
                0x000000000001c094                symbol_0007f0f
 .text.mbedtls_mpi_bitlen
                0x000000000001c0b4       0x5c /home/mats/Documents/IDLab/nordic-nrf-nbiot/ncs/nrfxlib/bsdlib/lib/cortex-m33/hard-float/libbsd_nrf9160_xxaa.a(obfuscated.elf)
                0x000000000001c0b4                symbol_00030c0
 .text.mbedtls_mpi_size
                0x000000000001c110       0x60 /home/mats/Documents/IDLab/nordic-nrf-nbiot/ncs/nrfxlib/bsdlib/lib/cortex-m33/hard-float/libbsd_nrf9160_xxaa.a(obfuscated.elf)
                0x000000000001c110                symbol_000b7da
 .text.mbedtls_mpi_read_binary
                0x000000000001c170      0x124 /home/mats/Documents/IDLab/nordic-nrf-nbiot/ncs/nrfxlib/bsdlib/lib/cortex-m33/hard-float/libbsd_nrf9160_xxaa.a(obfuscated.elf)
                0x000000000001c170                symbol_000eaf4
 .text.mbedtls_mpi_write_binary
                0x000000000001c294       0xa4 /home/mats/Documents/IDLab/nordic-nrf-nbiot/ncs/nrfxlib/bsdlib/lib/cortex-m33/hard-float/libbsd_nrf9160_xxaa.a(obfuscated.elf)
                0x000000000001c294                symbol_000116e
 .text.mbedtls_mpi_shift_l
                0x000000000001c338      0x16c /home/mats/Documents/IDLab/nordic-nrf-nbiot/ncs/nrfxlib/bsdlib/lib/cortex-m33/hard-float/libbsd_nrf9160_xxaa.a(obfuscated.elf)
                0x000000000001c338                symbol_0004fb7
 .text.mbedtls_mpi_shift_r
                0x000000000001c4a4       0xe0 /home/mats/Documents/IDLab/nordic-nrf-nbiot/ncs/nrfxlib/bsdlib/lib/cortex-m33/hard-float/libbsd_nrf9160_xxaa.a(obfuscated.elf)
                0x000000000001c4a4                symbol_0000994
 .text.mbedtls_mpi_cmp_mpi
                0x000000000001c584       0xd0 /home/mats/Documents/IDLab/nordic-nrf-nbiot/ncs/nrfxlib/bsdlib/lib/cortex-m33/hard-float/libbsd_nrf9160_xxaa.a(obfuscated.elf)
                0x000000000001c584                symbol_000242f
 .text.mbedtls_mpi_cmp_int
                0x000000000001c654       0xa8 /home/mats/Documents/IDLab/nordic-nrf-nbiot/ncs/nrfxlib/bsdlib/lib/cortex-m33/hard-float/libbsd_nrf9160_xxaa.a(obfuscated.elf)
                0x000000000001c654                symbol_000ccad
 .text.mbedtls_mpi_add_abs
                0x000000000001c6fc      0x148 /home/mats/Documents/IDLab/nordic-nrf-nbiot/ncs/nrfxlib/bsdlib/lib/cortex-m33/hard-float/libbsd_nrf9160_xxaa.a(obfuscated.elf)
                0x000000000001c6fc                symbol_000c914
 .text.mbedtls_mpi_sub_abs
                0x000000000001c844      0x180 /home/mats/Documents/IDLab/nordic-nrf-nbiot/ncs/nrfxlib/bsdlib/lib/cortex-m33/hard-float/libbsd_nrf9160_xxaa.a(obfuscated.elf)
                0x000000000001c844                symbol_0004fdf
 .text.mbedtls_mpi_add_mpi
                0x000000000001c9c4       0xe8 /home/mats/Documents/IDLab/nordic-nrf-nbiot/ncs/nrfxlib/bsdlib/lib/cortex-m33/hard-float/libbsd_nrf9160_xxaa.a(obfuscated.elf)
                0x000000000001c9c4                symbol_0005cc7
 .text.mbedtls_mpi_sub_mpi
                0x000000000001caac       0xe8 /home/mats/Documents/IDLab/nordic-nrf-nbiot/ncs/nrfxlib/bsdlib/lib/cortex-m33/hard-float/libbsd_nrf9160_xxaa.a(obfuscated.elf)
                0x000000000001caac                symbol_000d773
 .text.mbedtls_mpi_sub_int
                0x000000000001cb94       0x98 /home/mats/Documents/IDLab/nordic-nrf-nbiot/ncs/nrfxlib/bsdlib/lib/cortex-m33/hard-float/libbsd_nrf9160_xxaa.a(obfuscated.elf)
                0x000000000001cb94                symbol_000f268
 .text.mbedtls_mpi_mul_mpi
                0x000000000001cc2c      0x1f0 /home/mats/Documents/IDLab/nordic-nrf-nbiot/ncs/nrfxlib/bsdlib/lib/cortex-m33/hard-float/libbsd_nrf9160_xxaa.a(obfuscated.elf)
                0x000000000001cc2c                symbol_000b923
 .text.mbedtls_mpi_mul_int
                0x000000000001ce1c       0x1c /home/mats/Documents/IDLab/nordic-nrf-nbiot/ncs/nrfxlib/bsdlib/lib/cortex-m33/hard-float/libbsd_nrf9160_xxaa.a(obfuscated.elf)
                0x000000000001ce1c                symbol_0008c0f
 .text.mbedtls_mpi_div_mpi
                0x000000000001ce38      0x784 /home/mats/Documents/IDLab/nordic-nrf-nbiot/ncs/nrfxlib/bsdlib/lib/cortex-m33/hard-float/libbsd_nrf9160_xxaa.a(obfuscated.elf)
                0x000000000001ce38                symbol_0007bb0
 .text.mbedtls_mpi_mod_mpi
                0x000000000001d5bc      0x264 /home/mats/Documents/IDLab/nordic-nrf-nbiot/ncs/nrfxlib/bsdlib/lib/cortex-m33/hard-float/libbsd_nrf9160_xxaa.a(obfuscated.elf)
                0x000000000001d5bc                symbol_000dbba
 .text.mbedtls_mpi_gcd
                0x000000000001d820      0x2e4 /home/mats/Documents/IDLab/nordic-nrf-nbiot/ncs/nrfxlib/bsdlib/lib/cortex-m33/hard-float/libbsd_nrf9160_xxaa.a(obfuscated.elf)
                0x000000000001d820                symbol_0005f38
 .text.mbedtls_mpi_fill_random
                0x000000000001db04      0x164 /home/mats/Documents/IDLab/nordic-nrf-nbiot/ncs/nrfxlib/bsdlib/lib/cortex-m33/hard-float/libbsd_nrf9160_xxaa.a(obfuscated.elf)
                0x000000000001db04                symbol_000644e
 .text.mbedtls_mpi_inv_mod
                0x000000000001dc68      0x47c /home/mats/Documents/IDLab/nordic-nrf-nbiot/ncs/nrfxlib/bsdlib/lib/cortex-m33/hard-float/libbsd_nrf9160_xxaa.a(obfuscated.elf)
                0x000000000001dc68                symbol_0004482
 .text.entropy_callback
                0x000000000001e0e4       0x34 /home/mats/Documents/IDLab/nordic-nrf-nbiot/ncs/nrfxlib/bsdlib/lib/cortex-m33/hard-float/libbsd_nrf9160_xxaa.a(obfuscated.elf)
 .text.es256_key_generate
                0x000000000001e118       0xfc /home/mats/Documents/IDLab/nordic-nrf-nbiot/ncs/nrfxlib/bsdlib/lib/cortex-m33/hard-float/libbsd_nrf9160_xxaa.a(obfuscated.elf)
                0x000000000001e118                es256_key_generate
 .text.bsd_os_application_irq_handler
                0x000000000001e214       0xe0 /home/mats/Documents/IDLab/nordic-nrf-nbiot/ncs/nrfxlib/bsdlib/lib/cortex-m33/hard-float/libbsd_nrf9160_xxaa.a(obfuscated.elf)
                0x000000000001e214                bsd_os_application_irq_handler
 .text.rpc_framework_init
                0x000000000001e2f4       0x14 /home/mats/Documents/IDLab/nordic-nrf-nbiot/ncs/nrfxlib/bsdlib/lib/cortex-m33/hard-float/libbsd_nrf9160_xxaa.a(obfuscated.elf)
                0x000000000001e2f4                rpc_framework_init
 .text.rpc_client_register
                0x000000000001e308       0xd4 /home/mats/Documents/IDLab/nordic-nrf-nbiot/ncs/nrfxlib/bsdlib/lib/cortex-m33/hard-float/libbsd_nrf9160_xxaa.a(obfuscated.elf)
                0x000000000001e308                rpc_client_register